=~=~=~=~=~=~=~=~=~=~=~= PuTTY log 2024.05.16 21:27:47 =~=~=~=~=~=~=~=~=~=~=~=
NOTICE:  Booting Trusted Firmware - Realtek Semiconductor Corp.
NOTICE:  BL1: v1.5(release):TAURUS_TAPEOUT_2_0
NOTICE:  BL1: Built : 17:13:20, Oct 27 2021
NOTICE:  BL1: CPU Speed 1000 MHz
NOTICE:  GLOBAL_STRAP 0xc0a
NOTICE:  boot from serial NAND flash
NOTICE:  SPI_NAND: W25N02KV 0xefaa22
NOTICE:  SPI_NAND: Page 0x800, Block 0x20000, Chip 256MB
NOTICE:  Platform initialized
NOTICE:  ROTPK undeployed
NOTICE:  BL1: Booting BL2
NOTICE:  BL2: RTL9607DQ CPU Speed 1000 MHz
NOTICE:  boot from serial NAND flash
NOTICE:  BL2: SPI_NAND: W25N02KVZEIE 0xefaa22
NOTICE:  BL2: SPI_NAND: Page 0x800, Block 0x20000, Chip 256MB

##### DRAM driver version(TAURUS): V0.6.8 #####
INFO: package = BGA 15x15
INFO: dram_type = 3
INFO: dram_freq = 933
INFO: dram_dq = 16
INFO: PLL: DRAM freq.=933
INFO: RZQ: RZQ_480CODE=0x11
INFO: ZQ: CK   , OCD=0x128, ODT=0x028 PAD_ZCTRL_RESULT=0x170e2b1b
INFO: ZQ: CA   , OCD=0x11e, ODT=0x010 PAD_ZCTRL_RESULT=0x0a062618
INFO: ZQ: DQ   , OCD=0x030, ODT=0x014 PAD_ZCTRL_RESULT=0x0b071a10
INFO: ZQ: DQS  , OCD=0x114, ODT=0x014 PAD_ZCTRL_RESULT=0x0c072014
INFO: ZQ: DQS_H, OCD=0x11e, ODT=0x010 PAD_ZCTRL_RESULT=0x0a062618
INFO: ZQ: DQS_L, OCD=0x020, ODT=0x008 PAD_ZCTRL_RESULT=0x0503120b
INFO: DRAM refresh time is 7800 ns
INFO: ===Write leveling===
INFO: (TX) Write leveling CK PI right move 2 taps
INFO: (TX) DQS_0 PI right moves 1
INFO: (TX) DQS_1 PI right moves 2
INFO: ===DQS_0 gating training===
INFO: TM_DQS_EN = 3
INFO: ===DQS_1 gating training===
INFO: TM_DQS_EN = 3
INFO: ===RX DQS delay scan===
INFO: (RX) DQ delay 00 rising : 05 ~ 30, set 17 taps
INFO: (RX) DQ delay 01 rising : 04 ~ 27, set 15 taps
INFO: (RX) DQ delay 02 rising : 05 ~ 31, set 18 taps
INFO: (RX) DQ delay 03 rising : 02 ~ 28, set 15 taps
INFO: (RX) DQ delay 04 rising : 04 ~ 29, set 16 taps
INFO: (RX) DQ delay 05 rising : 03 ~ 29, set 16 taps
INFO: (RX) DQ delay 06 rising : 04 ~ 28, set 16 taps
INFO: (RX) DQ delay 07 rising : 04 ~ 30, set 17 taps
INFO: (RX) DQ delay 08 rising : 01 ~ 26, set 13 taps
INFO: (RX) DQ delay 09 rising : 01 ~ 27, set 14 taps
INFO: (RX) DQ delay 10 rising : 00 ~ 27, set 13 taps
INFO: (RX) DQ delay 11 rising : 02 ~ 26, set 14 taps
INFO: (RX) DQ delay 12 rising : 02 ~ 28, set 15 taps
INFO: (RX) DQ delay 13 rising : 03 ~ 28, set 15 taps
INFO: (RX) DQ delay 14 rising : 02 ~ 28, set 15 taps
INFO: (RX) DQ delay 15 rising : 04 ~ 29, set 16 taps
INFO: (RX) DQ delay 00 falling: 07 ~ 29, set 18 taps
INFO: (RX) DQ delay 01 falling: 04 ~ 26, set 15 taps
INFO: (RX) DQ delay 02 falling: 07 ~ 29, set 18 taps
INFO: (RX) DQ delay 03 falling: 05 ~ 26, set 15 taps
INFO: (RX) DQ delay 04 falling: 07 ~ 26, set 16 taps
INFO: (RX) DQ delay 05 falling: 05 ~ 28, set 16 taps
INFO: (RX) DQ delay 06 falling: 06 ~ 27, set 16 taps
INFO: (RX) DQ delay 07 falling: 06 ~ 26, set 16 taps
INFO: (RX) DQ delay 08 falling: 05 ~ 24, set 14 taps
INFO: (RX) DQ delay 09 falling: 03 ~ 25, set 14 taps
INFO: (RX) DQ delay 10 falling: 05 ~ 24, set 14 taps
INFO: (RX) DQ delay 11 falling: 02 ~ 26, set 14 taps
INFO: (RX) DQ delay 12 falling: 05 ~ 25, set 15 taps
INFO: (RX) DQ delay 13 falling: 04 ~ 28, set 16 taps
INFO: (RX) DQ delay 14 falling: 02 ~ 26, set 14 taps
INFO: (RX) DQ delay 15 falling: 06 ~ 28, set 17 taps
INFO: ===tm_rd_fifo training===
INFO: tm_rd_fifo = 4 (default=6)
INFO: (TX) DQ0 PI scan window from 4 to 15 taps, midpoint(-1) is 8 taps(default=9)
INFO: (TX) DQ1 PI scan window from 4 to 14 taps, midpoint(-1) is 8 taps(default=10)
INFO: (TX) DQ delay 00 max: 14, set 1 taps
INFO: (TX) DQ delay 01 max: 15, set 2 taps
INFO: (TX) DQ delay 02 max: 15, set 2 taps
INFO: (TX) DQ delay 03 max: 15, set 2 taps
INFO: (TX) DQ delay 04 max: 15, set 2 taps
INFO: (TX) DQ delay 05 max: 15, set 2 taps
INFO: (TX) DQ delay 06 max: 15, set 2 taps
INFO: (TX) DQ delay 07 max: 15, set 2 taps
INFO: (TX) DQ delay 08 max: 15, set 2 taps
INFO: (TX) DQ delay 09 max: 15, set 2 taps
INFO: (TX) DQ delay 10 max: 15, set 2 taps
INFO: (TX) DQ delay 11 max: 15, set 2 taps
INFO: (TX) DQ delay 12 max: 15, set 2 taps
INFO: (TX) DQ delay 13 max: 14, set 1 taps
INFO: (TX) DQ delay 14 max: 15, set 2 taps
INFO: (TX) DQ delay 15 max: 13, set 0 taps
INFO: DRAM size = 4Gb
INFO: BSTC test PASS
INFO: Done DDR initialization...DRAM test PASS...Address toggle PASS
NOTICE:  BL2: v1.5(release):gd1749d05a
NOTICE:  BL2: Built : 14:51:16, Nov 30 2022
NOTICE:  ROTPK undeployed
NOTICE:  AES Key undeployed
NOTICE:  BL1: Booting BL31
NOTICE:  BL31: v1.5(release):gd1749d05a
NOTICE:  BL31: Built : 14:51:16, Nov 30 2022
WARNING: Using deprecated integer interrupt arrays in gicv3_driver_data_t
WARNING: Please migrate to using interrupt_prop_t arrays


U-Boot 2020.01-00006-g383a9b08a5 (Jan 14 2024 - 18:23:09 +0800)Taurus-SoC

CortexA55: 1000 MHz
DRAM:  DDR3-1866: 16-bit mode, 512 MiB
NAND:  
SPI  NAND: W25N02KVZEIE (0xefaa22)
    spare: 0x80      (128B)
     page: 0x800     (2KB)
    block: 0x20000   (128KB)
     chip: 0x10000000(256MB)
available: 0x10000000(256MB)
     mode: S/S
    clock: 100 MHz
      BBL: Bbl0 from flash
   Hidden: 
NAND:  256 MiB
Loading Environment from NAND... OK
In:    serial
Out:   serial
Err:   serial
Hit any key to stop autoboot:  1  0 
ca77xx_eth_initialize: auto_scan_active_port=1
ca77xx_ni_auto_scan_active_port: auto scan active_port timeout, set active_port to 1.
Taurus-SoC
PHY ID 0x001CCAC4 10Mbps full duplex
multicast_start Using Taurus-SoC device, mcastUpgradeTimeoutMSecs(10)
mcast upgrade timeout.(1 0 0 0 0)
ubi0: attaching mtd5
SPI-NAND INFO : internal ECC corrected 1 bits, status=0x10, pageid=37824
SPI-NAND INFO : internal ECC corrected 1 bits, status=0x10, pageid=48384
ubi0: scanning is finished
ubi0: attached mtd5 (name "ubi_device", size 245 MiB)
ubi0: PEB size: 131072 bytes (128 KiB), LEB size: 126976 bytes
ubi0: min./max. I/O unit sizes: 2048/2048, sub-page size 2048
ubi0: VID header offset: 2048 (aligned 2048), data offset: 4096
ubi0: good PEBs: 1966, bad PEBs: 0, corrupted PEBs: 0
ubi0: user volume: 10, internal volumes: 1, max. volumes count: 128
ubi0: max/mean erase counter: 2/0, WL threshold: 4096, image sequence number: 1066206694
ubi0: available PEBs: 788, total reserved PEBs: 1178, PEBs reserved for bad PEB handling: 40
Read 6291456 bytes from volume ubi_k0 to 0000000005000000

## Checking Image at 05000000 ...
   FIT image found
   FIT description: U-boot FitImage for RTK arm64 kernel
    Image 0 (kernel)
     Description:  Linux Kernel
     Type:         Kernel Image
     Compression:  lzma compressed
     Data Start:   0x050000f4
     Data Size:    3745878 Bytes = 3.6 MiB
     Architecture: AArch64
     OS:           Linux
     Load Address: 0x00000000
     Entry Point:  0x00000000
    Image 1 (fdt-1)
     Description:  Flattened Device Tree blob
     Type:         Flat Device Tree
     Compression:  uncompressed
     Data Start:   0x05392a00
     Data Size:    28457 Bytes = 27.8 KiB
     Architecture: AArch64
     Load Address: 0x01000000
    Default Configuration: 'conf-1'
    Configuration 0 (conf-1)
     Description:  Boot Linux kernel with FDT blob
     Kernel:       kernel
     FDT:          fdt-1
## Checking hash(es) for FIT Image at 05000000 ...
   Hash(es) for Image 0 (kernel): 
   Hash(es) for Image 1 (fdt-1): 
## Loading kernel from FIT Image at 05000000 ...
   Using 'conf-1' configuration
   Trying 'kernel' kernel subimage
     Description:  Linux Kernel
     Type:         Kernel Image
     Compression:  lzma compressed
     Data Start:   0x050000f4
     Data Size:    3745878 Bytes = 3.6 MiB
     Architecture: AArch64
     OS:           Linux
     Load Address: 0x00000000
     Entry Point:  0x00000000
   Verifying Hash Integrity ... OK
## Loading fdt from FIT Image at 05000000 ...
   Using 'conf-1' configuration
   Trying 'fdt-1' fdt subimage
     Description:  Flattened Device Tree blob
     Type:         Flat Device Tree
     Compression:  uncompressed
     Data Start:   0x05392a00
     Data Size:    28457 Bytes = 27.8 KiB
     Architecture: AArch64
     Load Address: 0x01000000
   Verifying Hash Integrity ... OK
   Loading fdt from 0x05392a00 to 0x01000000
   Booting using the fdt blob at 0x1000000
   Uncompressing Kernel Image
ERROR: reserving fdt memory region failed (addr=0 size=1000)
   Loading Device Tree to 000000001e5dd000, end 000000001e5e6f28 ... OK

Starting kernel ...

[    0.000000] Booting Linux on physical CPU 0x0000000000 [0x412fd050]
[    0.000000] Linux version 5.10.70 (knightness_peng@38dot139) (aarch64-linux-gcc (Realtek ASDK64-10.2.0 Build 3544) 10.2.0, GNU ld (Realtek ASDK64-10.2.0 Build 3544) 2.35.1.20201230) #11 SMP Sun Jan 14 18:25:02 CST 2024
[    0.000000] Machine model: Realtek Taurus ENG Board
[    0.000000] earlycon: serial0 at MMIO 0x00000000f43291b0 (options '')
[    0.000000] printk: bootconsole [serial0] enabled
[    0.000000] OF: fdt: Reserved memory: failed to reserve memory for node 'voip_vector_buffer@0x0': base 0x0000000000000000, size 0 MiB
[    0.000000] Zone ranges:
[    0.000000]   Normal   [mem 0x0000000000000000-0x000000001fffffff]
[    0.000000] Movable zone start for each node
[    0.000000] Early memory node ranges
[    0.000000]   node   0: [mem 0x0000000000000000-0x0000000001ffffff]
[    0.000000]   node   0: [mem 0x0000000002000000-0x00000000023fffff]
[    0.000000]   node   0: [mem 0x0000000002400000-0x000000000eefffff]
[    0.000000]   node   0: [mem 0x000000000ef00000-0x000000000effffff]
[    0.000000]   node   0: [mem 0x000000000f000000-0x000000000ffdefff]
[    0.000000]   node   0: [mem 0x000000000ffdf000-0x000000000ffdffff]
[    0.000000]   node   0: [mem 0x000000000ffe0000-0x000000001fffffff]
[    0.000000] Initmem setup node 0 [mem 0x0000000000000000-0x000000001fffffff]
[    0.000000] psci: probing for conduit method from DT.
[    0.000000] psci: PSCIv1.1 detected in firmware.
[    0.000000] psci: Using standard PSCI v0.2 function IDs
[    0.000000] psci: MIGRATE_INFO_TYPE not supported.
[    0.000000] psci: SMC Calling Convention v1.1
[    0.000000] percpu: Embedded 21 pages/cpu s47064 r8192 d30760 u86016
[    0.000000] Detected VIPT I-cache on CPU0
[    0.000000] CPU features: detected: GIC system register CPU interface
[    0.000000] CPU features: detected: Virtualization Host Extensions
[    0.000000] CPU features: detected: ARM errata 1165522, 1319367, or 1530923
[    0.000000] alternatives: patching kernel code
[    0.000000] Built 1 zonelists, mobility grouping on.  Total pages: 129024
[    0.000000] Kernel command line: earlycon=serial,0xf43291b0 console=ttyS0,115200 ubi.mtd=4 root=31:8 rootfstype=squashfs swiotlb=noforce mtdparts=ca_spinand_flash:2048K(boot),256K@0x280000(env),256K@0x2C0000(env2),256K@0x300000(static_conf),251648K@0x340000(ubi_device)
[    0.000000] printk: log_buf_len individual max cpu contribution: 131072 bytes
[    0.000000] printk: log_buf_len total cpu_extra contributions: 393216 bytes
[    0.000000] printk: log_buf_len min size: 131072 bytes
[    0.000000] printk: log_buf_len: 524288 bytes
[    0.000000] printk: early log buf free: 128336(97%)
[    0.000000] Dentry cache hash table entries: 65536 (order: 7, 524288 bytes, linear)
[    0.000000] Inode-cache hash table entries: 32768 (order: 6, 262144 bytes, linear)
[    0.000000] mem auto-init: stack:off, heap alloc:off, heap free:off
[    0.000000] Memory: 457596K/524288K available (7614K kernel code, 1024K rwdata, 2396K rodata, 1536K init, 453K bss, 66692K reserved, 0K cma-reserved)
[    0.000000] SLUB: HWalign=64, Order=0-3, MinObjects=0, CPUs=4, Nodes=1
[    0.000000] rcu: Hierarchical RCU implementation.
[    0.000000] rcu: 	CONFIG_RCU_FANOUT set to non-default value of 32.
[    0.000000] 	Tracing variant of Tasks RCU enabled.
[    0.000000] rcu: RCU calculated value of scheduler-enlistment delay is 10 jiffies.
[    0.000000] NR_IRQS: 64, nr_irqs: 64, preallocated irqs: 0
[    0.000000] GICv3: GIC: Using split EOI/Deactivate mode
[    0.000000] GICv3: 128 SPIs implemented
[    0.000000] GICv3: 0 Extended SPIs implemented
[    0.000000] GICv3: Distributor has no Range Selector support
[    0.000000] GICv3: 16 PPIs implemented
[    0.000000] GICv3: CPU0: found redistributor 0 region 0:0x00000004f8040000
[    0.000000] ni_ptp_ictl@0xf430439c: unable to get resource
[    0.000000] random: get_random_bytes called from start_kernel+0x298/0x3f4 with crng_init=0
[    0.000000] RTK SOC: soc_clks_setup finished.
[    0.000000] arch_timer: cp15 timer(s) running at 25.00MHz (phys).
[    0.000000] clocksource: arch_sys_counter: mask: 0xffffffffffffff max_cycles: 0x5c40939b5, max_idle_ns: 440795202646 ns
[    0.000005] sched_clock: 56 bits at 25MHz, resolution 40ns, wraps every 4398046511100ns
[    0.008271] Console: colour dummy device 80x25
[    0.012561] Calibrating delay loop (skipped), value calculated using timer frequency.. 50.00 BogoMIPS (lpj=250000)
[    0.022896] pid_max: default: 32768 minimum: 301
[    0.027612] Mount-cache hash table entries: 1024 (order: 1, 8192 bytes, linear)
[    0.034810] Mountpoint-cache hash table entries: 1024 (order: 1, 8192 bytes, linear)
[    0.044118] rcu: Hierarchical SRCU implementation.
[    0.049793] smp: Bringing up secondary CPUs ...
[    0.054655] Detected VIPT I-cache on CPU1
[    0.054695] GICv3: CPU1: found redistributor 100 region 0:0x00000004f8060000
[    0.054746] CPU1: Booted secondary processor 0x0000000100 [0x412fd050]
[    0.055281] Detected VIPT I-cache on CPU2
[    0.055310] GICv3: CPU2: found redistributor 200 region 0:0x00000004f8080000
[    0.055340] CPU2: Booted secondary processor 0x0000000200 [0x412fd050]
[    0.055840] Detected VIPT I-cache on CPU3
[    0.055866] GICv3: CPU3: found redistributor 300 region 0:0x00000004f80a0000
[    0.055895] CPU3: Booted secondary processor 0x0000000300 [0x412fd050]
[    0.055990] smp: Brought up 1 node, 4 CPUs
[    0.112573] SMP: Total of 4 processors activated.
[    0.117272] CPU features: detected: Privileged Access Never
[    0.122839] CPU features: detected: User Access Override
[    0.128129] CPU features: detected: 32-bit EL0 Support
[    0.133262] CPU features: detected: Common not Private translations
[    0.139507] CPU features: detected: RAS Extension Support
[    0.144899] CPU features: detected: Data cache clean to the PoU not required for I/D coherence
[    0.153499] CPU features: detected: CRC32 instructions
[    0.158635] CPU features: detected: Speculative Store Bypassing Safe (SSBS)
[    0.165648] CPU: All CPU(s) started at EL2
[    0.170654] devtmpfs: initialized
[    0.179834] clocksource: jiffies: mask: 0xffffffff max_cycles: 0xffffffff, max_idle_ns: 19112604462750000 ns
[    0.189525] futex hash table entries: 1024 (order: 4, 65536 bytes, linear)
[    0.196558] pinctrl core: initialized pinctrl subsystem
[    0.202180] NET: Registered protocol family 16
[    0.207157] DMA: preallocated 128 KiB GFP_KERNEL pool for atomic allocations
[    0.214750] thermal_sys: Registered thermal governor 'step_wise'
[    0.215282] cpuidle: using governor ladder
[    0.225247] cpuidle: using governor menu
[    0.229274] hw-breakpoint: found 6 breakpoint and 4 watchpoint registers.
[    0.236037] ASID allocator initialised with 65536 entries
[    0.241301] SOC_VENUS: RTK_SOC_CHIP_ID = 0x6706
[    0.245817] rtk_soc.smc_buf_phy=0xffdf000, rtk_soc.smc_buf_len=0x1000, mapped at 0xffffffc010d11000
[    0.255175] 
[    0.255175] ### rtk_ramoops_data.mem_address=13c0000 ###
[    0.261938] pstore: Registered ramoops as persistent store backend
[    0.267997] ramoops: using 0x1ff8@0x13c0000, ecc: 0
[    0.284529] reg-rtk_spare f432945c.spare: resource - [mem 0xf432945c-0xf432945f flags 0x200] mapped at 0x(____ptrval____)
[    0.310275] [1;31mRTK GLOBAL_GLOBAL_CONFIG: Power down offload1 cpu clock(PE1).[0m
[    0.317910] [1;31mRTK GLOBAL_GLOBAL_CONFIG: Power down PCIE2 clock.[0m
[    0.324613] iommu: Default domain type: Translated 
[    0.329722] SCSI subsystem initialized
[    0.333640] usbcore: registered new interface driver usbfs
[    0.339030] usbcore: registered new interface driver hub
[    0.344339] usbcore: registered new device driver usb
[    0.350764] clocksource: Switched to clocksource arch_sys_counter
[    0.366856] NET: Registered protocol family 2
[    0.371302] IP idents hash table entries: 8192 (order: 4, 65536 bytes, linear)
[    0.379036] ====   set SPEEDTEST CA TIMER2 =====
[    0.383688] tcp_listen_portaddr_hash hash table entries: 256 (order: 0, 4096 bytes, linear)
[    0.391932] TCP established hash table entries: 4096 (order: 3, 32768 bytes, linear)
[    0.399624] TCP bind hash table entries: 4096 (order: 4, 65536 bytes, linear)
[    0.406778] TCP: Hash tables configured (established 4096 bind 4096)
[    0.413166] UDP hash table entries: 256 (order: 1, 8192 bytes, linear)
[    0.419571] UDP-Lite hash table entries: 256 (order: 1, 8192 bytes, linear)
[    0.426674] NET: Registered protocol family 1
[    0.430910] PCI: CLS 0 bytes, default 64
[    0.436616] Initialise system trusted keyrings
[    0.441063] workingset: timestamp_bits=46 max_order=17 bucket_order=0
[    0.450551] squashfs: version 4.0 (2009/01/31) Phillip Lougher
[    0.456349] ntfs: driver 2.1.32 [Flags: R/W].
[    0.460769] fuse: init (API version 7.32)
[    0.506507] Key type asymmetric registered
[    0.510442] Asymmetric key parser 'x509' registered
[    0.515334] io scheduler mq-deadline registered
[    0.519823] io scheduler kyber registered
[    0.523952] atomic64_test: passed
[    0.527390] rtk-taurus-phy f43200c4.phy: resource - [mem 0xf43200c4-0xf43200e3 flags 0x200] mapped at 0x(____ptrval____)
[    0.538127] rtk-taurus-phy f43200c4.phy: resource - [mem 0xf432036c-0xf432036f flags 0x200] mapped at 0x(____ptrval____)
[    0.550180] pinctrl-cortina f43200f0.pinctrl: pinctrl driver registration: ARCH_OFFSET=8
[    0.559008] ca77xx-gpio f43292c0.gpio-controller: resource - [mem 0xf43292c0-0xf4329373 flags 0x200] mapped at 0x(____ptrval____)
[    0.570518] ca77xx-gpio f43292c0.gpio-controller: id 0
[    0.576289] ca77xx-gpio f43292c0.gpio-controller: Setting up IRQs for GPIO bank 0
[    0.584224] ca77xx-gpio f43292c0.gpio-controller: Setting up IRQs for GPIO bank 1
[    0.592147] ca77xx-gpio f43292c0.gpio-controller: Setting up IRQs for GPIO bank 2
[    0.600030] ca77xx-gpio f43292c0.gpio-controller: Setting up IRQs for GPIO bank 3
[    0.607931] ca77xx-gpio f43292c0.gpio-controller: Setting up IRQs for GPIO bank 4
[    0.615942] Realtek GPIO Driver for Flash Reload Default
[    0.621264] ----[ rtk gpio ]-------------------------------- 
[    0.627466] ca_soc f4320000.soc: Vendor ID: 0x8f3
[    0.632041] ca_soc f4320000.soc: Chip ID: 0x6706
[    0.636608] ca_soc f4320000.soc: Chip Rev: 66
[    0.640970] ca_soc f4320000.soc: Chip Mode: 0x41
[    0.645552] ca_soc f4320000.soc: CPLL: 1000.00 MHZ
[    0.650323] ca_soc f4320000.soc: EPLL: 2000.00 MHZ
[    0.655111] ca_soc f4320000.soc: FPLL: 1599.99 MHZ
[    0.659872] ca_soc f4320000.soc: CPU Clock: 1000.00 MHZ
[    0.665093] ca_soc f4320000.soc: Core Clock: 333.33 MHZ
[    0.670292] ca_soc f4320000.soc: LSAXI Clock: 200.00 MHZ
[    0.675595] ca_soc f4320000.soc: HSAXI Clock: 400.00 MHZ
[    0.680887] ca_soc f4320000.soc: CCI Clock: 400.00 MHZ
[    0.685997] ca_soc f4320000.soc: PE Clock: 799.99 MHZ
[    0.691043] ca_soc f4320000.soc: PE AXI Clock: 399.99 MHZ
[    0.696894] ca_pmx_request_gpio: offset:65 reg_off:1c bit_off:5
[    0.702769] ca_pmx_request_gpio: offset:66 reg_off:1c bit_off:6
[    0.708753] ca77xx-reset f4320098.reset-controller: resource - [mem 0xf4320098-0xf432009b flags 0x200] mapped at 0x(____ptrval____)
[    0.720529] ca77xx-reset f4320094.reset-controller: resource - [mem 0xf4320094-0xf4320097 flags 0x200] mapped at 0x(____ptrval____)
[    0.732316] ca77xx-reset f43200a0.reset-controller: resource - [mem 0xf43200a0-0xf43200a3 flags 0x200] mapped at 0x(____ptrval____)
[    0.804611] f43291b0.uart: ttyS0 at I/O 0x0 (irq = 21, base_baud = 7812500) is a Cortina UART0
[    0.813122] printk: console [ttyS0] enabled

[    0.813122] printk: console [ttyS0] enabled
[    0.821411] printk: bootconsole [serial0] disabled

[    0.821411] printk: bootconsole [serial0] disabled
[    0.831502] f43291e0.uart: ttyS1 at I/O 0x0 (irq = 22, base_baud = 7812500) is a Cortina UART1

[    0.840411] aipc: register chrdev(252,0)

[    0.844378] aipc: create device successed

[    0.848402] aipc: create dsp console device successed

[    0.853305] aipc: init done

[    0.856286] aipc_module_mem_init: mem_resource for voip ipc=[mem 0xf4329000-0xf432901f]

[    0.864159] aipc_module_mem_init: ca_voip_ipc_per_int_base=(____ptrval____)

[    0.871097] aipc_module_mem_init: mem_resource for voip dsp boot ins=[mem 0x80000000-0x8000000f]

[    0.879856] aipc_module_mem_init: ca_voip_dsp_boot_ins_base=(____ptrval____)

[    0.886911] aipc_module_mem_init: ca_voip_ipc_phy_base=0x02300000

[    0.893004] aipc_module_mem_init: ca_voip_ipc_mem_base=0x(____ptrval____)

[    0.899757] aipc: start aipc irq init

[    0.903424] aipc_cpu_irq_ca_init: irq = 58

[    0.907520] aipc: Request IRQ for IPC OK

[    0.913091] cacheinfo: Unable to detect cache hierarchy for CPU 0

[    0.919494] mtdoops: mtd device (mtddev=name/number) must be supplied

[    0.926073] ca-qspi 4f4324000.sf-ctrl: ca-qspi resource - [mem 0x4f4324000-0x4f432404f flags 0x200] mapped at 0x(____ptrval____)

[    0.938142] spi-nand spi0.0: model_name: W25N02KVZEIE

[    0.943049] spi-nand spi0.0: Winbond SPI NAND was found.

[    0.948333] spi-nand spi0.0: 256 MiB, block size: 128 KiB, page size: 2048, OOB size: 128

[    0.957333] spi nand total capacity is 256MB(0x10000000)

[    0.962488] spi nand available size is 256MB(0x10000000)

[    0.967776] spi nand Bbl0 from flash

[    0.971347] spi nand hidden: 

[    0.971350] 

[    0.975770] spi nand Mode: S/S

[    0.978833] 5 cmdlinepart partitions found on MTD device ca_spinand_flash

[    0.985608] Creating 5 MTD partitions on "ca_spinand_flash":

[    0.991249] 0x000000000000-0x000000200000 : "boot"

[    0.998422] 0x000000280000-0x0000002c0000 : "env"

[    1.004457] 0x0000002c0000-0x000000300000 : "env2"

[    1.010514] 0x000000300000-0x000000340000 : "static_conf"

[    1.017275] 0x000000340000-0x00000f900000 : "ubi_device"

[    1.144390] ca-qspi 4f4324000.sf-ctrl: spi-flash controller probed, while mode_bits=0x0000

[    1.152846] spi-ca77xx f43290d8.spi: resource - [mem 0xf43290d8-0xf4329117 flags 0x200] mapped at 0x(____ptrval____)

[    1.163288] spi-ca77xx f43290d8.spi: irq 53

[    1.169302] libphy: Fixed MDIO Bus: probed

[    1.173270] Init RTK Driver Module....

[    1.173283] OK

[    1.178625] Init RTK Core Dev Module....

[    1.178636] OK

[    1.184186] 

[    1.184186]  rtdrv_init !!!! for netfilter

[    1.189749] [rtdrv_init]: rtdrv_ext_igmpHook_sockopts init.

[    1.195316] [rtdrv_init]: rtdrv_ext_igmpHook_sockopts success.

[    1.201191] pkt_redirect_init complete

[    1.204870] interrupt broadcaster init ok!

[    1.208948] [FCEXT] rtk_fc_extmodule_init 

[    1.213050] [nic_hook_init-213]

[    1.216158] PPP generic driver version 2.4.2

[    1.220640] NET: Registered protocol family 24

[    1.224964] PPTP driver version 0.8.5

[    1.229049] taurus-usb2phy f432b020.usbphy: usb2_phy resource - [mem 0xf432b020-0xf432b037 flags 0x200] mapped at 0x(____ptrval____)

[    1.240861] taurus-usb2phy f432b020.usbphy: USB2-port0 VBUS GPIO Resource Get O.K and u2port0_vbus:0

[    1.249930] taurus-usb2phy f432b020.usbphy: Chip revision is B

[    1.311067] taurus-usb3phy f432b000.usbphy: usb3_phy resource - [mem 0xf432b000-0xf432b01f flags 0x200] mapped at 0x(____ptrval____)

[    1.322865] taurus-usb3phy f432b000.usbphy: usb3_phy resource - [mem 0xf432b04c-0xf432b05b flags 0x200] mapped at 0x(____ptrval____)

[    1.334784] ca_pmx_request_gpio: offset:64 reg_off:1c bit_off:4

[    1.340641] taurus-usb3phy f432b000.usbphy: USB3-port VBUS GPIO Resource Get O.K and vbus:0

[    1.348984] taurus-usb3phy f432b000.usbphy: Chip revision is B

[    1.354959] taurus-usb3phy f432b000.usbphy: Enabled S2 u3port resource - [mem 0xf4337000-0xf4337fff flags 0x200] mapped at 0x(____ptrval____)

[    1.392574] taurus-usb3phy f432b000.usbphy: USB3 PHY version: revB v1.0 (2022.02.24)

[    1.400281] taurus-usb3phy f432b000.usbphy: Invoke U2 PHY init

[    1.406014] taurus-usb2phy f432b020.usbphy: USB2 PHY version: revB v1.1 (2022.04.20)

[    1.520780] xhci-hcd f0200000.usb3-xhci: xHCI Host Controller

[    1.526571] xhci-hcd f0200000.usb3-xhci: new USB bus registered, assigned bus number 1

[    1.534583] xhci-hcd f0200000.usb3-xhci: hcc params 0x0228fe65 hci version 0x110 quirks 0x0000000000010010

[    1.544136] xhci-hcd f0200000.usb3-xhci: irq 55, io mem 0xf0200000

[    1.550394] xhci-hcd f0200000.usb3-xhci: xHCI Host Controller

[    1.556163] xhci-hcd f0200000.usb3-xhci: new USB bus registered, assigned bus number 2

[    1.563950] xhci-hcd f0200000.usb3-xhci: Host supports USB 3.0 SuperSpeed

[    1.571393] hub 1-0:1.0: USB hub found

[    1.575014] hub 1-0:1.0: 2 ports detected

[    1.579463] usb usb2: We don't know the algorithms for LPM for this host, disabling LPM.

[    1.588022] hub 2-0:1.0: USB hub found

[    1.591776] hub 2-0:1.0: 1 port detected

[    1.596148] usbcore: registered new interface driver cdc_acm

[    1.601674] cdc_acm: USB Abstract Control Model driver for USB modems and ISDN adapters

[    1.609705] usbcore: registered new interface driver usblp

[    1.615446] usbcore: registered new interface driver uas

[    1.620680] usbcore: registered new interface driver usb-storage

[    1.626730] usbcore: registered new interface driver usbserial_generic

[    1.633157] usbserial: USB Serial support registered for generic

[    1.639148] usbcore: registered new interface driver ch341

[    1.644624] usbserial: USB Serial support registered for ch341-uart

[    1.650882] usbcore: registered new interface driver cp210x

[    1.656416] usbserial: USB Serial support registered for cp210x

[    1.662367] usbcore: registered new interface driver cypress_m8

[    1.668233] usbserial: USB Serial support registered for DeLorme Earthmate USB

[    1.675457] usbserial: USB Serial support registered for HID->COM RS232 Adapter

[    1.682754] usbserial: USB Serial support registered for Nokia CA-42 V2 Adapter

[    1.690053] usbcore: registered new interface driver ftdi_sio

[    1.695788] usbserial: USB Serial support registered for FTDI USB Serial Device

[    1.703149] usbcore: registered new interface driver option

[    1.708633] usbserial: USB Serial support registered for GSM modem (1-port)

[    1.715689] usbcore: registered new interface driver pl2303

[    1.721166] usbserial: USB Serial support registered for pl2303

[    1.727032] i2c /dev entries driver

[    1.730799] ca_set_mux: group:44 reg_off:18 bit_off:4

[    1.735687] ca_set_mux: group:45 reg_off:18 bit_off:5

[    1.740726] ca_set_mux: group:d4 reg_off:4 bit_off:14

[    1.745859] ca77xx-i2c f4329160.i2c: resource - [mem 0xf4329160-0xf4329187 flags 0x200] mapped at 0x(____ptrval____)

[    1.756340] ca77xx-i2c f4329160.i2c: irq 51

[    2.111314] cortina_thermal f4320264.thermal: SoC Temperature= 35

[    2.119478] ca_pmx_request_gpio: offset:2 reg_off:10 bit_off:2

[    2.125343] ca_pmx_request_gpio: offset:a reg_off:10 bit_off:a

[    2.131178] ca_pmx_request_gpio: offset:8e reg_off:20 bit_off:e

[    2.137063] ca_pmx_request_gpio: offset:9 reg_off:10 bit_off:9

[    2.142904] ca_pmx_request_gpio: offset:b reg_off:10 bit_off:b

[    2.148712] ca_pmx_request_gpio: offset:7 reg_off:10 bit_off:7

[    2.154586] ca_pmx_request_gpio: offset:4 reg_off:10 bit_off:4

[    2.160369] ca_pmx_request_gpio: offset:3 reg_off:10 bit_off:3

[    2.166208] ca_pmx_request_gpio: offset:1 reg_off:10 bit_off:1

[    2.172049] ca_pmx_request_gpio: offset:0 reg_off:10 bit_off:0

[    2.177828] ca_pmx_request_gpio: offset:6 reg_off:10 bit_off:6

[    2.183683] ca_pmx_request_gpio: offset:5 reg_off:10 bit_off:5

[    2.191023] u32 classifier

[    2.193568]     input device check on

[    2.197684] xt_time: kernel timezone is -0000

[    2.202038] gre: GRE over IPv4 demultiplexor driver

[    2.207485] NET: Registered protocol family 10

[    2.212584] Segment Routing with IPv6

[    2.216346] sit: IPv6, IPv4 and MPLS over IPv4 tunneling driver

[    2.223371] NET: Registered protocol family 17

[    2.227727] Bridge firewalling registered

[    2.231794] l2tp_core: L2TP core driver, V2.0

[    2.235991] l2tp_ppp: PPPoL2TP kernel driver, V2.0

[    2.240780] 8021q: 802.1Q VLAN Support v1.8

[    2.244947] TAPI, Version 4.17.0.7, (c) 2001-2016 Lantiq Beteiligungs-GmbH & Co.KG

[    2.252794] DUSLIC XS device driver, version 1.3.1.0, (c) 2014-2016 Lantiq Beteiligungs-GmbH & Co.KG

[    2.261822] ssp_pinctrl_init

[    2.264948] ca_set_mux: group:46 reg_off:18 bit_off:6

[    2.269830] ca_set_mux: group:47 reg_off:18 bit_off:7

[    2.274886] ca_set_mux: group:48 reg_off:18 bit_off:8

[    2.279898] ca_set_mux: group:49 reg_off:18 bit_off:9

[    2.284948] ca_set_mux: group:4a reg_off:18 bit_off:a

[    2.289967] ca_set_mux: group:4b reg_off:18 bit_off:b

[    2.295014] ca_set_mux: group:c4 reg_off:4 bit_off:4

[    2.300257] spi_linux_wrapper_init()

[    2.303844] ca_set_mux: group:40 reg_off:18 bit_off:0

[    2.308726] ca_set_mux: group:41 reg_off:18 bit_off:1

[    2.313783] ca_set_mux: group:42 reg_off:18 bit_off:2

[    2.318795] ca_set_mux: group:43 reg_off:18 bit_off:3

[    2.323841] ca_set_mux: group:c6 reg_off:4 bit_off:6

[    2.328819] SLIC module being probed

[    2.332357] slic_spi_probe: slic_spi[ 0 ] = (____ptrval____)

[    2.338298] spi_linux_wrapper_init(254): completed

[    2.338707] Loading compiled-in X.509 certificates

[    2.349301] pstore: Using crash dump compression: deflate

[    2.354872] cortina-pcie f4325000.pcie: Adding to iommu group 0

[    2.360700] cortina-pcie f4325000.pcie: resource - [mem 0xf4325000-0xf43253ff flags 0x200] mapped at 0xffffffc010f65000

[    2.371404] cortina-pcie f4325000.pcie: id 0

[    2.375639] cortina-pcie f4325000.pcie: num-lanes 1

[    2.380520] cortina-pcie f4325000.pcie: resource - [mem 0xf4333000-0xf4334fff flags 0x200] mapped at 0xffffffc012e02000

[    2.391278] cortina-pcie f4325000.pcie: Chip revision is B

[    2.396963] cortina-pcie f4325000.pcie: irq-affinity cpu: 1, nr_cpu_ids(4)

[    2.403784] cortina-pcie f4325000.pcie: resource - [mem 0xa0000000-0xa0000fff flags 0x200] mapped at 0xffffffc010f6d000

[    2.414472] cortina-pcie f4325000.pcie: outbound iATU enable

[    2.420087] cortina-pcie f4325000.pcie: host bridge /pcie@f4325000 ranges:

[    2.426967] cortina-pcie f4325000.pcie:       IO 0x00a0003000..0x00a0012fff -> 0x0000000000

[    2.435286] cortina-pcie f4325000.pcie:      MEM 0x00a0400000..0x00afffffff -> 0x00a0400000

[    2.448545] cortina-pcie f4325000.pcie: PCIe Serdes CFG version: revB v1.2 (2022.04.22)

[    2.565574] cortina-pcie f4325000.pcie: No BER Notify!

[    2.572584] cortina-pcie f4325000.pcie: Link up

[    2.576946] cortina-pcie f4325000.pcie: Speed Gen2 Lanes x1

[    2.582675] cortina-pcie f4325000.pcie: PCI host bridge to bus 0000:00

[    2.589037] pci_bus 0000:00: root bus resource [bus 00-ff]

[    2.594518] pci_bus 0000:00: root bus resource [io  0x0000-0xffff]

[    2.600664] pci_bus 0000:00: root bus resource [mem 0xa0400000-0xafffffff]

[    2.607567] pci 0000:00:00.0: [16c3:abcd] type 01 class 0x060400

[    2.613547] pci 0000:00:00.0: reg 0x38: [mem 0x00000000-0x0000ffff pref]

[    2.620242] pci 0000:00:00.0: supports D1 D2

[    2.624461] pci 0000:00:00.0: PME# supported from D0 D1 D3hot

[    2.632313] pci 0000:01:00.0: [10ec:c852] type 00 class 0x028000

[    2.638228] pci 0000:01:00.0: reg 0x10: [io  0x0000-0x00ff]

[    2.643816] pci 0000:01:00.0: reg 0x18: [mem 0x00000000-0x000fffff 64bit]

[    2.650981] pci 0000:01:00.0: PME# supported from D0 D3hot D3cold

[    2.672440] pci 0000:00:00.0: BAR 8: assigned [mem 0xa0400000-0xa04fffff]

[    2.679063] pci 0000:00:00.0: BAR 6: assigned [mem 0xa0500000-0xa050ffff pref]

[    2.686286] pci 0000:00:00.0: BAR 7: assigned [io  0x1000-0x1fff]

[    2.692360] pci 0000:01:00.0: BAR 2: assigned [mem 0xa0400000-0xa04fffff 64bit]

[    2.699679] pci 0000:01:00.0: BAR 0: assigned [io  0x1000-0x10ff]

[    2.705733] pci 0000:00:00.0: PCI bridge to [bus 01-ff]

[    2.710926] pci 0000:00:00.0:   bridge window [io  0x1000-0x1fff]

[    2.716993] pci 0000:00:00.0:   bridge window [mem 0xa0400000-0xa04fffff]

[    2.724235] cortina-pcie f4326000.pcie: Adding to iommu group 1

[    2.730064] cortina-pcie f4326000.pcie: resource - [mem 0xf4326000-0xf43263ff flags 0x200] mapped at 0xffffffc010f75000

[    2.740772] cortina-pcie f4326000.pcie: id 1

[    2.745006] cortina-pcie f4326000.pcie: num-lanes 1

[    2.749885] cortina-pcie f4326000.pcie: resource - [mem 0xf4335000-0xf4336fff flags 0x200] mapped at 0xffffffc0134d6000

[    2.760645] cortina-pcie f4326000.pcie: Chip revision is B

[    2.766328] cortina-pcie f4326000.pcie: irq-affinity cpu: 1, nr_cpu_ids(4)

[    2.773155] cortina-pcie f4326000.pcie: resource - [mem 0xb0000000-0xb0000fff flags 0x200] mapped at 0xffffffc010f7d000

[    2.783833] cortina-pcie f4326000.pcie: outbound iATU enable

[    2.789451] cortina-pcie f4326000.pcie: host bridge /pcie@f4326000 ranges:

[    2.796337] cortina-pcie f4326000.pcie:       IO 0x00b0003000..0x00b0012fff -> 0x0000000000

[    2.804649] cortina-pcie f4326000.pcie:      MEM 0x00b0400000..0x00bfffffff -> 0x00b0400000

[    2.817912] cortina-pcie f4326000.pcie: PCIe Serdes CFG version: revB v1.2 (2022.04.22)

[    2.935241] cortina-pcie f4326000.pcie: No BER Notify!

[    2.942249] cortina-pcie f4326000.pcie: Link up

[    2.946612] cortina-pcie f4326000.pcie: Speed Gen1 Lanes x1

[    2.952346] cortina-pcie f4326000.pcie: PCI host bridge to bus 0001:00

[    2.958708] pci_bus 0001:00: root bus resource [bus 00-ff]

[    2.964192] pci_bus 0001:00: root bus resource [io  0x10000-0x1ffff] (bus address [0x0000-0xffff])

[    2.973127] pci_bus 0001:00: root bus resource [mem 0xb0400000-0xbfffffff]

[    2.980003] pci 0001:00:00.0: [16c3:abcd] type 01 class 0x060400

[    2.985990] pci 0001:00:00.0: reg 0x38: [mem 0x00000000-0x0000ffff pref]

[    2.992707] pci 0001:00:00.0: supports D1 D2

[    2.996895] pci 0001:00:00.0: PME# supported from D0 D1 D3hot

[    3.004796] pci 0001:01:00.0: [10ec:0192] type 00 class 0x028000

[    3.010738] pci 0001:01:00.0: reg 0x10: [io  0x10000-0x100ff]

[    3.016490] pci 0001:01:00.0: reg 0x18: [mem 0x00000000-0x000fffff 64bit]

[    3.023814] pci 0001:01:00.0: supports D1 D2

[    3.027914] pci 0001:01:00.0: PME# supported from D0 D1 D2 D3hot D3cold

[    3.052456] pci 0001:00:00.0: BAR 8: assigned [mem 0xb0400000-0xb04fffff]

[    3.059081] pci 0001:00:00.0: BAR 6: assigned [mem 0xb0500000-0xb050ffff pref]

[    3.066303] pci 0001:00:00.0: BAR 7: assigned [io  0x10000-0x10fff]

[    3.072549] pci 0001:01:00.0: BAR 2: assigned [mem 0xb0400000-0xb04fffff 64bit]

[    3.079887] pci 0001:01:00.0: BAR 0: assigned [io  0x10000-0x100ff]

[    3.086103] pci 0001:00:00.0: PCI bridge to [bus 01-ff]

[    3.091291] pci 0001:00:00.0:   bridge window [io  0x10000-0x10fff]

[    3.097532] pci 0001:00:00.0:   bridge window [mem 0xb0400000-0xb04fffff]

[    3.106462] ubi0: attaching mtd4

[    4.561078] ubi0: scanning is finished

[    4.576914] ubi0: attached mtd4 (name "ubi_device", size 245 MiB)

[    4.582868] ubi0: PEB size: 131072 bytes (128 KiB), LEB size: 126976 bytes

[    4.589703] ubi0: min./max. I/O unit sizes: 2048/2048, sub-page size 2048

[    4.596483] ubi0: VID header offset: 2048 (aligned 2048), data offset: 4096

[    4.603426] ubi0: good PEBs: 1966, bad PEBs: 0, corrupted PEBs: 0

[    4.609493] ubi0: user volume: 10, internal volumes: 1, max. volumes count: 128

[    4.616801] ubi0: max/mean erase counter: 2/0, WL threshold: 4096, image sequence number: 1066206694

[    4.625907] ubi0: available PEBs: 788, total reserved PEBs: 1178, PEBs reserved for bad PEB handling: 40

[    4.635384] ubi0: background thread "ubi_bgt0d" started, PID 1270

[    4.648967] ca_pmx_request_gpio: offset:63 reg_off:1c bit_off:3

[    4.654922] ca_pmx_request_gpio: offset:67 reg_off:1c bit_off:7

[    4.660800] ca_pmx_request_gpio: offset:8 reg_off:10 bit_off:8

[    4.666726] input: gpio-keys as /devices/platform/gpio-keys/input/input0

[    4.673956] VoIP control bind 1 (1) instances successfully.

[    4.679367] index dsp_cpuid dsp_cch host_cch

[    4.683637] ----- --------- ------- --------

[    4.687874]    0  	   0	     0	     0	 

[    4.691701]  voip spin lock init done

[    4.695344] VoIP RX netfilter hook init done!

[    4.699674] VoIP RX netfilter hook for IPv6 init done!

[    4.704805] =============RTK VOIP SUITE=============

[    4.709741] SDK VoIP Version: VoIP-1.6-DSP-R5523-Luna-R24-Integrate_RTL_CA 

[    4.716695] Board CFG Model :  

[    4.719809] INITIAL VOIP MANAGER PROGRAM

[    4.727624] VFS: Mounted root (squashfs filesystem) readonly on device 31:8.

[    4.737934] devtmpfs: mounted

[    4.741563] Freeing unused kernel memory: 1536K

[    4.780850] Run /sbin/init as init process


Bad inittab entry at line 34

starting pid 1326, tty '': '/etc/init.d/rcS'
=== Start to run rc0 / rc63 ===
----- do_rc [/etc/init.d/rc2] -----
[    5.440682] smuxdev: loading out-of-tree module taints kernel.

[    5.449638] smuxdev: loaded

WARN: conflicting configurations in /etc/fstab and /etc/default/rcS
      regarding the writability of rootfs. Please fix one of them.

[    5.921390] UBIFS (ubi0:0): Mounting in unauthenticated mode

[    5.927087] UBIFS (ubi0:0): background thread "ubifs_bgt0_0" started, PID 1358

[    5.973609] UBIFS (ubi0:0): recovery needed

[    6.081547] UBIFS (ubi0:0): recovery completed

[    6.085929] UBIFS (ubi0:0): UBIFS: mounted UBI device 0, volume 0, name "ubi_Config"

[    6.093574] UBIFS (ubi0:0): LEB size: 126976 bytes (124 KiB), min./max. I/O unit sizes: 2048 bytes/2048 bytes

[    6.103475] UBIFS (ubi0:0): FS size: 9269248 bytes (8 MiB, 73 LEBs), journal size 1015809 bytes (0 MiB, 6 LEBs)

[    6.113550] UBIFS (ubi0:0): reserved for root: 437809 bytes (427 KiB)

[    6.119974] UBIFS (ubi0:0): media format: w5/r0 (latest is w5/r0), UUID CBC5688D-BE09-42D6-8ACF-FFD773EDDD66, small LPT model

[scfg.txt]Copy /etc/scfg.txt to /var/config/.
----- do_rc [/etc/init.d/rc3] -----
WARNING: table_setting: Invalid table entry name: MIB_SMB_ANNONYMOUS
set_msgqueue_max_size:425> set msgqidds.msg_qbytes=36080 OK
set_msgqueue_max_size:425> set msgqidds.msg_qbytes=36080 OK


aipc: write image successful. size=2652272 rc=2652272 wc=2652272 da=0x22a0400 remain=0

[    7.640479] ifmode 2

[    7.642536] ext_clk 0

[    7.644763] clk_enhance 1

[    7.647368] divisor 24

[    7.649715] pclk 2048

[    7.651988] spi_cs 0

[    7.654145] metadata 0x2

[    7.656676] aipc: (0528)aipc_dev_ioctl  boot dsp

[    7.665286] aipc: (0530)aipc_dev_ioctl  boot dsp done

Wait DSP 0/1 booting ......
Wait DSP ok. wait_cnt=0
DSP 0 Software Ready!
[    7.762465] ca-log: init calog-ioctl-dev OK (max_level 9, default_level 4)

[    7.769400] ca-pal: init ca_pal_ioctl OK

[    7.823762] ca-peri:hw_timer irq 47 install 

[    7.838922] SCFG initialize start.

[    7.845843] SCFG initialize done.

[    8.265360] ca_ne:ca_ni_init_module_probe:3649: Cortina Network Interface Driver 0.0.1

[    8.273159] error: aal_pon_mac_mode_get FAIL, pon_mac_mode = 255.

[    8.279224] ca_ne_reg_init: mem_resource for NI registers=[mem 0x4f4300000-0x4f430ffff]

[    8.287226] ca_ne_reg_init: ca_ne_reg_base=0x(____ptrval____)

[    8.292951] ca_ne_reg_init: mem_resource for GLOBAL NETWORK ENGINE INTRRUPT registers=[mem 0x4f4320164-0x4f4320173]

[    8.303371] ca_ne_reg_init: ca_ne_glb_ne_intr_reg_base=0x(____ptrval____)

[    8.310138] ca_ne_reg_init: mem_resource for MDIO registers=[mem 0x4f4329118-0x4f432915f]

[    8.318316] ca_ne_reg_init: ca_per_mdio_reg_base=0x(____ptrval____)

[    8.324571] ca_ne_reg_init: resource for XRAM=[mem 0xf4500000-0xf4501fff]

[    8.331351] ca_ne_reg_init: ca_xram_reg_base=0x(____ptrval____)

[    8.337246] ca_ne_reg_init: mem_resource for DMA LSO registers=[mem 0x4f7001000-0x4f7001fff]

[    8.345682] ca_ne_reg_init: ca_dma_lso_reg_base=0x(____ptrval____)

[    8.351854] ca_ne_reg_init: resource for SRAM=[mem 0x80000000-0x8003bfff]

[    8.358611] ca_ne_reg_init: ca_ne_sram_phy_base=0x80000000 end 0x(____ptrval____) size 0x3c000

[    8.367237] ca_ne_reg_init: ca_ne_sram_base=0x(____ptrval____)

[    8.373073] ca_ne_reg_init: resource for DDR=[mem 0x0bc48000-0x0bca7fff]

[    8.379721] ca_ne_reg_init: ca_ne_ddr_coherent_reserved_size=0x60000

[    8.386082] ca_ne_reg_init: ca_ne_ddr_coherent_base=0x(____ptrval____), ca_ne_ddr_coherent_phy_base=0xbc48000

[    8.395985] ca_ne_reg_init: resource for DDR non-cache=[mem 0x109000000-0x10aa4ffff]

[    8.403725] ca_ne_reg_init: ca_ne_ddr_noncache_reserved_size=0x1a50000

[    8.410217] ca_ne_reg_init: ca_ne_ddr_noncache_base=(____ptrval____), ca_ne_ddr_noncache_phy_base=0x109000000

[    8.420139] ca_ne_reg_init: resource for PONGLB=[mem 0x4f4320000-0x4f43202ff]

[    8.427260] ca_venus_pon_glb_reg_iobase = 0x(____ptrval____)

[    8.432912] ca_ne_reg_init: resource for PON=[mem 0x4f5500000-0x4f550bfff]

[    8.439762] ca_venus_pon_reg_iobase = 0x(____ptrval____)

[    8.445064] ca_ne_reg_init: resource for PERI=0xf4329000

[    8.450359] ca_venus_peri_reg_iobase = 0x(____ptrval____)

[    8.455759] ca_ne_reg_init: mem_resource for AXI REO registers=[mem 0x4f432d000-0x4f432f0b7]

[    8.464183] ca_ne_reg_init: ca_ne_axi_reo_reg_base=0x(____ptrval____)

[    8.470605] ca_ne_reg_init: mem_resource for ASIC GPHY registers=[mem 0x4f4600000-0x4f46fffff]

[    8.479225] ca_ne_reg_init: ca_ne_phy_reg_base=0x(____ptrval____)

[    8.485298] ca_ne_reg_init: mem_resource for ASIC SGMII LP registers=[mem 0x4f433a000-0x4f433afff]

[    8.494250] ca_ne_reg_init: ca_ne_sgmii_lp_reg_base=0x(____ptrval____)

[    8.500764] ca_ne_reg_init: mem_resource for CA_NI_MEM_RESOURCE_QX_REGS registers=[mem 0x4f550d000-0x4f550dfff]

[    8.510839] ca_ne_reg_init: ca_ne_qx_reg_base=0x(____ptrval____)

[    8.516827] ca_ne_reg_init: mem_resource for CA_NI_MEM_RESOURCE_GPHY_WRAP_REGS registers=[mem 0x4f4700000-0x4f47000ff]

[    8.527517] ca_ne_reg_init: ca_ne_gphy_wrap_reg_base=0x(____ptrval____)

[    8.534124] ca_ne_reg_init: mem_resource for LDMA registers=[mem 0x90301000-0x90302fff]

[    8.542114] ca_ne_reg_init: ca_ldma_reg_base=0x(____ptrval____)

[    8.548016] ca_ne_reg_init: mem_resource for CA_NI_MEM_RESOURCE_S0_SDS_REGS registers=[mem 0x4f4333000-0x4f4338fff]

[    8.558448] ca_ne_reg_init: ca_ne_s0_sds_reg_base=0x(____ptrval____)

[    8.564786] Enter <ca77xx_pon_probe, 849>

[    8.568873] ca-pon: proc files init OK.

[    8.572696] ca-pon: load PON_MAC_MODE: IGNORED

[    8.577115] ca-pon: Device Tree load start

[    8.581299] ca-pon: dg interrupt is 131

[    8.585143] ca-pon: found 1 interrupts in Device Tree

[    8.590155] ca-pon: interrupt 0 index is 14

[    8.594413] ca-pon: Device Tree load OK

[    8.598225] End <ca77xx_pon_probe, 875>

[    8.607186] ca_ni_global_reset: Port 4 connect to HSGMII

[    8.612483] ca_ni_global_reset: sgmii_phy=(____ptrval____)

[    8.620895] ca_ni_global_reset: Do external RESET for RTL8367SB HSGMII mode....

[    8.628057] ca-ni 4f4300000.ethernet: OF get ext_reset failed!!

[    8.736727] ca_load_init: please make sure CFG_ID_NE_SRAM_PHY_BASE=0xc0000000 consistent with device tree!!

[    8.746315] =================ca_ni_init_config================

[    8.752135] ca_load_init: ca_ne_sram_base=(____ptrval____), ca_ne_ddr_noncache_base=(____ptrval____)

[    8.761258] ca_load_init: ca_ne_sram_phy_base=0xc0000000, ca_ne_ddr_noncache_phy_base=0x9000000, ca_ne_ddr_coherent_phy_base=0xbc48000

[    8.773332] ==================================================

[    8.779144] ca_load_init: ca_ni_use_build_skb=0

[    8.783672] ca_load_init: ca_ni_napi_budget=64

[    8.788093] ca_load_init: ca_ni_tx_timer_enable=0

[    8.792795] ca_load_init: ca_ni_use_qm_eq_refill_int=0

[    8.797911] ca_load_init: ca_ni_cpu64_pool0_eq_id=4

[    8.802786] ca_load_init: ca_ni_cpu64_pool1_eq_id=15

[    8.807728] ca_load_init: ca_ni_cpu64_use_fbm=0

[    8.812256] ca_load_init: ca_ni_cpu64_pool0_fbm_pool_id=6

[    8.817632] ca_load_init: ca_ni_cpu64_pool1_fbm_pool_id=7

[    8.823029] ca_load_init: ca_ni_cpu64_pool0_buf_count=768

[    8.828406] ca_load_init: ca_ni_cpu64_pool1_buf_count=0

[    8.833628] ca_load_init: ca_ni_use_qm_eq_refill_tasklet=1

[    8.839092] ca_ni_read_drv_config: index=0

[    8.843184] ca_ni_read_drv_config: my_mac_index = 0

[    8.848039] ca_ni_read_drv_config: cpu_port_id = 0

[    8.852835] ca_ni_read_drv_config: egress_cpu_port_id = 0

[    8.858208] ca_ni_read_drv_config: i=0, num_cpu_port=1, dev_name=eth0

[    8.864646] ca_ni_load_driver_init: i=0

[    8.868457] ca_ni_read_drv_config: index=1

[    8.872550] ca_ni_read_drv_config: my_mac_index = 1

[    8.877405] ca_ni_read_drv_config: cpu_port_id = 1

[    8.882193] ca_ni_read_drv_config: egress_cpu_port_id = 1

[    8.887572] ca_ni_read_drv_config: i=1, num_cpu_port=1, dev_name=eth1

[    8.894009] ca_ni_load_driver_init: i=1

[    8.897823] ca_ni_read_drv_config: index=2

[    8.901915] ca_ni_read_drv_config: my_mac_index = -1

[    8.906857] ca_ni_read_drv_config: cpu_port_id = 2

[    8.911645] ca_ni_read_drv_config: egress_cpu_port_id = 2

[    8.917022] ca_ni_load_driver_init: i=2

[    8.920855] ca_ni_read_drv_config: index=3

[    8.924929] ca_ni_read_drv_config: my_mac_index = -1

[    8.929880] ca_ni_read_drv_config: cpu_port_id = 3

[    8.934669] ca_ni_read_drv_config: egress_cpu_port_id = 3

[    8.940045] ca_ni_load_driver_init: i=3

[    8.943878] ca_ni_read_drv_config: index=4

[    8.947951] ca_ni_read_drv_config: my_mac_index = -1

[    8.952913] ca_ni_read_drv_config: cpu_port_id = 4

[    8.957682] ca_ni_read_drv_config: egress_cpu_port_id = 4

[    8.963079] ca_ni_load_driver_init: i=4

[    8.966891] ca_ni_read_drv_config: index=5

[    8.970992] ca_ni_read_drv_config: my_mac_index = -1

[    8.975927] ca_ni_read_drv_config: cpu_port_id = 5

[    8.980705] ca_ni_read_drv_config: egress_cpu_port_id = 5

[    8.986103] ca_ni_load_driver_init: i=5

[    8.989915] ca_ni_read_drv_config: index=6

[    8.994008] ca_ni_read_drv_config: my_mac_index = -1

[    8.998950] ca_ni_read_drv_config: cpu_port_id = 6

[    9.003739] ca_ni_read_drv_config: egress_cpu_port_id = 6

[    9.009115] ca_ni_load_driver_init: i=6

[    9.012948] ca_ni_read_drv_config: index=7

[    9.017021] ca_ni_read_drv_config: my_mac_index = -1

[    9.021983] ca_ni_read_drv_config: cpu_port_id = 7

[    9.026751] ca_ni_read_drv_config: egress_cpu_port_id = 7

[    9.032148] ca_ni_load_driver_init: i=7

[    9.035961] ca_ni_load_driver_init: ca_ni_num_intf=2

[    9.040923] ca_ni_load_driver_init: index=0

[    9.045083] ca_ni_load_driver_init: driver_startup_config.enable = 1

[    9.051436] ca_ni_load_driver_init: driver_startup_config.my_mac_index = 0

[    9.058290] ca_ni_load_driver_init: driver_startup_config.egress_cpu_port_id = 0

[    9.065684] ca_ni_load_driver_init: driver_startup_config.cpu_port_id[0] = 0

[    9.072720] ca_ni_load_driver_init: index=1

[    9.076882] ca_ni_load_driver_init: driver_startup_config.enable = 1

[    9.083234] ca_ni_load_driver_init: driver_startup_config.my_mac_index = 1

[    9.090087] ca_ni_load_driver_init: driver_startup_config.egress_cpu_port_id = 1

[    9.097489] ca_ni_load_driver_init: driver_startup_config.cpu_port_id[0] = 1

[    9.104533] aal_l3qm_init_startup_config: nic rx WITH allocate scatter(env: eq_rule 0, build_skb 0, budget 64) 

[    9.114630] aal_l3qm_create_sram_map: total required SRAM size 0x80

[    9.120860] aal_l3qm_dump_sram_map: Dump SRAM map...

[    9.125793] [ Main hash ]

[    9.128401] overflow hash fib start addr = 0xffffffc011100080

[    9.134148] overflow hash fib physical addr = 0x80000000

[    9.139434] overflow hash fib length = 48

[    9.143444] overflow hash fib count = 0

[    9.147255] default hash fib internal reg mode = 1

[    9.152043] default hash fib start addr = N/A (use internal reg)

[    9.158027] default hash fib physical addr = N/A (use internal reg)

[    9.164294] default hash fib length = 16

[    9.168192] default hash fib count = 16

[    9.172026] hash action cache fib internal sram mode = 1

[    9.177314] hash action cache fib start addr = N/A (use internal sram)

[    9.183842] hash action cache fib physical addr = N/A (use internal sram)

[    9.190607] hash action cache fib length = 48

[    9.194963] hash action cache fib count = 2048

[    9.199384] sram start vir addr = 0xffffffc011100000, used size = 0x80, cur vir addr = 0xffffffc011100080

[    9.208952] aal_l3qm_create_ddr_map: total size of DDR coherent consumed=0x10000/0x60000

[    9.217039] aal_l3qm_create_ddr_map: total size of DDR non-cache consumed=0x40000/0x1a50000

[    9.225372] aal_l3qm_dump_ddr_map: Dump DDR map...

[    9.230136] [ DDR coherent ]

[    9.233018] CPU pool0 buffer start addr = 0xffffffff

[    9.237957] CPU pool0 buffer physical addr = 0xffffffff

[    9.243181] CPU pool0 buffer count = 768

[    9.247079] CPU pool0 buffer size = 2048

[    9.251000] CPU pool0 consumed size = 0

[    9.254812] CPU pool1 buffer start addr = 0xffffffff

[    9.259763] CPU pool1 buffer physical addr = 0xffffffff

[    9.264989] CPU pool1 buffer count = 0

[    9.268712] CPU pool1 buffer size = 2048

[    9.272634] CPU pool1 consumed size = -553853353983

[    9.277487] CPU RX FIFO buffer start addr = 0xffffff800bc48000

[    9.283321] CPU RX FIFO buffer physical addr = 0xbc48000

[    9.288608] CPU RX FIFO count = 16384

[    9.292268] CPU RX FIFO size = 4

[    9.295471] CPU RX FIFO consumed size = 65536

[    9.299814] [ DDR non-cache ]

[    9.302781] DEEPQ pool0 buffer start addr = 0xffffffc014000000

[    9.308591] DEEPQ pool0 buffer physical addr = 0x9000000

[    9.313901] DEEPQ pool0 buffer count = 4096

[    9.318060] DEEPQ pool0 buffer size = 512

[    9.322068] DEEPQ pool0 consumed size = 0

[    9.326054] DEEPQ pool1 buffer start addr = 0xffffffc014000000

[    9.331893] DEEPQ pool1 buffer physical addr = 0x9000000

[    9.337174] DEEPQ pool1 buffer count = 11808

[    9.341444] DEEPQ pool1 buffer size = 2048

[    9.345514] DEEPQ pool1 consumed size = 24182784

[    9.350118] Main Hash table entry start addr = 0xffffffc015710000

[    9.356213] Main Hash table entry physical addr = 0xa710000

[    9.361773] Main Hash tabel entry length = 4

[    9.366017] Main Hash table entry count = 65536

[    9.370536] Main Hash table consumed size = 262144

[    9.375326] Main FIB action table entry addr = 0xffffffc015750000

[    9.381407] Main FIB action table entry physical addr = 0xa750000

[    9.387477] Main FIB action table entry length = 48

[    9.392354] Main FIB action table entry count = 65536

[    9.397381] Main FIB action table consumed size = 3145856

[    9.405427] L2_QM : EQ-0(0), EQ-1(4K) - system uses 4K * 64bytes buffer configuration.

[    9.413196] L2_QM : port private buffer number is 29

[    9.418148] L2_TM : enable ES for port 00, 01, 02, 03, 04, 05, 06, 07, 08, 09, 10, 11, 12, 13, 15

[    9.427051] L2_TE : initialize WRED profile & selection table ... 

[    9.427060] done.

[    9.435154] L3_TE : initialize WRED profile & selection table ... 

[    9.435162] done.

[    9.443158] L3_TE : initialize PIE ... 

[    9.443458] done.

[    9.449092] L2_TM_CB : initialize VoQ based buffer profile & selection table ... 

[    9.449113] done.

[    9.458466] done.

[    9.460340] done.

[    9.462255] 

[    9.462255] 

[    9.462255] end of aal_l2_tm_cb_init

[    9.462255] 

[    9.472884] === device_id 0 ===

[    9.475856] === L3FE_STG0_CTRL : 0x0014787c ===

[    9.480373] lpb_idx_mode=0

[    9.483081] mac_fltr_fail_pkt_mru_chk_en=0

[    9.487150] mru_chk_fail_pkt_l2_lkup_dis=1

[    9.491247] other_mac_pkt_keep_lspid_en=1

[    9.495230] wan_lspid=0x07

[    9.497924] use_lspid_ovwr_o_lspid=0

[    9.501498] spcl_pkt_keep_old=1

[    9.504613] wan_lspid_1=0x07

[    9.507480] msk_my_mac_match_en_for_lspid_upd=1

[    9.512010] keep_lspid_unchange=0

[    9.515300] my_mac_fail_pkt_bypass_cls=1

[    9.519209] chk_mymac_for_lan=0

[    9.522350] === L3FE_STG0_LDPID_MAP : 0x03985907 ===

[    9.527289] rule_0=0x07, lpb_idx_0=0

[    9.530863] rule_1=0x19, lpb_idx_1=1

[    9.534414] rule_2=0x18, lpb_idx_2=2

[    9.537975] default, lpb_idx_3=3

[    9.541202] === L3FE_STG0_LPB_TBL_0 : 0x18100190 ===

[    9.546142] lspid=0x18, default_ldpid=0x19

[    9.550226] special_en=1, special_sel=0

[    9.554062] mac_da_match_en=0, mac_da_match_mask=0, t1_ctrl=0, t5_ctrl=15

[    9.560837] === L3FE_STG0_LPB_TBL_1 : 0x19180180 ===

[    9.565778] lspid=0x19, default_ldpid=0x18

[    9.569861] special_en=1, special_sel=1

[    9.573704] mac_da_match_en=0, mac_da_match_mask=0, t1_ctrl=1, t5_ctrl=15

[    9.580460] === L3FE_STG0_LPB_TBL_2 : 0x18100190 ===

[    9.585425] lspid=0x18, default_ldpid=0x19

[    9.589496] special_en=1, special_sel=0

[    9.593332] mac_da_match_en=0, mac_da_match_mask=0, t1_ctrl=0, t5_ctrl=15

[    9.600095] === L3FE_STG0_LPB_TBL_3 : 0x1a1bfd90 ===

[    9.605058] stg0_lpb_tbl_hi.wrd=0x1a1bfd90

[    9.609130] lspid=0x1a, default_ldpid=0x19

[    9.613225] special_en=1, special_sel=1

[    9.617037] mac_da_match_en=0, mac_da_match_mask=255, t1_ctrl=1, t5_ctrl=15

[    9.624228] _hash_tbls_init: data.chip_revision=B

[    9.630074] aal_hash_hash_table_size_set: hashTbl_size = 65536, hashBucket_size = 8, hashAction_width = 256

[    9.639667] aal_hash_hash_table_size_set: hash_ini.bf.ht_size = 7

[    9.645743] aal_hash_hash_table_size_set: hash_ini.bf.hb_size = 1

[    9.651825] aal_hash_hash_table_size_set: hash_ini.bf.ha_width = 3

[    9.657983] aal_hash_cache_table_size_set: hach cache mode: INTERNAL_SRAM, cacheTbl_size = 2048, cacheAction_width = 224

[    9.668853] aal_hash_cache_table_size_set: hash_cache_ini.bf.ct_size = 4

[    9.675542] aal_hash_cache_table_size_set: hash_cache_ini.bf.ca_width = 3

[    9.682318] aal_hash_cache_table_size_set: hash_cache_ini.bf.fib_sram = 1

[    9.689082] aal_hash_cache_table_size_set: hash_cache_ini.bf.cache_half = 0

[    9.696054] aal_hash_cache_age0_hit_set: hash_cache_ini.bf.cache_age0_hit = 1

[    9.703175] _hash_misc_init: HASH default fib: internal register mode, crc_ntfy_en: enable

[    9.711528] <__aal_fdb_sw_lrn_tbl_create, 1513>

[    9.716021] <__aal_fdb_static_mac_create, 1637>

[    9.721023] FDB init OK

[    9.724304] ca-ne: init MDIO OK.

[    9.727452] load CA_CFG_ID_GE_PORT_BIT_MAP: 0x1f

[    9.732140] load CA_CFG_ID_XGE_PORT_BIT_MAP: 0x40.

[    9.736833] Valid Ethernet ports bitmap : 0x5f

[    9.741383] ethernet port 0 interface type:  0

[    9.745781] ethernet port 1 interface type:  0

[    9.750211] ethernet port 2 interface type:  0

[    9.754657] ethernet port 3 interface type:  0

[    9.759074] ethernet port 4 interface type:  10

[    9.763601] ethernet port 6 interface type:  8

[    9.768022] load Ethernet port SCFG OK

[    9.771768] port_id=0 enable = 0 

[    9.775060] set port 0 mac enable to 0 

[    9.778971] port_id=1 enable = 0 

[    9.782279] set port 1 mac enable to 0 

[    9.786181] port_id=2 enable = 0 

[    9.789481] set port 2 mac enable to 0 

[    9.793402] port_id=3 enable = 0 

[    9.796692] set port 3 mac enable to 0 

[    9.800603] port_id=4 enable = 0 

[    9.803912] set port 4 mac enable to 0 

[    9.807814] port_id=6 enable = 0 

[    9.811126] set XE port 6 mac enable to 0 

[    9.815286] disalbe all ethernet ports OK

[    9.819280] auto detect Ethernet PHY start ...

[    9.824730] ca-ne: read Ethernet PHY 1 IDs(0x1c 0xcac4): phy_oui 0x732, phy_model 0x2c .

[    9.832666] ca-ne: detect Eth PHY RTL8211 at PHY addr 1

[    9.841888] attch PHY addr 1 to port 0 driver

[    9.846081] ca-ne: read Ethernet PHY 2 IDs(0x1c 0xcac4): phy_oui 0x732, phy_model 0x2c .

[    9.854168] ca-ne: detect Eth PHY RTL8211 at PHY addr 2

[    9.863379] attch PHY addr 2 to port 1 driver

[    9.867572] ca-ne: read Ethernet PHY 3 IDs(0x1c 0xcac4): phy_oui 0x732, phy_model 0x2c .

[    9.875659] ca-ne: detect Eth PHY RTL8211 at PHY addr 3

[    9.884878] attch PHY addr 3 to port 2 driver

[    9.889071] ca-ne: read Ethernet PHY 4 IDs(0x1c 0xcac4): phy_oui 0x732, phy_model 0x2c .

[    9.897158] ca-ne: detect Eth PHY RTL8211 at PHY addr 4

[    9.906375] attch PHY addr 4 to port 3 driver

[    9.910828] ca-ne: read Ethernet PHY 7 IDs(0x1c 0xc849): phy_oui 0x732, phy_model 0x4 .

[    9.918666] ca-ne: !!!No driver support for PHY at addr 7

[    9.924171] detect Ethernet PHY done, find 4 PHYs

[    9.964808] ca-ne: init intergrated PHY start

[    9.969084] ca-ne: reset internal PHY for patch

[    9.986650] phy_cal_load: param dev=(____ptrval____) cell=(____ptrval____)

[    9.993385] phy_cal_load: buf=(____ptrval____), len=4, sizeof(phy_param)=4

[   10.000226] phy_cal_load: read phy_param buf=(____ptrval____) len=4

[   10.006502] phy_cal_load: calibration dev=(____ptrval____) cell=(____ptrval____)

[   10.013879] phy_cal_load: read phy_k_data buf=(____ptrval____) len=32

[   10.020299] phy_cal_load: phy_patch dev=(____ptrval____) cell=(____ptrval____)

[   10.027516] phy_cal_load: read phy_patch buf=(____ptrval____) len=16

[   10.033857] rc_cal_len_s(0): 0x8889

[   10.037321] rc_cal_len_l(0):   0x8889

[   10.040979] amp_cal(0):    0x5566

[   10.044271] r_cal(0):      0x9999

[   10.047573] r_cal_msb(0):      0x0000

[   10.051231] rc_cal_len_s(1): 0x8898

[   10.054696] rc_cal_len_l(1):   0x8898

[   10.058345] amp_cal(1):    0x5554

[   10.061655] r_cal(1):      0x9999

[   10.064948] r_cal_msb(1):      0x0000

[   10.068597] rc_cal_len_s(2): 0x9999

[   10.072092] rc_cal_len_l(2):   0x9999

[   10.075721] amp_cal(2):    0x6666

[   10.079022] r_cal(2):      0x9999

[   10.082344] r_cal_msb(2):      0x0000

[   10.085973] rc_cal_len_s(3): 0x8898

[   10.089448] rc_cal_len_l(3):   0x8898

[   10.093111] amp_cal(3):    0x6566

[   10.096399] r_cal(3):      0x9999

[   10.099700] r_cal_msb(3):      0x0000

[   10.103361] start to write eFuse data to port 0 phy_addr 1

[   10.108824] rc_l 1 rc_s 1 r 1 amp 1 500m 0

[   10.114927] start to write eFuse data to port 1 phy_addr 2

[   10.120246] rc_l 1 rc_s 1 r 1 amp 1 500m 0

[   10.126345] start to write eFuse data to port 2 phy_addr 3

[   10.131678] rc_l 1 rc_s 1 r 1 amp 1 500m 0

[   10.137753] start to write eFuse data to port 3 phy_addr 4

[   10.143083] rc_l 1 rc_s 1 r 1 amp 1 500m 0

[   10.149161] ca-ne: phy_cal_load return 0

[   10.152927] aal_phy_get_chip_revision: data.chip_revision=B

[   10.306506] aal_phy_get_chip_revision: data.chip_revision=B

[   10.587975] ca-ne: init intergrated PHY OK

[   10.592017] aal_ni_eth_port_config_set: port_id=4, phy_intfs[port_id]=10, speed=2, port_static_cfg.wrd=0x200

[   10.603823] ca-ne: aal_ni_reset_intf init ...  OK NI_HV_GLB_INTF_RST_CONFIG = 0x0

[   10.611818] start restore Ethernet ports configuration from SCFG

[   10.617660] aal_eth_ports_restore: Enable port 0 OK

[   10.622536] aal_eth_ports_restore: Enable port 1 OK

[   10.627389] aal_eth_ports_restore: Enable port 2 OK

[   10.632268] aal_eth_ports_restore: Enable port 3 OK

[   10.637119] aal_eth_ports_restore: Enable port 4 OK

[   10.641994] aal_eth_ports_restore: Enable port 6 OK

[   10.646988] ca-ne: port scan thread create successfully.

[   10.648659] init L2FE,L3FE vlan done.

[   10.655856] aal_hash_mem_init: hash_overflow_fib data_len=0x0, hash_overflow_fib_virtual_addr=0x(____ptrval____)

[   10.665976] aal_hash_mem_init: hash_main_fib data_len=0x300000, hash_action_table_virtual_addr=0x(____ptrval____)

[   10.742470] aal_hash_mem_init: hash_main_hash data_len=0x40000, hash_table_virtual_addr=0x(____ptrval____)

[   10.757495] aal_ni_reset: reset NI done!

[   10.761259] aal_ni_init_tx_dma_lso: i = 0, vp_control.wrd=0xff

[   10.767070] aal_ni_init_tx_dma_lso: i = 1, vp_control.wrd=0xff

[   10.772901] aal_ni_init_tx_dma_lso: i = 2, vp_control.wrd=0xff

[   10.778713] aal_ni_init_tx_dma_lso: i = 3, vp_control.wrd=0xff

[   10.784541] aal_ni_init_tx_dma_lso: i = 4, vp_control.wrd=0xff

[   10.790354] aal_ni_init_tx_dma_lso: i = 5, vp_control.wrd=0xff

[   10.796182] aal_ni_init_tx_dma_lso: i = 6, vp_control.wrd=0xff

[   10.802004] aal_ni_init_tx_dma_lso: i = 7, vp_control.wrd=0xff

[   10.807817] aal_ni_init_tx_dma_lso: i = 8, vp_control.wrd=0xff

[   10.813648] aal_ni_init_tx_dma_lso: i = 9, vp_control.wrd=0xff

[   10.819459] aal_ni_init_tx_dma_lso: i = 10, vp_control.wrd=0xff

[   10.825383] aal_ni_init_tx_dma_lso: i = 11, vp_control.wrd=0xff

[   10.831288] Padding by DMAAFT rather than LSO

[   10.835622] aal_ni_init_nirx_l3fe_demux, 699, FIXME: QM ni port not work

[   10.842319] aal_ni_init_ni: ======= NI_HV_GLB_INTERNAL_PORT_ID_CFG ==============

[   10.849790] aal_l3qm_init_empty_buffer_CPU: i=4, reg_off=0xf4306240, cfg2_eq.wrd=0x580d

[   10.857783] aal_l3qm_init_empty_buffer_CPU: i=5, reg_off=0xf4306254, cfg2_eq.wrd=0x580d

[   10.865776] aal_l3qm_init_empty_buffer_CPU: i=6, reg_off=0xf4306268, cfg2_eq.wrd=0xf80d

[   10.873770] aal_l3qm_init_empty_buffer_CPU: i=7, reg_off=0xf430627c, cfg2_eq.wrd=0x580d

[   10.881792] capsram size is 278528  currect used size is 128.

[   10.887487] capsram reseve some mem for epp and dmalso, currect used size is 128 srvd size is 0.

[   10.896275] aal_l3qm_init_DQ_pools_pool0: sram_phy_start=0x80000080

[   10.902524] aal_l3qm_init_DQ_pools_pool0: pool_id=0, bid_start=4352

[   10.908771] aal_l3qm_init_DQ_pools_pool0: cfg0_eq.wrd=0x80000081, reg_off=0xf43061e8

[   10.916513] aal_l3qm_init_DQ_pools_pool0: cfg1_eq.wrd=0xf31100, reg_off=0xf43061ec

[   10.924071] aal_l3qm_init_DQ_pools_pool0: cfg2_eq.wrd=0xff03, reg_off=0xf43061f0

[   10.931458] aal_l3qm_init_DQ_pools_pool0: cfg3_eq.wrd=0x10, reg_off=0xf43061f4

[   10.938658] aal_l3qm_init_DQ_pools_pool0: cfg4_eq.wrd=0x0, reg_off=0xf43061f8

[   10.945812] aal_l3qm_init_DQ_pools_pool0: sram_phy_start=0x8001e800

[   10.952049] aal_l3qm_init_DQ_pools_pool0: pool_id=1, bid_start=4595

[   10.958293] aal_l3qm_init_DQ_pools_pool0: cfg0_eq.wrd=0x8001e801, reg_off=0xf43061fc

[   10.966033] aal_l3qm_init_DQ_pools_pool0: cfg1_eq.wrd=0x4b011f3, reg_off=0xf4306200

[   10.973681] aal_l3qm_init_DQ_pools_pool0: cfg2_eq.wrd=0xff01, reg_off=0xf4306204

[   10.981064] aal_l3qm_init_DQ_pools_pool0: cfg3_eq.wrd=0x10, reg_off=0xf4306208

[   10.988267] aal_l3qm_init_DQ_pools_pool0: cfg4_eq.wrd=0x0, reg_off=0xf430620c

[   10.995399] aal_l3qm_init_DQ_pools_pool1: dram_phy_start=0x9000000

[   11.001567] aal_l3qm_init_DQ_pools_pool1: pool_id=2, bid_start=5795

[   11.007814] aal_l3qm_init_DQ_pools_pool1: cfg0_eq.wrd=0x9000001, reg_off=0xf4306210

[   11.015468] aal_l3qm_init_DQ_pools_pool1: cfg1_eq.wrd=0x295d16a3, reg_off=0xf4306214

[   11.023200] aal_l3qm_init_DQ_pools_pool1: cfg2_eq.wrd=0xff05, reg_off=0xf4306218

[   11.030577] aal_l3qm_init_DQ_pools_pool1: cfg3_eq.wrd=0x10, reg_off=0xf430621c

[   11.037796] aal_l3qm_init_DQ_pools_pool1: cfg4_eq.wrd=0x0, reg_off=0xf4306220

[   11.044989] aal_l3qm_init_cpu_epp: EPP is 64-bit mode

[   11.049964] ca_us_rate_manager_init: g_us_rate_manager_init_done=0

[   11.056138] ca_ni_init_module_probe: ca_init() is done successfully!

[   11.062514] ca_ni_init_port_configs: port_cfg_infos[0].irq[0]=31

[   11.068467] ca_ni_init_port_configs: port_cfg_infos[1].irq[0]=32

[   11.074471] ca_ni_init_port_configs: port_cfg_infos[2].irq[0]=33

[   11.080454] ca_ni_init_port_configs: port_cfg_infos[3].irq[0]=34

[   11.086459] ca_ni_init_port_configs: port_cfg_infos[4].irq[0]=35

[   11.092456] ca_ni_init_port_configs: port_cfg_infos[5].irq[0]=36

[   11.098438] ca_ni_init_port_configs: port_cfg_infos[6].irq[0]=37

[   11.104443] ca_ni_init_port_configs: port_cfg_infos[7].irq[0]=38

[   11.110421] ca_ni_init_cpu_ports: ca_ni_num_intf=2

[   11.115259] ca_ni_init_cpu_ports: port_cfg_infos[0].irq[0]=31

[   11.120961] ca_ni_init_cpu_ports: port_cfg_infos[1].irq[0]=32

[   11.126666] ca_ni_dump_intfs: ===================== interface 0 ===================

[   11.134323] ni_info_data.dev[i]=0x(____ptrval____), cep=0x(____ptrval____)

[   11.141184] cpu_port[0]=0, port_cfg_infos[0].irq[0]=31

[   11.146300] port_id[0]=7

[   11.148821] MAC ADDR=00:13:25:00:00:01

[   11.152567] duplex=0x1, flowctrl=0x3, tx_ldpid=7

[   11.157161] ca_ni_dump_intfs: ===================== interface 1 ===================

[   11.164815] ni_info_data.dev[i]=0x(____ptrval____), cep=0x(____ptrval____)

[   11.171681] cpu_port[0]=1, port_cfg_infos[1].irq[0]=32

[   11.176795] port_id[0]=0

[   11.179314] port_id[1]=1

[   11.181851] port_id[2]=2

[   11.184353] port_id[3]=3

[   11.186874] port_id[4]=4

[   11.189392] port_id[5]=6

[   11.191924] MAC ADDR=00:13:25:00:00:02

[   11.195649] duplex=0x1, flowctrl=0x3, tx_ldpid=25

[   11.212249] ni fill QM eq buffer: eqid 4 cnt 768

[   11.217059] ni fill QM eq buffer: eqid 5 cnt 768

[   11.221879] ni fill QM eq buffer: eqid 6 cnt 2048

[   11.227378] ni fill QM eq buffer: eqid 7 cnt 768

[   11.232233] ca_ni_fill_eq_buf_pool: skb alloc data size 1536, headroom 128, end offset 1664, shared info size 320, push len 64, store skb offset 2040

[   11.245473] ca_ni_init_module_probe: ======= after CPU pool bid count=768 =======

[   11.252999] ca_ni_init_module_probe: QM refill req irq num = 43 44 45 46

[   11.259621] ca_ni_get_chip_revision: data.chip_revision=66

[   11.265104] ca_ni_dma_lso_init_startup_config: ca_ni_chip_revision=66

[   11.271538] ca_ni_dma_lso_init_startup_config: aal_scfg_read(CFG_ID_DMA_LSO_ACE_TEST), dma_lso_ace_test=1

[   11.281090] ca_ni_dma_lso_init_startup_config: aal_scfg_read(CFG_ID_NE_CA_TX_BY_START_XMIT), ca_tx_by_start_xmit=1

[   11.291429] ca_ni_dma_lso_init_startup_config: aal_scfg_read(CFG_ID_PON_VOQ_MODE), puc_voq_mode=0

[   11.300780] ca_ni_init_tx_dma_lso_interrupts: irq=132

[   11.305713] ca_ni_init_tx_dma_lso_interrupts: irq=133

[   11.310764] ca_ni_init_tx_dma_lso_interrupts: irq=134

[   11.315990] ============cep->port_cfg.irq[0] = 31 name = eth0 set smp_affinity to 0x2

[   11.323676] ============cep->port_cfg.irq[0] = 32 name = nas0 set smp_affinity to 0x2

[   11.333276] ca_l2fp_init for cpu 0x12 ~ 0x17 done!

[   11.338685] eth0.2: CA NI, 00:00:01:00:02:00, IRQ 45315340

[   11.344846] eth0.3: CA NI, 00:00:01:00:02:00, IRQ 45315340

[   11.350991] eth0.4: CA NI, 00:00:01:00:02:00, IRQ 45315340

[   11.357074] eth0.5: CA NI, 00:00:01:00:02:00, IRQ 45315340

[   11.363219] eth0.6: CA NI, 00:00:01:00:02:00, IRQ 45315340

[   11.369349] eth0.7: CA NI, 00:00:01:00:02:00, IRQ 45315340

[   11.375490] eth0.8: CA NI, 00:00:01:00:02:00, IRQ 45315340

[   11.380971] eth0.2 -> port 0

[   11.383692] eth0.3 -> port 1

[   11.386559] eth0.4 -> port 2

[   11.389425] eth0.5 -> port 3

[   11.392309] eth0.6 -> port 6

[   11.395159] eth0.7 -> port 4

[   11.398026] eth0.8 -> port 5

[   11.400914] nas0 -> port 7

[   11.403587] eth0.2 -> port 0

[   11.406453] eth0.3 -> port 1

[   11.409320] eth0.4 -> port 2

[   11.412199] eth0.5 -> port 3

[   11.415054] eth0.6 -> port 6

[   11.417921] eth0.7 -> port 4

[   11.420808] eth0.8 -> port 5

[   11.423656] nas0 -> port 7

[   11.426396] nic_rxhook_init: init nic RX Hook functions.

[   11.431756] nic_rxhook_init: nic_register_rxhook=(____ptrval____)

[   11.437730] nic_rxhook_init: nic_unregister_rxhook=(____ptrval____)

[   11.443999] [nic_hook_rx_register-52] nicRxHook=(____ptrval____)

[   11.449981] [nic_unhook_rx_register-64] nicRxUnHook=(____ptrval____)

[   11.456433] [nic_register_rxhook-178] portmask=fffffff, pri:0, rx=(____ptrval____)

[   11.463897] first entry: 0, portmask 268435455, rx: (____ptrval____)

[   11.470226] [nic_register_rxhook-178] portmask=fffffff, pri:9, rx=(____ptrval____)

[   11.477796] insert here, priority: 9, portmask 268435455, rx: (____ptrval____)

[   11.485021] [nic_register_rxfunc_all_port-3187] pfunc=(____ptrval____) ca_ni_num_intf=2

[   11.493000] [nic_register_rxfunc_by_port-3173] port =0, pfunc=(____ptrval____)

[   11.500199] [nic_register_rxfunc_by_port-3173] port =1, pfunc=(____ptrval____)

[   11.507421] nic_txhook_init: init nic TX Hook functions.

[   11.512721] [nic_register_txfunc_default-3252] txfunc=(____ptrval____)

[   11.519889] ca_ni_init_module: platform_driver_register() return ret=0

rtkbosa: Don’t care pon mode, use general file
cat: can't open '/var/config/rtkbosa_k_checksum': No such file or directory
rtkbosa: checksumold = 
rtkbosa: Use general file [/var/config/rtkbosa_k.bin]
[1;33;46mrtkbosa: Version 2.15 (Jan 14 2024 - 18:35:07)[m
rtkbosa: Detecting RTL8290B ...
rtkbosa: Error (0x10): The chip is not found
rtkbosa: Detecting UX3320_S ...
rtkbosa: Detecting UX3360 ...
rtkbosa: Detecting UX3361 ...
rtkbosa: Detecting Semtech Series (GN2xL9x) ...
rtkbo[   12.357325] random: fast init done

sa: Detecting Semtech Bosa ID ...
[1;33;46mrtkbosa: SEMTECH GN25L95 is Found[m
[1;33;46mrtkbosa: none EEPROM exists.[m
rtkbosa: Starting Init GN25L95 ...
rtkbosa: Open file [/var/config/rtkbosa_k.bin]
rtkbosa: (0) Dump A0 (Disabled)
rtkbosa: (1) Dump LUTs4 Data
rtkbosa: (2) Dump LUTs5 Data
rtkbosa: (3) Dump LUTs6 Data
rtkbosa: (4) Dump A2.table2
rtkbosa: (5) Dump all slope and offsets - A2_TABLE2
rtkbosa: (6) Dump all alarms and warnings levels A2-Lower
rtkbosa: (7) Set PON_CONTROL
rtkbosa: (8) Enable all alarms and warnings
rtkbosa:   Read  reg (A2T1.249): c0
rtkbosa:   Write reg (A2T1.249): c0
rtkbosa:   Read  reg (A2T1.253): c0
rtkbosa:   Write reg (A2T1.253): c0
rtkbosa: (9) Soft TX disable reset
rtkbosa:   Read  Soft TX reg (A2T1.110): c2
rtkbosa:   Write Soft TX reg (A2T1.110): c2
rtkbosa:   Write Soft TX reg (A2T1.110): 82
rtkbosa: (10) Set Safe Mode Start Up
rtkbosa: (11) Set up the password level
[1;33;46mrtkbosa: 8277B/9607DA(Get): A2/0xBB = 0x1c[m
[1;33;46mrtkbosa: 8277B/9607DA(Set): A2/0xBB = 0x1c[m
[1;33;46mrtkbosa: A2.T2/0xB1 = 0x0c[m
[1;33;46mrtkbosa: A2.T2/0xB7 = 0x41[m
rtkbosa: Init done ...
rtkbosa: [LD] Do NOT save A0 data for Semtech BOSA

[1;33;46mrtkbosa: done[m
diable printk=  0  parameter is  1
/etc/init.d/rc3: line 7: /bin/checkomci: not found
default CFG_ID_PON_MAC_MODE of scfg is IGNORED(0xFF) ...
set RT PONMAC mode=0, speed=0
rt_ponmisc init 
RTK.0> command:set RT ponmisc burstPolarityReverse state disable
rt_[   12.916052] __psds_burst_polarity_set: unknown PSDS mode:255

ponmisc set burstPolarityReverse state disable 
Error (0xffffffff): General Error
RTK.0> command:rt_ponmisc set mode 0 speed 0 
RTK.0> command:Loading modules: ca-ne ca-plat-kernel ca-sdk-cb libscfg [   13.323191] [FCMGR] module init, detect 4 cpus online @rtk_fc_mgr_init(667)

[   13.330471] fc_db.controlFuc.external_switch_en = 0 external_switch_port_offset = 0

[   13.338029] fc_db.controlFuc.mem_leak_debug = 0 fc_db.controlFuc.vlan_filtering = 0

[   13.345627] fc_db.controlFuc.special_fast_forward_mode = 0 fc_db.controlFuc.hwnat_customize = 0 fc_db.controlFuc.hwnat_customize_nptv6_sram_acc_v2 = 0

[   13.361139] dal_rtl8277c_gpio_ioremap_init 106: GPIO ioremap success!!!

[   13.414711] IPG_CMPS_CFG REG: 0x5500

[   13.468417] FC mirror function is not ready!

[   13.474398] [HWNAT] rtk_8277c_init: #####Set keep_lspid_unchange to 1#####  @rtk_8277c_init(4220)

[   13.483132] [HWNAT] rtk_8277c_init: #####Set wan_rxsel to 2#####  @rtk_8277c_init(4227)

[   13.491117] [HWNAT] rtk_8277c_init: #####Set wan_ind to 1#####  @rtk_8277c_init(4239)

[   13.498923] [HWNAT] rtk_8277c_init: #####Set stg0tbl[0]mac_da_match_en to 0#####  @rtk_8277c_init(4248)

[   13.508317] [HWNAT] rtk_8277c_init: #####Set stg0tbl[1]mac_da_match_en to 0#####  @rtk_8277c_init(4248)

[   13.517699] [HWNAT] rtk_8277c_init: #####Set stg0tbl[2]mac_da_match_en to 0#####  @rtk_8277c_init(4248)

[   13.527082] [HWNAT] rtk_8277c_init: #####Set stg0tbl[3]mac_da_match_en to 0#####  @rtk_8277c_init(4248)

[   13.573681] [HWNAT] rtk_8277c_acl_init: ##### L2/L3 CLS initialization success.#####  @rtk_8277c_acl_init(4084)

[   13.583668] [HWNAT] rtk_8277c_init: #####Disable L2FE/L3FE QoS Decision#####  @rtk_8277c_init(4313)

[   13.593655] [nic_register_rxfunc_by_port-3173] port =2, pfunc=(____ptrval____)

[   13.600714] ca_ni_virtual_instance_open: cep->port_cfg.irq=33

[   13.606529] [HWNAT] Enable CPU port 0x12 @rtk_8277c_cpuport_init(3472)

[   13.612989] [nic_register_rxfunc_by_port-3173] port =3, pfunc=(____ptrval____)

[   13.620172] ca_ni_virtual_instance_open: cep->port_cfg.irq=34

[   13.626044] [HWNAT] Enable CPU port 0x13 @rtk_8277c_cpuport_init(3472)

[   13.632448] [nic_register_rxfunc_by_port-3173] port =4, pfunc=(____ptrval____)

[   13.639634] ca_ni_virtual_instance_open: cep->port_cfg.irq=35

[   13.645419] [HWNAT] Enable CPU port 0x14 @rtk_8277c_cpuport_init(3472)

[   13.651899] [nic_register_rxfunc_by_port-3173] port =5, pfunc=(____ptrval____)

[   13.659094] ca_ni_virtual_instance_open: cep->port_cfg.irq=36

[   13.664871] [HWNAT] Enable CPU port 0x15 @rtk_8277c_cpuport_init(3472)

[   13.671367] [nic_register_rxfunc_by_port-3173] port =6, pfunc=(____ptrval____)

[   13.678556] ca_ni_virtual_instance_open: cep->port_cfg.irq=37

[   13.684335] [HWNAT] Enable CPU port 0x16 @rtk_8277c_cpuport_init(3472)

[   13.690821] [nic_register_rxfunc_by_port-3173] port =7, pfunc=(____ptrval____)

[   13.698018] ca_ni_virtual_instance_open: cep->port_cfg.irq=38

[   13.703794] [HWNAT] Enable CPU port 0x17 @rtk_8277c_cpuport_init(3472)

[   13.710267] [HWNAT] Init dmalso global config  @rtk_8277c_dmalso_init(3498)

[   13.717364] [HWNAT] Padding by DMAAFT rather than LSO  @rtk_8277c_dmalso_init(3514)

[   13.724881] Padding by DMAAFT rather than LSO

[   13.729208] [HWNAT] Init Per CPU port VP header by-pass l2fe  @rtk_8277c_dmalso_init(3517)

[   13.737474] aal_ni_set_dma_lso_headerA: port_no=0, ldpid=0, febypass=1

[   13.743988] aal_ni_set_dma_lso_headerA: port_no=1, ldpid=0, febypass=1

[   13.750492] aal_ni_set_dma_lso_headerA: port_no=2, ldpid=0, febypass=1

[   13.757020] aal_ni_set_dma_lso_headerA: port_no=3, ldpid=0, febypass=1

[   13.763535] aal_ni_set_dma_lso_headerA: port_no=4, ldpid=0, febypass=1

[   13.770040] aal_ni_set_dma_lso_headerA: port_no=5, ldpid=0, febypass=1

[   13.776567] aal_ni_set_dma_lso_headerA: port_no=6, ldpid=0, febypass=1

[   13.783084] aal_ni_set_dma_lso_headerA: port_no=7, ldpid=0, febypass=1

[   13.789588] aal_ni_set_dma_lso_headerA: port_no=8, ldpid=0, febypass=1

[   13.796116] aal_ni_set_dma_lso_headerA: port_no=9, ldpid=0, febypass=1

[   13.802631] aal_ni_set_dma_lso_headerA: port_no=10, ldpid=0, febypass=1

[   13.809223] aal_ni_set_dma_lso_headerA: port_no=11, ldpid=0, febypass=1

[   13.815837] [HWNAT] Init DMALSO done  @rtk_8277c_dmalso_init(3522)

[   13.822018] [HWNAT] rtk_8277c_flow_init: ##### hash fib bits width: flow(type-0) act_mask 0x140000 (224 bits), type-1 act_mask 0x0 (0 bits), default act_mask 0xd0000 (80 bits)  @rtk_8277c_flow_init(3861)

[   13.840106] [HWNAT] rtk_8277c_flow_hash_profile_init: ##### init hash profile 0 (RTK_8277C_FLOW_PROFILE_FLOW_5TUPLE), profile 0 hash_mask_idx = 0  @rtk_8277c_flow_hash_profile_init(3660)

[   13.856691] [HWNAT] rtk_8277c_flow_hash_profile_init: ##### init hash profile 1 (RTK_8277C_FLOW_PROFILE_FLOW_2TUPLE), profile 0 hash_mask_idx = 1  @rtk_8277c_flow_hash_profile_init(3696)

[   13.873281] [HWNAT] rtk_8277c_flow_hash_profile_init: ##### init hash profile 2 (RTK_8277C_FLOW_PROFILE_FLOW_MC), profile 0 hash_mask_idx = 2  @rtk_8277c_flow_hash_profile_init(3715)

[   13.889523] [HWNAT] rtk_8277c_flow_hash_profile_init: ##### init hash profile 2 (RTK_8277C_FLOW_PROFILE_FLOW_MC), profile 1 hash_mask_idx = 3  @rtk_8277c_flow_hash_profile_init(3740)

[   13.905769] [HWNAT] rtk_8277c_flow_hash_profile_init: ##### init hash profile 3 (RTK_8277C_FLOW_PROFILE_FLOW_5TUPLE_TCP_FLAG0), profile 0 hash_mask_idx = 4  @rtk_8277c_flow_hash_profile_init(3783)

[   13.923233] [HWNAT] rtk_8277c_flow_hash_profile_init: ##### init hash profile 4 (RTK_8277C_FLOW_PROFILE_DEFAULT_DROP), profile 0 hash_mask_idx = 5  @rtk_8277c_flow_hash_profile_init(3797)

[   13.950837] set dev 0 L3FE_PP_SPKTP_DATA = 0x1c, l3specpkt_priority 56

[   13.957217] set dev 0 L3FE_PP_SPKTP_DATA = 0x1d, l3specpkt_priority 55

[   14.106748] RTK FleetConntrack Driver - core module init

[   14.111932]  - version: dev.0.0 (00000000) 0000-00-00-0000

[   14.117376]  - mem usage 12675 KB (malloc:2985184  fc_db:9994216)

[   14.123479] [nic_register_rxhook-178] portmask=3ffffff, pri:1, rx=(____ptrval____)

[   14.131028] insert here, priority: 1, portmask 67108863, rx: (____ptrval____)

[   14.138142] [nic_register_rxhook-178] portmask=3ffffff, pri:10, rx=(____ptrval____)

[   14.145794] insert here, priority: 10, portmask 67108863, rx: (____ptrval____)

[   14.153009] [nic_register_txfunc-3223] txfunc=(____ptrval____)

[   14.158818] RTK FleetConntrack Driver - manager module init

[   14.164393]  - mem usage 179 KB (db:48088 nicrx_ipi:136192)

[   14.426929] cfg80211: Loading compiled-in X.509 certificates for regulatory database

[   14.441024] cfg80211: Loaded X.509 cert 'sforshee: 00b28ddf47aef9cea7'

[   15.936155] rtk_wifi6 0000:01:00.0: enabling device (0000 -> 0003)

[   15.942345] [rtw_dev_probe] dev_probe_num:1 padapter:0x0000000000000000 dev_id:0 

[   15.950561] PHL: Use chip layer register read functions!

[   15.955740] PHL: [MAC] MAC_AX_MAJOR_VER = 0

[   15.955740] MAC_AX_PROTOTYPE_VER = 27

[   15.955740] MAC_AX_SUB_VER = 75

[   15.955740] MAC_AX_SUB_INDEX = 0

[   15.970291] PHL: [MAC] [ERR]Access efuse in suspend

[   15.977147] PHL: [MAC] fv = 1

[   15.979966] dbg [rtw_hal_mac_init][1065]chip_cut = 1 

[   15.989056] PHL: CH[0] Alloc 8192B RX buffer, got available size 16000B

[   15.995809] PHL: CH[1] Alloc 192B RX buffer, got available size 640B

[   16.003342] PHL: RP agg is 121 for 640.

[   16.007409] PHL: hal_cfg_fw_8852c : fw_en 1.

[   16.014275] PHL: [MAC] Clear all bd index done.

[   16.018716] PHL: [MAC] Downloading Chip HW ID: 2

[   16.023263] PHL: [MAC] [FWDL] Query Internal FW Chip_ID = 0x2

[   16.028978] PHL: [MAC] [FWDL] Query Internal FW Cut = 0x1

[   16.034375] PHL: [MAC] [FWDL] Query Internal FW cat = 0x2

[   16.041926] PHL: [MAC] 0x0000/0x0000

[   16.080886] eric-tx CALL alloc_txring !!!!

[   16.088768] swq tasklet init padapter=(____ptrval____) dvobj=(____ptrval____)

[   16.095800] padapter=(____ptrval____) dvobj=(____ptrval____)

[   16.104221] eric-tx CALL alloc_txring !!!!

[   16.108262] padapter=(____ptrval____) dvobj=(____ptrval____)

[   16.116540] eric-tx CALL alloc_txring !!!!

[   16.120580] padapter=(____ptrval____) dvobj=(____ptrval____)

[   16.128873] eric-tx CALL alloc_txring !!!!

[   16.132946] padapter=(____ptrval____) dvobj=(____ptrval____)

[   16.141232] eric-tx CALL alloc_txring !!!!

[   16.145285] padapter=(____ptrval____) dvobj=(____ptrval____)

[   16.153531] eric-tx CALL alloc_txring !!!!

[   16.157571] padapter=(____ptrval____) dvobj=(____ptrval____)

[   16.165873] eric-tx CALL alloc_txring !!!!

[   16.169922] padapter=(____ptrval____) dvobj=(____ptrval____)

[   16.175709] dbg [rtw_build_he_phy_caps][782]force enable RX ldpc

[   16.181574] dbg [rtw_build_he_phy_caps][794]no RX stbc 

[   16.186767] dbg [rtw_build_he_phy_caps][782]force enable RX ldpc

[   16.192773] dbg [rtw_build_he_phy_caps][794]no RX stbc 

[   16.197972] dbg [rtw_cfg80211_init_wiphy][10875]enable A4 

[   16.206591] rtk_wifi6 0001:01:00.0: enabling device (0000 -> 0003)

[   16.212903] [rtw_dev_probe] dev_probe_num:2 padapter:0x0000000000000000 dev_id:1 

[   16.221321] PHL: Use chip layer register read functions!

[   16.226492] PHL: [MAC] MAC_AX_MAJOR_VER = 0

[   16.226492] MAC_AX_PROTOTYPE_VER = 27

[   16.226492] MAC_AX_SUB_VER = 75

[   16.226492] MAC_AX_SUB_INDEX = 0

[   16.241105] PHL: [MAC] [ERR]Access efuse in suspend

[   16.247990] PHL: [MAC] fv = 0

[   16.250834] dbg [rtw_hal_mac_init][1065]chip_cut = 0 

[   16.259469] PHL: CH[0] Alloc 3584B RX buffer, got available size 3712B

[   16.266157] PHL: CH[1] Alloc 192B RX buffer, got available size 640B

[   16.273733] PHL: RP agg is 121 for 640.

[   16.277792] PHL: hal_cfg_fw_8192xb : fw_en 1.

[   16.290287] PHL: [MAC] Clear all bd index done.

[   16.294754] PHL: [MAC] Downloading Chip HW ID: 3

[   16.299257] PHL: [MAC] [FWDL] Query Internal FW Chip_ID = 0x3

[   16.305010] PHL: [MAC] [FWDL] Query Internal FW Cut = 0x0

[   16.310376] PHL: [MAC] [FWDL] Query Internal FW cat = 0x2

[   16.315833] PHL: [MAC] 0x0000/0x0000

[   16.357251] eric-tx CALL alloc_txring !!!!

[   16.364257] swq tasklet init padapter=(____ptrval____) dvobj=(____ptrval____)

[   16.371332] padapter=(____ptrval____) dvobj=(____ptrval____)

[   16.379723] eric-tx CALL alloc_txring !!!!

[   16.383811] padapter=(____ptrval____) dvobj=(____ptrval____)

[   16.392037] eric-tx CALL alloc_txring !!!!

[   16.396081] padapter=(____ptrval____) dvobj=(____ptrval____)

[   16.404366] eric-tx CALL alloc_txring !!!!

[   16.408400] padapter=(____ptrval____) dvobj=(____ptrval____)

[   16.416698] eric-tx CALL alloc_txring !!!!

[   16.420826] padapter=(____ptrval____) dvobj=(____ptrval____)

[   16.428952] eric-tx CALL alloc_txring !!!!

[   16.433050] padapter=(____ptrval____) dvobj=(____ptrval____)

[   16.441294] eric-tx CALL alloc_txring !!!!

[   16.445343] padapter=(____ptrval____) dvobj=(____ptrval____)

[   16.451082] dbg [rtw_build_he_phy_caps][782]force enable RX ldpc

[   16.456924] dbg [rtw_build_he_phy_caps][794]no RX stbc 

[   16.462181] dbg [rtw_build_he_phy_caps][782]force enable RX ldpc

[   16.468131] dbg [rtw_build_he_phy_caps][794]no RX stbc 

[   16.473377] dbg [rtw_cfg80211_init_wiphy][10875]enable A4 

[   16.511878] rtl8221b: rtk_rtl8221b_moudle_init

[   16.516203] ca_pmx_request_gpio: offset:e reg_off:10 bit_off:e

[   16.822043] rtl8221b: Phys init. will be done by extGphy

[   16.827217] rtl8221b: Creat 3 proc entry.

[   16.856405] extGphy: RTK External GPHY Module Init.

[   16.861353] extGphy: rtk_ext_gphy_probe with .dts

[   16.865892] extGphy: Number of Port/GPHY Mapping (.dts) = 1

[   16.871740] extGphy: read Ethernet PHY 7 IDs(0x1c 0xc849): phy_oui 0x732, phy_model 0x4

[   16.879583] extGphy: detect Eth PHY RTL8226B at PHY addr 7

[   16.885092] extGphy: Set port 4 as HiSGMII/SGMII (Default 1G)

[   16.890870] extGphy: External GPHY List:

[   16.894703] extGphy: #0 node (ffffff800cdcf780): [Port 4] [phyAddr 7] [ST C45] [RTL8226b]

[   16.902874] extGphy: Total in the list: 1

[   16.906993] extGphy: Set port 6 as XFI (10G)

[   16.907078] PHY chip: RTL8221B-VB (id= 0xc849), API version: 0x20

[   16.912144] loading serders file: /etc/serdes/p6_serdes_xfi_10g_B.txt , mode=4, rev=66

[   16.917281] [1;33;46mrtl8221b: Disable phy (addr7)[m

[   16.929143] loading serders file: /etc/serdes/p6_serdes_xfi_10g.txt , mode=4

[   16.930342] [1;33;46mrtl8221b: Init PHY mac4 [unit0 addr7] Done[m

[   16.943532] rtl8221b: default serdes mode: 1

[   16.952015] ca-sds: load p6 SerDes configuration from SerDes file OK

[   17.388538] extGphy: Creat proc entry.

find: /lib/modules/users/: No such file or directory

Unix Socket Connect to server failed!!!: No such file or directory
Unable to open unix socket file /var/run/systemd.usock!!!
[   18.024235] pf_rt_fc: unknown parameter 'pon_speed' ignored

[   18.029966] ca-pon: load PON_VOQ_MODE: 0

[   18.033751] ca-pon: load BWMP_RSP_TM: 0x1543

[   18.037979] ca-pon: load ACTP_TOZ: 0x13880

[   18.042073] ca-pon: load ACTP_TO23: 0x3e8

[   18.046059] ca-pon: load ACTP_TO4: 0x3e8

[   18.049968] ca-pon: load ACTP_TO5: 0x3e8

[   18.053887] ca-pon: load CFG_ID_PON_LASER_ALIGN: 0x20.

[   18.059013] ca-pon: init PON_RX_LOS_POLARITY_INVERT as 0.

[   18.064486] ca-pon: init PON Tx laser polarity as 0

[   18.069344] ca-pon: init PON SerDes (mode: GPON, reversion B)

[   18.177111] loading serders file: /etc/serdes/pon_serdes_gpon_B.txt , mode=3, rev=66

[   18.184774] loading serders file: /etc/serdes/pon_serdes_gpon.txt , mode=3

[   18.199900] ca-pon: load PON SerDes configuration from SerDes file successfully

[   18.207153] __psds_disable_gpon_los_rst: EPON_GLB_SPARE_CFG:0x00000000

[   18.213660] __psds_disable_gpon_los_rst: EPON_GLB_SPARE_CFG:0x80000000

[   18.220167] __psds_disable_gpon_los_rst: EPON_GLB_SPARE_CFG:0x80000000

[   19.327971] INFO: PON SERDES Rx clock status = 0x5c01.

[   19.332952] aal_psds_out_of_reset: Failed to do psds_sync

[   19.439341] __psds_gbox_init  rx_bit_order 1, tx_bit_order 1

[   19.445929] ca-pon: init PON SerDes OK

[   19.449511] ca-pon: init GPON SERDES OK 

[   19.553437] ca-pon: init GPON global control OK 

[   19.557891] ca-pon: init gpon password OK

[   19.562205] ca-pon: init GPON common OK 

[   19.565959] ca-pon: init GPON activation FSM OK

[   19.570839] ca-pon: init PDC OK

[   19.587880] ca-puc: initialization was done.

[   19.591994] ca-pon: init GPON DATAPATH OK

[   19.596021] ca-pon: init GPON kmsg OK 

[   19.599718] ca-pon: init GPON interrupt OK

[   19.603817] aal_xgpon_dsfp_rxmac_ctrl_set(): invalid max_pkt_size 12288

[   19.610786] ca-pon: Init gpon workqueue OK.

[   19.614834] ca-pon: IRQ 14 setup successfully.

[   19.619319] ca-pon: init OK.

[   19.622207] [rtl8277c]:	_dal_rtl8277c_gpon_db_init 368 tcontId[0].phyTcontId=1

[   19.629398] [rtl8277c]:	_dal_rtl8277c_gpon_db_init 368 tcontId[1].phyTcontId=2

[   19.636619] [rtl8277c]:	_dal_rtl8277c_gpon_db_init 368 tcontId[2].phyTcontId=3

[   19.643828] [rtl8277c]:	_dal_rtl8277c_gpon_db_init 368 tcontId[3].phyTcontId=4

[   19.651039] [rtl8277c]:	_dal_rtl8277c_gpon_db_init 368 tcontId[4].phyTcontId=5

[   19.658243] [rtl8277c]:	_dal_rtl8277c_gpon_db_init 368 tcontId[5].phyTcontId=6

[   19.665461] [rtl8277c]:	_dal_rtl8277c_gpon_db_init 368 tcontId[6].phyTcontId=7

[   19.672672] [rtl8277c]:	_dal_rtl8277c_gpon_db_init 368 tcontId[7].phyTcontId=8

[   19.679876] [rtl8277c]:	_dal_rtl8277c_gpon_db_init 368 tcontId[8].phyTcontId=9

[   19.687094] [rtl8277c]:	_dal_rtl8277c_gpon_db_init 368 tcontId[9].phyTcontId=10

[   19.694392] [rtl8277c]:	_dal_rtl8277c_gpon_db_init 368 tcontId[10].phyTcontId=11

[   19.701777] [rtl8277c]:	_dal_rtl8277c_gpon_db_init 368 tcontId[11].phyTcontId=12

[   19.709155] [rtl8277c]:	_dal_rtl8277c_gpon_db_init 368 tcontId[12].phyTcontId=13

[   19.716546] [rtl8277c]:	_dal_rtl8277c_gpon_db_init 368 tcontId[13].phyTcontId=14

[   19.723944] [rtl8277c]:	_dal_rtl8277c_gpon_db_init 368 tcontId[14].phyTcontId=15

[   19.731318] [rtl8277c]:	_dal_rtl8277c_gpon_db_init 368 tcontId[15].phyTcontId=21

[   19.738693] [rtl8277c]:	_dal_rtl8277c_gpon_db_init 368 tcontId[16].phyTcontId=23

[   19.746086] [rtl8277c]:	_dal_rtl8277c_gpon_db_init 368 tcontId[17].phyTcontId=24

[   19.753470] [rtl8277c]:	_dal_rtl8277c_gpon_db_init 368 tcontId[18].phyTcontId=25

[   19.760855] [rtl8277c]:	_dal_rtl8277c_gpon_db_init 368 tcontId[19].phyTcontId=26

[   19.768233] [rtl8277c]:	_dal_rtl8277c_gpon_db_init 368 tcontId[20].phyTcontId=27

[   19.775626] [rtl8277c]:	_dal_rtl8277c_gpon_db_init 368 tcontId[21].phyTcontId=28

[   19.783010] [rtl8277c]:	_dal_rtl8277c_gpon_db_init 368 tcontId[22].phyTcontId=29

[   19.790386] [rtl8277c]:	_dal_rtl8277c_gpon_db_init 368 tcontId[23].phyTcontId=30

[   19.797779] [rtl8277c]:	_dal_rtl8277c_gpon_db_init 368 tcontId[24].phyTcontId=31

[   19.805164] [rtl8277c]:	_dal_rtl8277c_gpon_db_init 368 tcontId[25].phyTcontId=16

[   19.812549] [rtl8277c]:	_dal_rtl8277c_gpon_db_init 368 tcontId[26].phyTcontId=17

[   19.819926] [rtl8277c]:	_dal_rtl8277c_gpon_db_init 368 tcontId[27].phyTcontId=18

[   19.827318] [rtl8277c]:	_dal_rtl8277c_gpon_db_init 368 tcontId[28].phyTcontId=19

[   19.834703] [rtl8277c]:	_dal_rtl8277c_gpon_db_init 368 tcontId[29].phyTcontId=20

[   19.842088] [rtl8277c]:	_dal_rtl8277c_gpon_db_init 368 tcontId[30].phyTcontId=22

[   19.849757] omci platform db suc!

[   19.852915] ponPort:7 cpuPort:16 rgmiiPort:-1 uniPortMask:0x1007f  etherPortMask:0x7f

[   19.860722] omci platform attached!

[   19.864213] [nic_register_rxhook-178] portmask=ffffffff, pri:9, rx=(____ptrval____)

[   19.871853] insert here, priority: 9, portmask -1, rx: (____ptrval____)

Loading TR-142 Module...
[   20.020621] Realtek TR-142 Module initialized.

[   20.075198] [rtk_tr142_nl_recv_msg] rtk_tr142_nl_pid = 1689

[   20.083709] Set mapping_outermost_vlan_by_mac_from_lut to 0 OK.

TR142_FEATURE_API_INIT_LIB ret = 0
[rtk_tr142_debug_log_set] log_enable = 0
tr142_app app_log_enable = 0
running GPON mode ...
Loading Realtek IGMP/ MLD Snooping Module...
[   20.279006] multicast_moudle_init 

----- do_rc [/etc/init.d/rc10] -----
/etc/init.d/rc10: line 2: can't create /proc/sys/net/ipv4/netfilter/ip_conntrack_tcp_timeout_established: nonexistent directory
----- do_rc [/etc/init.d/rc14] -----
----- do_rc [/etc/init.d/rc18] -----
----- do_rc [/etc/init.d/rc20] -----
----- do_rc [/etc/init.d/rc32] -----
----- do_rc [/etc/init.d/rc34] -----
Start rtk_ramonitor daemon!
run rcm voip script...
----- do_rc [/etc/init.d/rc35] -----
ponmode PON_MODE=1
argc 1, slicinitpower 1
[setup_usock_thread:6769] Create new theread for usock
[setup_pushbtn_thread:6064] Create new theread for pushbtn
Input driver version is 1.0.1
Input deca_pmx_request_gpio: offset:62 reg_off:1c bit_off:2

vice ID: bus 0x19Pull low GPIO 98 

 vendor 0x1 product 0x1 version 0x100
Input device name: "gpio-keys"
Supported events:
  Event type 0 (Sync)
  Event type 1 (Key)
    Event code 238 
    Event code 408 
    Event code 529 
  Event type 20 (Repeat)
Grab succeeded, ungrabbing.
Watchdog ping rate set to 6 seconds.
Watchdog TickiReset value to -1

ng Away!
Reset value to -1

Reset value to -1

Reset value to -1

Reset value to -1

Reset value to -1

Reset value to -1

Reset value to -1

Reset value to -1

Reset value to -1

0

Pull high GPIO 98 

Start SLIC init....

Pull low GPIO 98 

WLAN0 Dispatch mode: 0, cpu: 0

WLAN1 Dispatch mode: 0, cpu: 0

[HWNAT] rtk_8277c_flow_init: ##### hash fib bits width: flow(type-0) act_mask 0x140000 (224 bits), type-1 act_mask 0x0 (0 bits), default act_mask 0xd0000 (80 bits)  @rtk_8277c_flow_init(3861)

[HWNAT] rtk_8277c_flow_hash_profile_init: ##### init hash profile 0 (RTK_8277C_FLOW_PROFILE_FLOW_5TUPLE), profile 0 hash_mask_idx = 0  @rtk_8277c_flow_hash_profile_init(3660)

[HWNAT] rtk_8277c_flow_hash_profile_init: ##### init hash profile 1 (RTK_8277C_FLOW_PROFILE_FLOW_2TUPLE), profile 0 hash_mask_idx = 1  @rtk_8277c_flow_hash_profile_init(3696)

[HWNAT] rtk_8277c_flow_hash_profile_init: ##### init hash profile 2 (RTK_8277C_FLOW_PROFILE_FLOW_MC), profile 0 hash_mask_idx = 2  @rtk_8277c_flow_hash_profile_init(3715)

[HWNAT] rtk_8277c_flow_hash_profile_init: ##### init hash profile 2 (RTK_8277C_FLOW_PROFILE_FLOW_MC), profile 1 hash_mask_idx = 3  @rtk_8277c_flow_hash_profile_init(3740)

[HWNAT] rtk_8277c_flow_hash_profile_init: ##### init hash profile 3 (RTK_8277C_FLOW_PROFILE_FLOW_5TUPLE_TCP_FLAG0), profile 0 hash_mask_idx = 4  @rtk_8277c_flow_hash_profile_init(3783)

[HWNAT] rtk_8277c_flow_hash_profile_init: ##### init hash profile 4 (RTK_8277C_FLOW_PROFILE_DEFAULT_DROP), profile 0 hash_mask_idx = 5  @rtk_8277c_flow_hash_profile_init(3797)

Turn on phy power...
diable printk=  0  parameter is  0
/etc/scripts/board_init.sh: line 5: can't create /sys/class/leds/LED_USB0/device_name: nonexistent directory
/etc/scripts/board_init.sh: line 6: can't create /sys/class/leds/LED_USB1/device_name: nonexistent directory
Pull high GPIO 98 

Start SLIC init....

[1;31mRTK GLOBAL_GLOBAL_CONFIG: Power down offload1 cpu clock(PE1).[0m

[1;31mRTK GLOBAL_GLOBAL_CONFIG: Power down PCIE2 clock.[0m

init_spi_dev(index = 0)

[1;33mGLOBAL_PHY_CONTROL: 0x31c0112. cfg_xfi0_10g put into reset.[0m

init_spi_dev(spi_dev (____ptrval____))

[1;33mGLOBAL_PHY_CONTROL: 0x31c0110. cfg_xfi1_10g put into reset.[0m

force_skip is 0 

[rtk_tr142_veip_get_transparent_ifIndex] ifIndex = 0

4 cpu
   CMD: /bin/sh -c /bin/echo 7 nas0 > /proc/eth_nic/dev_port_mapping 
port 7 

assign to nas0

mapping root DEV=eth0 virtual DEV=nas0 to port 7

nas0 -> port 7

mapping root DEV=nas0 virtual DEV=nas0 to port 7

nas0 -> port 7

   CMD: /bin/sh -c echo 0x80 > /proc/fc/ctrl/wan_port_mask 
   CMD: /bin/smuxctl --if nas0 --set-if-rsmux --set-if-rx-policy DROP --set-if-tx-policy CONTINUE --set-if-rxmc-policy DROP --set-if-rx-multi 1 
sh (1912): drop_caches: 3

   CMD: /bin/sh -c echo auto_reserve_vlan 1 > proc/rtk_smuxdev/configure 
Set auto_reserve_vlan to 1 OK.

------- 8277(B) VM Turning ----------------
   CMD: /bin/touch /var/wan_sockmark_file 
   CMD: /bin/ifconfig eth0.2ca_ni_set_mac_address: i=0, cep->port_cfg.port_id[i]=0

 hw ether 4086cb7ca_ni_set_mac_address: i=1, cep->port_cfg.port_id[i]=1

64b4d 
ca_ni_set_mac_address: i=2, cep->port_cfg.port_id[i]=2

ca_ni_set_mac_address: i=3, cep->port_cfg.port_id[i]=3

ca_ni_set_mac_address: i=4, cep->port_cfg.port_id[i]=4

ca_ni_set_mac_address: i=5, cep->port_cfg.port_id[i]=6

   CMD: /bin/ifconfig eth0.3 hw etheca_ni_set_mac_address: i=0, cep->port_cfg.port_id[i]=0

r 4086cb764b4d 
ca_ni_set_mac_address: i=1, cep->port_cfg.port_id[i]=1

ca_ni_set_mac_address: i=2, cep->port_cfg.port_id[i]=2


starting pid 193ca_ni_set_mac_address: i=3, cep->port_cfg.port_id[i]=3

0, tty '/dev/ttySca_ni_set_mac_address: i=4, cep->port_cfg.port_id[i]=4

0': '/bin/login -ca_ni_set_mac_address: i=5, cep->port_cfg.port_id[i]=6

p'
   CMD: /bin/ifconfig eth0.4 hw etheca_ni_set_mac_address: i=0, cep->port_cfg.port_id[i]=0

r 4086cb764b4d 
ca_ni_set_mac_address: i=1, cep->port_cfg.port_id[i]=1


starting pid 193ca_ni_set_mac_address: i=2, cep->port_cfg.port_id[i]=2

2, tty '': '/bin/ca_ni_set_mac_address: i=3, cep->port_cfg.port_id[i]=3

inetd'ca_ni_set_mac_address: i=4, cep->port_cfg.port_id[i]=4

ca_ni_set_mac_address: i=5, cep->port_cfg.port_id[i]=6

   CMD: /bin/ifconfig eth0.5 hw etheca_ni_set_mac_address: i=0, cep->port_cfg.port_id[i]=0

r 4086cb764b4d 
ca_ni_set_mac_address: i=1, cep->port_cfg.port_id[i]=1

ca_ni_set_mac_address: i=2, cep->port_cfg.port_id[i]=2

ca_ni_set_mac_address: i=3, cep->port_cfg.port_id[i]=3

ca_ni_set_mac_address: i=4, cep->port_cfg.port_id[i]=4

ca_ni_set_mac_address: i=5, cep->port_cfg.port_id[i]=6

[1;33;46m<utility.c 1124 setup_mac_addr> [mmacAddr[5]+1 = 4e
   CMD: /bin/ifconfig wlan0 hw ether 4086cb764b4e 
   CMD: /bin/ifconfig wlan0 mtu 1500 
[1;33;46m<utility.c 1124 setup_mac_addr> [mmacAddr[5]+1 = 4f
   CMD: /bin/ifconfig wlan0-vap0 hw ether 4086cb764b4f 
service /bin/dropbear port 22 tcp enabled
service /bin/ftpd port 21 tcp enabled
service /bin/telnetd port 23 tcp enabled
service /bin/tftpd port 69 udp enabled
ifconfig: SIOCSIFHWADDR: No such device
   CMD: /bin/ifconfig wlan0-vapFW dl OK

0 mtu 1500 
ifconfig: SIOCSIFMTU: No such device
[1;33;46m<utility.c 1124 setup_mac_addr> [mmacAddr[5]+1 = 50
   CMD: /bin/ifconfig wlan0-vap1 hw ether 4086cb764b50 
ifconfig: SIOCSIFHWADTAPI init OK

DR: No such device
   CMD: /bin/ifconfig wlan0-vap1 mtu 1500 
ifconfig: SIOCSIFMTU: No such device
[1;33;46m<utility.c 1124 setup_mac_addr> [mmacAddr[5]+1 = 51
   CMD: /bin/ifconfig wlan0-vap2 hw ether 4086cb764b51 
ifconfig: SIOCSIFHWADDR: No such device
   CMD: /bin/ifconfig wlan0-vap2 mtu 1500 
ifconfig: SIOCSIFMTU: No such device
[1;33;46m<utility.c 1124 setup_mac_addr> [mmacAddr[5]+1 = 52
   CMD: /bin/ifconfig wlan0-vap3 hw ether 4086cb764b52 
ifconfig: SIOCSIFHWADDR: No such device
   CMD: /bin/ifconfig wlan0-vap3 mtu 1500 
ifconfig: SIOCSIFMTU: No such device
[1;33;46m<utility.c 1124 setup_mac_addr> [mmacAddr[5]+1 = 53
[1;33;46m<utility.c 1124 setup_mac_addr> [mmacAddr[5]+1 = 54
   CMD: /bin/ifconfig wlan1 hw ether 4086cb764b54 
   CMD: /bin/ifconfig wlan1 mtu 1500 
[1;33;46m<utility.c 1124 setup_mac_addr> [mmacAddr[5]+1 = 55
   CMD: /bin/ifconfig wlan1-vap0 hw ether 4086cb764b55 
ifconfig: SIOCSIFHWADDR: No such device
   CMD: /bin/ifconfig wlan1-vap0 mtu 1500 
ifconfig: SIOCSIFMTU: No such device
[1;33;46m<utility.c 1124 setup_mac_addr> [mmacAddr[5]+1 = 56
   CMD: /bin/ifconfig wlan1-vap1 hw ether 4086cb764b56 
ifconfig: SIOCSIFHWADDR: No such device
   CMD: /bin/ifconfig wlan1-vap1 mtu 1500 
ifconfig: SIOCSIFMTU: No such device
[1;33;46m<utility.c 1124 setup_mac_addr> [mmacAddr[5]+1 = 57
   CMD: /bin/ifconfig wlan1-vap2 hw ether 4086cb764b57 
ifconfig: SIOCSIFHWADDR: No suchport 4 

 device
   CMD: assign to eth0.2

/bin/ifconfig wlamapping root DEV=eth0 virtual DEV=eth0.2 to port 4

n1-vap2 mtu 1500 eth0.2 -> port 4

ifconfig: SIOCSmapping root DEV=nas0 virtual DEV=eth0.2 to port 4

IFMTU: No such deeth0.2 -> port 4

vice
[1;33;46m<utility.c 1124 setup_mac_addr> [mmacAddr[5]+1 = 58
 eth0.2 opened

  CMD: /bin/ifconfig wlan1-vap3 hw ether 4086cb764b58 
ifconfig: SIOCSIFHWADDR: No such device
   CMD: /bin/ifconfig wlan1-vap3 mtu 1500 
ifconfig: SIOCSIFMTU: No such device
[1;33;46m<utility.c 1124 setup_mac_addr> [mmacAddr[5]+1 = 59
   CMD: /bin/ifconfig eth0 up 
   CMD: /bin/ifconfig eth0 mtu 1500 
   CMD: /bin/sh -c /bin/echo 4 eth0.2 > /proc/eth_nic/dev_port_mapping 
   CMD: /bin/sh -c echo eth0.2.0 4 >> /var/dev_port_mapping 
   CMD: /bin/ifconfig eth0.2 up 
   CMD: /bin/ifconfig eth0.2 mtu 1500 
login:    CMD: /bin/smuxctl --if-create-name eth0.2 eth0.2.0 --set-if-rport 1 

smux 
   CMD: /bassign to eth0.3

in/smuxctl --if emapping root DEV=eth0 virtual DEV=eth0.3 to port 1

th0.2 --rx --tagsBBD dl OK

 0 --set-rxif etheth0.3 -> port 1

0.2.0 --rule-aliach0 line feed 2 OK

s eth0.2-rx-defaumapping root DEV=nas0 virtual DEV=eth0.3 to port 1

lt --rule-append PCM IF CFG OK

   CMD: /bin/sheth0.3 -> port 1

 -c /bin/echo 1 ech0 PCM CH CFG OK

th0.3 > /proc/ethch0 PCM CH enable OK

_nic/dev_port_mapping 
   CMD: /bi[32mInitialize Intel slic(0) dxs101 successfully

[0m

n/sh -c echo eth0eth0.3 opened

.3.0 1 >> /var/dev_port_mapping 
   CMD: /bin/ifconfig eth0.3 up 
All DSP Software Ready. VoIP Defer Init done. 
start watch dog
   CMD: /bin/ifconfig eth0.3 mtu 1500 
   CMD: /bin/smuxctl --if-create-name eth0port 2 

assign to eth0.4

.3 eth0.3.0 --setmapping root DEV=eth0 virtual DEV=eth0.4 to port 2

-if-rsmux 
   CMeth0.4 -> port 2

D: /bin/smuxctl -mapping root DEV=nas0 virtual DEV=eth0.4 to port 2

-if eth0.3 --rx -eth0.4 -> port 2

-tags 0 --set-rxif eth0.3.0 --rule-alias eth0.3-rx-default --rule-appeneth0.4 opened

d 
   CMD: /bin/sh -c /bin/echo 2 eth0.4 > /proc/eth_nic/dev_port_mapping 
launch /bin/VoIP_maserati at 21
   CMD: /bin/sh -c echo eth0.4.0 2 >> /var/dev_port_mapping 
   CMD: /bin/ifconfig eth0.4 up 
   CMD: /bin/ifconfig eth0.port 3 

4 mtu 1500 
   Cassign to eth0.5

MD: /bin/smuxctl mapping root DEV=eth0 virtual DEV=eth0.5 to port 3

--if-create-name eth0.5 -> port 3

eth0.4 eth0.4.0 -mapping root DEV=nas0 virtual DEV=eth0.5 to port 3

-set-if-rsmux 
 eth0.5 -> port 3

  CMD: /bin/smuxctl --if eth0.4 --rx --tags 0 --set-rxif eth0.4.0 --ruleth0.5 opened

e-alias eth0.4-rx-default --rule-append 
   CMD: /bin/sh -c /bin/echo 3 eth0.5 > /proc/eth_nic/dev_port_mapping 
   CMD: /bin/sh -c echo eth0.5.0 3 >> /var/dev_port_mapping 
   CMD: /bin/ifconfig eth0.5 up 
   CMD: /bin/ifconfig eth0.5 mtu 1500 
   CMD: /bin/smuxctl --if-create-name eth0.5 eth0.5.0 --set-if-rsmux 
   CMD: /bin/smuxctl --if eth0.5 --rx --tags 0 --set-rxif eth0.5.0 --rule-alias eth0.5-rx-default --rule-append 
   CMD: /bin/brctl addbr br0 
   CMD: /bin/ifconfig br0 hw ether 4086cb764b4d 
   Cca_ni_set_mac_address: i=0, cep->port_cfg.port_id[i]=7

MD: /bin/ifconfig br0 mtu 1500 
