NOTICE:  Booting Trusted Firmware - Realtek Semiconductor Corp.
NOTICE:  BL1: v1.5(release):TAURUS_TAPEOUT_2_0
NOTICE:  BL1: Built : 17:13:20, Oct 27 2021
NOTICE:  BL1: CPU Speed 1000 MHz
NOTICE:  GLOBAL_STRAP 0xc0a
NOTICE:  boot from serial NAND flash
NOTICE:  SPI_NAND: MT29F2G01ABAGDWB/F50L2G41XA/XT26G02ELGIGA 0x2c24
NOTICE:  SPI_NAND: Page 0x800, Block 0x20000, Chip 256MB
NOTICE:  SPI_NAND: plane_select=0x40, plane_select_bit=0x1000
NOTICE:  Platform initialized
NOTICE:  ROTPK undeployed
NOTICE:  BL1: Booting BL2
NOTICE:  BL2: RTL9607DQ CPU Speed 1000 MHz
NOTICE:  boot from serial NAND flash
NOTICE:  BL2: SPI_NAND: MT29F2G01ABAGDWB/F50L2G41XA/XT26G02ELGIG/WSFVC32GBID 0x2c24
NOTICE:  BL2: SPI_NAND: Page 0x800, Block 0x20000, Chip 256MB
NOTICE:  BL2: SPI_NAND: plane_select=0x40, plane_select_bit=0x1000

##### DRAM driver version(TAURUS): V0.6.8 #####
INFO: package = BGA 15x15
INFO: dram_type = 3
INFO: dram_freq = 933
INFO: dram_dq = 16
INFO: PLL: DRAM freq.=933
INFO: RZQ: RZQ_480CODE=0x10
INFO: ZQ: CK   , OCD=0x128, ODT=0x028 PAD_ZCTRL_RESULT=0x160e2c1c
INFO: ZQ: CA   , OCD=0x11e, ODT=0x010 PAD_ZCTRL_RESULT=0x0a062518
INFO: ZQ: DQ   , OCD=0x030, ODT=0x014 PAD_ZCTRL_RESULT=0x0b071a11
INFO: ZQ: DQS  , OCD=0x114, ODT=0x014 PAD_ZCTRL_RESULT=0x0b072115
INFO: ZQ: DQS_H, OCD=0x11e, ODT=0x010 PAD_ZCTRL_RESULT=0x0a062518
INFO: ZQ: DQS_L, OCD=0x020, ODT=0x008 PAD_ZCTRL_RESULT=0x0503110b
INFO: DRAM refresh time is 7800 ns
INFO: ===Write leveling===
INFO: (TX) Write leveling CK PI right move 1 taps
INFO: (TX) DQS_0 PI right moves 1
INFO: (TX) DQS_1 PI right moves 3
INFO: ===DQS_0 gating training===
INFO: TM_DQS_EN = 3
INFO: ===DQS_1 gating training===
INFO: TM_DQS_EN = 3
INFO: ===RX DQS delay scan===
INFO: (RX) DQ delay 00 rising : 06 ~ 28, set 17 taps
INFO: (RX) DQ delay 01 rising : 07 ~ 28, set 17 taps
INFO: (RX) DQ delay 02 rising : 06 ~ 27, set 16 taps
INFO: (RX) DQ delay 03 rising : 06 ~ 26, set 16 taps
INFO: (RX) DQ delay 04 rising : 06 ~ 27, set 16 taps
INFO: (RX) DQ delay 05 rising : 05 ~ 27, set 16 taps
INFO: (RX) DQ delay 06 rising : 04 ~ 26, set 15 taps
INFO: (RX) DQ delay 07 rising : 05 ~ 26, set 15 taps
INFO: (RX) DQ delay 08 rising : 03 ~ 25, set 14 taps
INFO: (RX) DQ delay 09 rising : 04 ~ 24, set 14 taps
INFO: (RX) DQ delay 10 rising : 03 ~ 25, set 14 taps
INFO: (RX) DQ delay 11 rising : 03 ~ 24, set 13 taps
INFO: (RX) DQ delay 12 rising : 05 ~ 26, set 15 taps
INFO: (RX) DQ delay 13 rising : 05 ~ 27, set 16 taps
INFO: (RX) DQ delay 14 rising : 02 ~ 25, set 13 taps
INFO: (RX) DQ delay 15 rising : 06 ~ 29, set 17 taps
INFO: (RX) DQ delay 00 falling: 05 ~ 31, set 18 taps
INFO: (RX) DQ delay 01 falling: 04 ~ 31, set 17 taps
INFO: (RX) DQ delay 02 falling: 05 ~ 28, set 16 taps
INFO: (RX) DQ delay 03 falling: 05 ~ 29, set 17 taps
INFO: (RX) DQ delay 04 falling: 05 ~ 31, set 18 taps
INFO: (RX) DQ delay 05 falling: 04 ~ 31, set 17 taps
INFO: (RX) DQ delay 06 falling: 04 ~ 28, set 16 taps
INFO: (RX) DQ delay 07 falling: 04 ~ 29, set 16 taps
INFO: (RX) DQ delay 08 falling: 03 ~ 28, set 15 taps
INFO: (RX) DQ delay 09 falling: 03 ~ 27, set 15 taps
INFO: (RX) DQ delay 10 falling: 03 ~ 27, set 15 taps
INFO: (RX) DQ delay 11 falling: 02 ~ 25, set 13 taps
INFO: (RX) DQ delay 12 falling: 06 ~ 30, set 18 taps
INFO: (RX) DQ delay 13 falling: 04 ~ 29, set 16 taps
INFO: (RX) DQ delay 14 falling: 04 ~ 28, set 16 taps
INFO: (RX) DQ delay 15 falling: 06 ~ 31, set 18 taps
INFO: ===tm_rd_fifo training===
INFO: tm_rd_fifo = 4 (default=6)
INFO: (TX) DQ0 PI scan window from 4 to 14 taps, midpoint(-1) is 8 taps(default=9)
INFO: (TX) DQ1 PI scan window from 4 to 14 taps, midpoint(-1) is 8 taps(default=11)
INFO: (TX) DQ delay 00 max: 13, set 0 taps
INFO: (TX) DQ delay 01 max: 13, set 0 taps
INFO: (TX) DQ delay 02 max: 13, set 0 taps
INFO: (TX) DQ delay 03 max: 15, set 2 taps
INFO: (TX) DQ delay 04 max: 13, set 0 taps
INFO: (TX) DQ delay 05 max: 15, set 2 taps
INFO: (TX) DQ delay 06 max: 14, set 1 taps
INFO: (TX) DQ delay 07 max: 15, set 2 taps
INFO: (TX) DQ delay 08 max: 15, set 2 taps
INFO: (TX) DQ delay 09 max: 15, set 2 taps
INFO: (TX) DQ delay 10 max: 14, set 1 taps
INFO: (TX) DQ delay 11 max: 15, set 2 taps
INFO: (TX) DQ delay 12 max: 14, set 1 taps
INFO: (TX) DQ delay 13 max: 12, set 0 taps
INFO: (TX) DQ delay 14 max: 15, set 2 taps
INFO: (TX) DQ delay 15 max: 12, set 0 taps
INFO: DRAM size = 4Gb
INFO: BSTC test PASS
INFO: Done DDR initialization...DRAM test PASS...Address toggle PASS
NOTICE:  BL2: v1.5(release):gd1749d05a
NOTICE:  BL2: Built : 14:51:16, Nov 30 2022
NOTICE:  ROTPK undeployed
NOTICE:  AES Key undeployed
NOTICE:  BL1: Booting BL31
NOTICE:  BL31: v1.5(release):gd1749d05a
NOTICE:  BL31: Built : 14:51:16, Nov 30 2022
WARNING: Using deprecated integer interrupt arrays in gicv3_driver_data_t
WARNING: Please migrate to using interrupt_prop_t arrays


U-Boot 2020.01-00005-g2117f28170 (Mar 08 2023 - 11:54:55 +0800)Taurus-SoC

CortexA55: 1000 MHz
DRAM:  DDR3-1866: 16-bit mode, 512 MiB
NAND:  SPI  NAND: MT29F2G01ABAGDWB/F50L2G41XA/XT26G02ELGIGA/WSFVC32GBID (0x2c24)
    spare: 0x80      (128B)
     page: 0x800     (2KB)
    block: 0x20000   (128KB)
     chip: 0x10000000(256MB)
available: 0x10000000(256MB)
     mode: S/S
    clock: 100 MHz
      BBL: Bbl0 from flash
   Hidden: 
NAND:  256 MiB
Loading Environment from NAND... OK
In:    serial
Out:   serial
Err:   serial
Hit any key to stop autoboot:  1  0 
ca77xx_eth_initialize: auto_scan_active_port=1
ca77xx_ni_auto_scan_active_port: auto scan active_port timeout, set active_port to 1.
Taurus-SoC
PHY ID 0x001CCAC4 10Mbps full duplex
multicast_start Using Taurus-SoC device, mcastUpgradeTimeoutMSecs(10)
mcast upgrade timeout.(1 0 0 0 0)
ubi0: attaching mtd5
ubi0: scanning is finished
ubi0: attached mtd5 (name "ubi_device", size 245 MiB)
ubi0: PEB size: 131072 bytes (128 KiB), LEB size: 126976 bytes
ubi0: min./max. I/O unit sizes: 2048/2048, sub-page size 2048
ubi0: VID header offset: 2048 (aligned 2048), data offset: 4096
ubi0: good PEBs: 1966, bad PEBs: 0, corrupted PEBs: 0
ubi0: user volume: 10, internal volumes: 1, max. volumes count: 128
ubi0: max/mean erase counter: 2/0, WL threshold: 4096, image sequence number: 1006158891
ubi0: available PEBs: 788, total reserved PEBs: 1178, PEBs reserved for bad PEB handling: 40
Read 6291456 bytes from volume ubi_k0 to 0000000005000000

## Checking Image at 05000000 ...
   FIT image found
   FIT description: U-boot FitImage for RTK arm64 kernel
    Image 0 (kernel)
     Description:  Linux Kernel
     Type:         Kernel Image
     Compression:  lzma compressed
     Data Start:   0x050000f4
     Data Size:    3432922 Bytes = 3.3 MiB
     Architecture: AArch64
     OS:           Linux
     Load Address: 0x00000000
     Entry Point:  0x00000000
    Image 1 (fdt-1)
     Description:  Flattened Device Tree blob
     Type:         Flat Device Tree
     Compression:  uncompressed
     Data Start:   0x05346384
     Data Size:    28173 Bytes = 27.5 KiB
     Architecture: AArch64
     Load Address: 0x01000000
    Default Configuration: 'conf-1'
    Configuration 0 (conf-1)
     Description:  Boot Linux kernel with FDT blob
     Kernel:       kernel
     FDT:          fdt-1
## Checking hash(es) for FIT Image at 05000000 ...
   Hash(es) for Image 0 (kernel): 
   Hash(es) for Image 1 (fdt-1): 
## Loading kernel from FIT Image at 05000000 ...
   Using 'conf-1' configuration
   Trying 'kernel' kernel subimage
     Description:  Linux Kernel
     Type:         Kernel Image
     Compression:  lzma compressed
     Data Start:   0x050000f4
     Data Size:    3432922 Bytes = 3.3 MiB
     Architecture: AArch64
     OS:           Linux
     Load Address: 0x00000000
     Entry Point:  0x00000000
   Verifying Hash Integrity ... OK
## Loading fdt from FIT Image at 05000000 ...
   Using 'conf-1' configuration
   Trying 'fdt-1' fdt subimage
     Description:  Flattened Device Tree blob
     Type:         Flat Device Tree
     Compression:  uncompressed
     Data Start:   0x05346384
     Data Size:    28173 Bytes = 27.5 KiB
     Architecture: AArch64
     Load Address: 0x01000000
   Verifying Hash Integrity ... OK
   Loading fdt from 0x05346384 to 0x01000000
   Booting using the fdt blob at 0x1000000
   Uncompressing Kernel Image
ERROR: reserving fdt memory region failed (addr=0 size=1000)
   Loading Device Tree to 000000001e5dd000, end 000000001e5e6e0c ... OK

Starting kernel ...

[    0.000000] Booting Linux on physical CPU 0x0000000000 [0x412fd050]
[    0.000000] Linux version 5.10.70 (wen_peng@ubuntu) (aarch64-linux-gcc (Realtek ASDK64-10.2.0 Build 3544) 10.2.0, GNU ld (Realtek ASDK64-10.2.0 Build 3544) 2.35.1.20201230) #1 SMP Wed Mar 8 11:56:34 CST 2023
[    0.000000] Machine model: Realtek Taurus ENG Board
[    0.000000] earlycon: serial0 at MMIO 0x00000000f43291b0 (options '')
[    0.000000] printk: bootconsole [serial0] enabled
[    0.000000] Zone ranges:
[    0.000000]   Normal   [mem 0x0000000000000000-0x000000001fffffff]
[    0.000000] Movable zone start for each node
[    0.000000] Early memory node ranges
[    0.000000]   node   0: [mem 0x0000000000000000-0x000000000eefffff]
[    0.000000]   node   0: [mem 0x000000000ef00000-0x000000000effffff]
[    0.000000]   node   0: [mem 0x000000000f000000-0x000000000ffdefff]
[    0.000000]   node   0: [mem 0x000000000ffdf000-0x000000000ffdffff]
[    0.000000]   node   0: [mem 0x000000000ffe0000-0x000000001fffffff]
[    0.000000] Initmem setup node 0 [mem 0x0000000000000000-0x000000001fffffff]
[    0.000000] psci: probing for conduit method from DT.
[    0.000000] psci: PSCIv1.1 detected in firmware.
[    0.000000] psci: Using standard PSCI v0.2 function IDs
[    0.000000] psci: MIGRATE_INFO_TYPE not supported.
[    0.000000] psci: SMC Calling Convention v1.1
[    0.000000] percpu: Embedded 21 pages/cpu s47064 r8192 d30760 u86016
[    0.000000] Detected VIPT I-cache on CPU0
[    0.000000] CPU features: detected: GIC system register CPU interface
[    0.000000] CPU features: detected: Virtualization Host Extensions
[    0.000000] CPU features: detected: ARM errata 1165522, 1319367, or 1530923
[    0.000000] alternatives: patching kernel code
[    0.000000] Built 1 zonelists, mobility grouping on.  Total pages: 129024
[    0.000000] Kernel command line: earlycon=serial,0xf43291b0 console=ttyS0,115200 ubi.mtd=4 root=31:8 rootfstype=squashfs swiotlb=noforce mtdparts=ca_spinand_flash:2048K(boot),256K@0x280000(env),256K@0x2C0000(env2),256K@0x300000(static_conf),251648K@0x340000(ubi_device)
[    0.000000] printk: log_buf_len individual max cpu contribution: 131072 bytes
[    0.000000] printk: log_buf_len total cpu_extra contributions: 393216 bytes
[    0.000000] printk: log_buf_len min size: 131072 bytes
[    0.000000] printk: log_buf_len: 524288 bytes
[    0.000000] printk: early log buf free: 128608(98%)
[    0.000000] Dentry cache hash table entries: 65536 (order: 7, 524288 bytes, linear)
[    0.000000] Inode-cache hash table entries: 32768 (order: 6, 262144 bytes, linear)
[    0.000000] mem auto-init: stack:off, heap alloc:off, heap free:off
[    0.000000] Memory: 458812K/524288K available (7038K kernel code, 956K rwdata, 2080K rodata, 1344K init, 402K bss, 65476K reserved, 0K cma-reserved)
[    0.000000] SLUB: HWalign=64, Order=0-3, MinObjects=0, CPUs=4, Nodes=1
[    0.000000] rcu: Hierarchical RCU implementation.
[    0.000000] rcu: 	CONFIG_RCU_FANOUT set to non-default value of 32.
[    0.000000] 	Tracing variant of Tasks RCU enabled.
[    0.000000] rcu: RCU calculated value of scheduler-enlistment delay is 10 jiffies.
[    0.000000] NR_IRQS: 64, nr_irqs: 64, preallocated irqs: 0
[    0.000000] GICv3: GIC: Using split EOI/Deactivate mode
[    0.000000] GICv3: 128 SPIs implemented
[    0.000000] GICv3: 0 Extended SPIs implemented
[    0.000000] GICv3: Distributor has no Range Selector support
[    0.000000] GICv3: 16 PPIs implemented
[    0.000000] GICv3: CPU0: found redistributor 0 region 0:0x00000004f8040000
[    0.000000] ni_ptp_ictl@0xf430439c: unable to get resource
[    0.000000] random: get_random_bytes called from start_kernel+0x298/0x3f4 with crng_init=0
[    0.000000] RTK SOC: soc_clks_setup finished.
[    0.000000] arch_timer: cp15 timer(s) running at 25.00MHz (phys).
[    0.000000] clocksource: arch_sys_counter: mask: 0xffffffffffffff max_cycles: 0x5c40939b5, max_idle_ns: 440795202646 ns
[    0.000005] sched_clock: 56 bits at 25MHz, resolution 40ns, wraps every 4398046511100ns
[    0.008266] Console: colour dummy device 80x25
[    0.012557] Calibrating delay loop (skipped), value calculated using timer frequency.. 50.00 BogoMIPS (lpj=250000)
[    0.022891] pid_max: default: 32768 minimum: 301
[    0.027612] Mount-cache hash table entries: 1024 (order: 1, 8192 bytes, linear)
[    0.034801] Mountpoint-cache hash table entries: 1024 (order: 1, 8192 bytes, linear)
[    0.044113] rcu: Hierarchical SRCU implementation.
[    0.049744] smp: Bringing up secondary CPUs ...
[    0.054608] Detected VIPT I-cache on CPU1
[    0.054651] GICv3: CPU1: found redistributor 100 region 0:0x00000004f8060000
[    0.054701] CPU1: Booted secondary processor 0x0000000100 [0x412fd050]
[    0.055256] Detected VIPT I-cache on CPU2
[    0.055290] GICv3: CPU2: found redistributor 200 region 0:0x00000004f8080000
[    0.055321] CPU2: Booted secondary processor 0x0000000200 [0x412fd050]
[    0.055807] Detected VIPT I-cache on CPU3
[    0.055833] GICv3: CPU3: found redistributor 300 region 0:0x00000004f80a0000
[    0.055862] CPU3: Booted secondary processor 0x0000000300 [0x412fd050]
[    0.055947] smp: Brought up 1 node, 4 CPUs
[    0.112533] SMP: Total of 4 processors activated.
[    0.117228] CPU features: detected: Privileged Access Never
[    0.122794] CPU features: detected: User Access Override
[    0.128086] CPU features: detected: 32-bit EL0 Support
[    0.133219] CPU features: detected: Common not Private translations
[    0.139465] CPU features: detected: RAS Extension Support
[    0.144855] CPU features: detected: Data cache clean to the PoU not required for I/D coherence
[    0.153455] CPU features: detected: CRC32 instructions
[    0.158589] CPU features: detected: Speculative Store Bypassing Safe (SSBS)
[    0.165611] CPU: All CPU(s) started at EL2
[    0.170591] devtmpfs: initialized
[    0.179423] clocksource: jiffies: mask: 0xffffffff max_cycles: 0xffffffff, max_idle_ns: 19112604462750000 ns
[    0.189150] futex hash table entries: 1024 (order: 4, 65536 bytes, linear)
[    0.196131] pinctrl core: initialized pinctrl subsystem
[    0.201759] NET: Registered protocol family 16
[    0.206677] DMA: preallocated 128 KiB GFP_KERNEL pool for atomic allocations
[    0.214347] thermal_sys: Registered thermal governor 'step_wise'
[    0.214847] cpuidle: using governor ladder
[    0.224833] cpuidle: using governor menu
[    0.228820] hw-breakpoint: found 6 breakpoint and 4 watchpoint registers.
[    0.235595] ASID allocator initialised with 65536 entries
[    0.240868] SOC_VENUS: RTK_SOC_CHIP_ID = 0x6706
[    0.245382] rtk_soc.smc_buf_phy=0xffdf000, rtk_soc.smc_buf_len=0x1000, mapped at 0xffffffc010bcd000
[    0.265777] reg-rtk_spare f432945c.spare: resource - [mem 0xf432945c-0xf432945f flags 0x200] mapped at 0x(____ptrval____)
[    0.288846] RTK GLOBAL_GLOBAL_CONFIG: Power down offload1 cpu clock(PE1).
[    0.296432] RTK GLOBAL_GLOBAL_CONFIG: Power down PCIE2 clock.
[    0.303208] iommu: Default domain type: Translated 
[    0.308243] SCSI subsystem initialized
[    0.313372] clocksource: Switched to clocksource arch_sys_counter
[    0.328987] NET: Registered protocol family 2
[    0.333302] IP idents hash table entries: 8192 (order: 4, 65536 bytes, linear)
[    0.341736] ====   set SPEEDTEST CA TIMER2 =====
[    0.346343] tcp_listen_portaddr_hash hash table entries: 256 (order: 0, 4096 bytes, linear)
[    0.354574] TCP established hash table entries: 4096 (order: 3, 32768 bytes, linear)
[    0.362281] TCP bind hash table entries: 4096 (order: 4, 65536 bytes, linear)
[    0.369437] TCP: Hash tables configured (established 4096 bind 4096)
[    0.375807] UDP hash table entries: 256 (order: 1, 8192 bytes, linear)
[    0.382232] UDP-Lite hash table entries: 256 (order: 1, 8192 bytes, linear)
[    0.389331] NET: Registered protocol family 1
[    0.393560] PCI: CLS 0 bytes, default 64
[    0.399158] Initialise system trusted keyrings
[    0.403630] workingset: timestamp_bits=46 max_order=17 bucket_order=0
[    0.413062] squashfs: version 4.0 (2009/01/31) Phillip Lougher
[    0.418848] ntfs: driver 2.1.32 [Flags: R/W].
[    0.423242] fuse: init (API version 7.32)
[    0.469742] Key type asymmetric registered
[    0.473692] Asymmetric key parser 'x509' registered
[    0.478550] io scheduler mq-deadline registered
[    0.483050] io scheduler kyber registered
[    0.487197] atomic64_test: passed
[    0.490619] rtk-taurus-phy f43200c4.phy: resource - [mem 0xf43200c4-0xf43200e3 flags 0x200] mapped at 0x(____ptrval____)
[    0.501356] rtk-taurus-phy f43200c4.phy: resource - [mem 0xf432036c-0xf432036f flags 0x200] mapped at 0x(____ptrval____)
[    0.513393] pinctrl-cortina f43200f0.pinctrl: pinctrl driver registration: ARCH_OFFSET=8
[    0.522156] ca77xx-gpio f43292c0.gpio-controller: resource - [mem 0xf43292c0-0xf4329373 flags 0x200] mapped at 0x(____ptrval____)
[    0.533675] ca77xx-gpio f43292c0.gpio-controller: id 0
[    0.539415] ca77xx-gpio f43292c0.gpio-controller: Setting up IRQs for GPIO bank 0
[    0.547376] ca77xx-gpio f43292c0.gpio-controller: Setting up IRQs for GPIO bank 1
[    0.555298] ca77xx-gpio f43292c0.gpio-controller: Setting up IRQs for GPIO bank 2
[    0.563185] ca77xx-gpio f43292c0.gpio-controller: Setting up IRQs for GPIO bank 3
[    0.571103] ca77xx-gpio f43292c0.gpio-controller: Setting up IRQs for GPIO bank 4
[    0.579080] Realtek GPIO Driver for Flash Reload Default
[    0.584395] ----[ rtk gpio ]-------------------------------- 
[    0.590571] ca_soc f4320000.soc: Vendor ID: 0x8f3
[    0.595150] ca_soc f4320000.soc: Chip ID: 0x6706
[    0.599713] ca_soc f4320000.soc: Chip Rev: 66
[    0.604076] ca_soc f4320000.soc: Chip Mode: 0x41
[    0.608659] ca_soc f4320000.soc: CPLL: 1000.00 MHZ
[    0.613438] ca_soc f4320000.soc: EPLL: 2000.00 MHZ
[    0.618206] ca_soc f4320000.soc: FPLL: 1599.99 MHZ
[    0.622973] ca_soc f4320000.soc: CPU Clock: 1000.00 MHZ
[    0.628193] ca_soc f4320000.soc: Core Clock: 333.33 MHZ
[    0.633403] ca_soc f4320000.soc: LSAXI Clock: 200.00 MHZ
[    0.638685] ca_soc f4320000.soc: HSAXI Clock: 400.00 MHZ
[    0.643996] ca_soc f4320000.soc: CCI Clock: 400.00 MHZ
[    0.649104] ca_soc f4320000.soc: PE Clock: 799.99 MHZ
[    0.654157] ca_soc f4320000.soc: PE AXI Clock: 399.99 MHZ
[    0.659996] ca_pmx_request_gpio: offset:65 reg_off:1c bit_off:5
[    0.665827] ca_pmx_request_gpio: offset:66 reg_off:1c bit_off:6
[    0.671840] ca77xx-reset f4320098.reset-controller: resource - [mem 0xf4320098-0xf432009b flags 0x200] mapped at 0x(____ptrval____)
[    0.683606] ca77xx-reset f4320094.reset-controller: resource - [mem 0xf4320094-0xf4320097 flags 0x200] mapped at 0x(____ptrval____)
[    0.695405] ca77xx-reset f43200a0.reset-controller: resource - [mem 0xf43200a0-0xf43200a3 flags 0x200] mapped at 0x(____ptrval____)
[    0.765722] f43291b0.uart: ttyS0 at I/O 0x0 (irq = 21, base_baud = 7812500) is a Cortina UART0
[    0.774541] printk: console [ttyS0] enabled
[    0.774541] printk: console [ttyS0] enabled
[    0.782732] printk: bootconsole [serial0] disabled
[    0.782732] printk: bootconsole [serial0] disabled
[    0.792843] f43291e0.uart: ttyS1 at I/O 0x0 (irq = 22, base_baud = 7812500) is a Cortina UART1
[    0.801784] aipc: register chrdev(252,0)
[    0.805764] aipc: create device successed
[    0.809790] aipc: create dsp console device successed
[    0.814691] aipc: init done
[    0.817650] aipc_module_mem_init: mem_resource for voip ipc=[mem 0xf4329000-0xf432901f]
[    0.825521] aipc_module_mem_init: ca_voip_ipc_per_int_base=(____ptrval____)
[    0.832449] aipc_module_mem_init: mem_resource for voip dsp boot ins=[mem 0x80000000-0x8000000f]
[    0.841230] aipc_module_mem_init: ca_voip_dsp_boot_ins_base=(____ptrval____)
[    0.848277] aipc_module_mem_init: ca_voip_ipc_phy_base=0x02300000
[    0.854372] aipc_module_mem_init: ca_voip_ipc_mem_base=0x(____ptrval____)
[    0.861121] aipc: start aipc irq init
[    0.864788] aipc_cpu_irq_ca_init: irq = 58
[    0.868881] aipc: Request IRQ for IPC OK
[    0.874447] cacheinfo: Unable to detect cache hierarchy for CPU 0
[    0.880836] mtdoops: mtd device (mtddev=name/number) must be supplied
[    0.887417] ca-qspi 4f4324000.sf-ctrl: ca-qspi resource - [mem 0x4f4324000-0x4f432404f flags 0x200] mapped at 0x(____ptrval____)
[    0.899505] spi-nand spi0.0: model_name: MT29F2G01ABAGD
[    0.904582] spi-nand spi0.0: Micron SPI NAND was found.
[    0.909782] spi-nand spi0.0: 256 MiB, block size: 128 KiB, page size: 2048, OOB size: 128
[    0.918824] spi nand total capacity is 256MB(0x10000000)
[    0.923980] spi nand available size is 256MB(0x10000000)
[    0.929267] spi nand Bbl0 from flash
[    0.932829] spi nand hidden: 
[    0.932832] 
[    0.937261] spi nand Mode: S/S
[    0.940324] 5 cmdlinepart partitions found on MTD device ca_spinand_flash
[    0.947097] Creating 5 MTD partitions on "ca_spinand_flash":
[    0.952729] 0x000000000000-0x000000200000 : "boot"
[    0.960095] 0x000000280000-0x0000002c0000 : "env"
[    0.966111] 0x0000002c0000-0x000000300000 : "env2"
[    0.972189] 0x000000300000-0x000000340000 : "static_conf"
[    0.978932] 0x000000340000-0x00000f900000 : "ubi_device"
[    1.127544] ca-qspi 4f4324000.sf-ctrl: spi-flash controller probed, while mode_bits=0x0000
[    1.135998] spi-ca77xx f43290d8.spi: resource - [mem 0xf43290d8-0xf4329117 flags 0x200] mapped at 0x(____ptrval____)
[    1.146445] spi-ca77xx f43290d8.spi: irq 53
[    1.152389] libphy: Fixed MDIO Bus: probed
[    1.156355] Init RTK Driver Module....
[    1.156367] OK
[    1.161712] Init RTK Core Dev Module....
[    1.161722] OK
[    1.167273] 
[    1.167273]  rtdrv_init !!!! for netfilter
[    1.172922] [rtdrv_init]: rtdrv_ext_igmpHook_sockopts init.
[    1.178432] [rtdrv_init]: rtdrv_ext_igmpHook_sockopts success.
[    1.184277] pkt_redirect_init complete
[    1.187957] interrupt broadcaster init ok!
[    1.192035] [FCEXT] rtk_fc_extmodule_init 
[    1.196131] [nic_hook_init-213]
[    1.199244] PPP generic driver version 2.4.2
[    1.203743] NET: Registered protocol family 24
[    1.208046] PPTP driver version 0.8.5
[    1.211905] i2c /dev entries driver
[    1.215587] ca_set_mux: group:44 reg_off:18 bit_off:4
[    1.220477] ca_set_mux: group:45 reg_off:18 bit_off:5
[    1.225529] ca_set_mux: group:d4 reg_off:4 bit_off:14
[    1.230624] ca77xx-i2c f4329160.i2c: resource - [mem 0xf4329160-0xf4329187 flags 0x200] mapped at 0x(____ptrval____)
[    1.241128] ca77xx-i2c f4329160.i2c: irq 51
[    1.596065] cortina_thermal f4320264.thermal: SoC Temperature= 44
[    1.604089] ca_pmx_request_gpio: offset:2 reg_off:10 bit_off:2
[    1.609909] ca_pmx_request_gpio: offset:a reg_off:10 bit_off:a
[    1.615743] ca_pmx_request_gpio: offset:7 reg_off:10 bit_off:7
[    1.621534] ca_pmx_request_gpio: offset:9 reg_off:10 bit_off:9
[    1.627372] ca_pmx_request_gpio: offset:b reg_off:10 bit_off:b
[    1.633178] ca_pmx_request_gpio: offset:c reg_off:10 bit_off:c
[    1.639015] ca_pmx_request_gpio: offset:4 reg_off:10 bit_off:4
[    1.644830] ca_pmx_request_gpio: offset:3 reg_off:10 bit_off:3
[    1.650610] ca_pmx_request_gpio: offset:1 reg_off:10 bit_off:1
[    1.656455] ca_pmx_request_gpio: offset:0 reg_off:10 bit_off:0
[    1.662255] ca_pmx_request_gpio: offset:6 reg_off:10 bit_off:6
[    1.668133] ca_pmx_request_gpio: offset:5 reg_off:10 bit_off:5
[    1.675256] u32 classifier
[    1.677801]     input device check on
[    1.681890] xt_time: kernel timezone is -0000
[    1.686254] gre: GRE over IPv4 demultiplexor driver
[    1.691694] NET: Registered protocol family 10
[    1.696845] Segment Routing with IPv6
[    1.700601] sit: IPv6, IPv4 and MPLS over IPv4 tunneling driver
[    1.707584] NET: Registered protocol family 17
[    1.711940] Bridge firewalling registered
[    1.715991] l2tp_core: L2TP core driver, V2.0
[    1.720203] l2tp_ppp: PPPoL2TP kernel driver, V2.0
[    1.724994] 8021q: 802.1Q VLAN Support v1.8
[    1.729158] /proc/slicReadID created
[    1.732722] ssp_pinctrl_init
[    1.735912] ca_set_mux: group:46 reg_off:18 bit_off:6
[    1.740795] ca_set_mux: group:47 reg_off:18 bit_off:7
[    1.745852] ca_set_mux: group:48 reg_off:18 bit_off:8
[    1.750862] ca_set_mux: group:49 reg_off:18 bit_off:9
[    1.755930] ca_set_mux: group:4a reg_off:18 bit_off:a
[    1.760930] ca_set_mux: group:4b reg_off:18 bit_off:b
[    1.765979] ca_set_mux: group:c4 reg_off:4 bit_off:4
[    1.771229] spi_linux_wrapper_init()
[    1.774807] ca_set_mux: group:40 reg_off:18 bit_off:0
[    1.779689] ca_set_mux: group:41 reg_off:18 bit_off:1
[    1.784754] ca_set_mux: group:42 reg_off:18 bit_off:2
[    1.789758] ca_set_mux: group:43 reg_off:18 bit_off:3
[    1.794808] ca_set_mux: group:c6 reg_off:4 bit_off:6
[    1.799763] SLIC module being probed
[    1.803298] slic_spi_probe: slic_spi[ 0 ] = (____ptrval____)
[    1.809253] spi_linux_wrapper_init(254): completed
[    1.809631] Loading compiled-in X.509 certificates
[    1.820414] cortina-pcie f4325000.pcie: Adding to iommu group 0
[    1.826287] cortina-pcie f4325000.pcie: resource - [mem 0xf4325000-0xf43253ff flags 0x200] mapped at 0xffffffc010d95000
[    1.836952] cortina-pcie f4325000.pcie: id 0
[    1.841190] cortina-pcie f4325000.pcie: num-lanes 1
[    1.846082] cortina-pcie f4325000.pcie: resource - [mem 0xf4333000-0xf4334fff flags 0x200] mapped at 0xffffffc012b02000
[    1.856828] cortina-pcie f4325000.pcie: Chip revision is B
[    1.862516] cortina-pcie f4325000.pcie: irq-affinity cpu: 1, nr_cpu_ids(4)
[    1.869340] cortina-pcie f4325000.pcie: resource - [mem 0xa0000000-0xa0000fff flags 0x200] mapped at 0xffffffc010d9d000
[    1.880024] cortina-pcie f4325000.pcie: outbound iATU enable
[    1.885653] cortina-pcie f4325000.pcie: host bridge /pcie@f4325000 ranges:
[    1.892507] cortina-pcie f4325000.pcie:       IO 0x00a0003000..0x00a0012fff -> 0x0000000000
[    1.900840] cortina-pcie f4325000.pcie:      MEM 0x00a0400000..0x00afffffff -> 0x00a0400000
[    1.913383] cortina-pcie f4325000.pcie: PCIe Serdes CFG version: revB v1.2 (2022.04.22)
[    2.030433] cortina-pcie f4325000.pcie: No BER Notify!
[    2.037457] cortina-pcie f4325000.pcie: Link up
[    2.041820] cortina-pcie f4325000.pcie: Speed Gen2 Lanes x1
[    2.047555] cortina-pcie f4325000.pcie: PCI host bridge to bus 0000:00
[    2.053972] pci_bus 0000:00: root bus resource [bus 00-ff]
[    2.059383] pci_bus 0000:00: root bus resource [io  0x0000-0xffff]
[    2.065563] pci_bus 0000:00: root bus resource [mem 0xa0400000-0xafffffff]
[    2.072434] pci 0000:00:00.0: [16c3:abcd] type 01 class 0x060400
[    2.078423] pci 0000:00:00.0: reg 0x38: [mem 0x00000000-0x0000ffff pref]
[    2.085133] pci 0000:00:00.0: supports D1 D2
[    2.089328] pci 0000:00:00.0: PME# supported from D0 D1 D3hot
[    2.097142] pci 0000:01:00.0: [10ec:c852] type 00 class 0x028000
[    2.103057] pci 0000:01:00.0: reg 0x10: [io  0x0000-0x00ff]
[    2.108649] pci 0000:01:00.0: reg 0x18: [mem 0x00000000-0x000fffff 64bit]
[    2.115804] pci 0000:01:00.0: PME# supported from D0 D3hot D3cold
[    2.135043] pci 0000:00:00.0: BAR 8: assigned [mem 0xa0400000-0xa04fffff]
[    2.141666] pci 0000:00:00.0: BAR 6: assigned [mem 0xa0500000-0xa050ffff pref]
[    2.148890] pci 0000:00:00.0: BAR 7: assigned [io  0x1000-0x1fff]
[    2.154961] pci 0000:01:00.0: BAR 2: assigned [mem 0xa0400000-0xa04fffff 64bit]
[    2.162282] pci 0000:01:00.0: BAR 0: assigned [io  0x1000-0x10ff]
[    2.168336] pci 0000:00:00.0: PCI bridge to [bus 01-ff]
[    2.173529] pci 0000:00:00.0:   bridge window [io  0x1000-0x1fff]
[    2.179596] pci 0000:00:00.0:   bridge window [mem 0xa0400000-0xa04fffff]
[    2.186812] cortina-pcie f4326000.pcie: Adding to iommu group 1
[    2.192641] cortina-pcie f4326000.pcie: resource - [mem 0xf4326000-0xf43263ff flags 0x200] mapped at 0xffffffc010dcd000
[    2.203361] cortina-pcie f4326000.pcie: id 1
[    2.207581] cortina-pcie f4326000.pcie: num-lanes 1
[    2.212465] cortina-pcie f4326000.pcie: resource - [mem 0xf4335000-0xf4336fff flags 0x200] mapped at 0xffffffc012fd2000
[    2.223223] cortina-pcie f4326000.pcie: Chip revision is B
[    2.228894] cortina-pcie f4326000.pcie: irq-affinity cpu: 1, nr_cpu_ids(4)
[    2.235715] cortina-pcie f4326000.pcie: resource - [mem 0xb0000000-0xb0000fff flags 0x200] mapped at 0xffffffc010dd5000
[    2.246401] cortina-pcie f4326000.pcie: outbound iATU enable
[    2.252018] cortina-pcie f4326000.pcie: host bridge /pcie@f4326000 ranges:
[    2.258906] cortina-pcie f4326000.pcie:       IO 0x00b0003000..0x00b0012fff -> 0x0000000000
[    2.267218] cortina-pcie f4326000.pcie:      MEM 0x00b0400000..0x00bfffffff -> 0x00b0400000
[    2.280443] cortina-pcie f4326000.pcie: PCIe Serdes CFG version: revB v1.2 (2022.04.22)
[    2.397766] cortina-pcie f4326000.pcie: No BER Notify!
[    2.404775] cortina-pcie f4326000.pcie: Link up
[    2.409137] cortina-pcie f4326000.pcie: Speed Gen1 Lanes x1
[    2.414872] cortina-pcie f4326000.pcie: PCI host bridge to bus 0001:00
[    2.421234] pci_bus 0001:00: root bus resource [bus 00-ff]
[    2.426724] pci_bus 0001:00: root bus resource [io  0x10000-0x1ffff] (bus address [0x0000-0xffff])
[    2.435652] pci_bus 0001:00: root bus resource [mem 0xb0400000-0xbfffffff]
[    2.442536] pci 0001:00:00.0: [16c3:abcd] type 01 class 0x060400
[    2.448516] pci 0001:00:00.0: reg 0x38: [mem 0x00000000-0x0000ffff pref]
[    2.455231] pci 0001:00:00.0: supports D1 D2
[    2.459421] pci 0001:00:00.0: PME# supported from D0 D1 D3hot
[    2.467279] pci 0001:01:00.0: [10ec:0192] type 00 class 0x028000
[    2.473220] pci 0001:01:00.0: reg 0x10: [io  0x10000-0x100ff]
[    2.478992] pci 0001:01:00.0: reg 0x18: [mem 0x00000000-0x000fffff 64bit]
[    2.486293] pci 0001:01:00.0: supports D1 D2
[    2.490393] pci 0001:01:00.0: PME# supported from D0 D1 D2 D3hot D3cold
[    2.515047] pci 0001:00:00.0: BAR 8: assigned [mem 0xb0400000-0xb04fffff]
[    2.521670] pci 0001:00:00.0: BAR 6: assigned [mem 0xb0500000-0xb050ffff pref]
[    2.528892] pci 0001:00:00.0: BAR 7: assigned [io  0x10000-0x10fff]
[    2.535138] pci 0001:01:00.0: BAR 2: assigned [mem 0xb0400000-0xb04fffff 64bit]
[    2.542476] pci 0001:01:00.0: BAR 0: assigned [io  0x10000-0x100ff]
[    2.548693] pci 0001:00:00.0: PCI bridge to [bus 01-ff]
[    2.553881] pci 0001:00:00.0:   bridge window [io  0x10000-0x10fff]
[    2.560121] pci 0001:00:00.0:   bridge window [mem 0xb0400000-0xb04fffff]
[    2.569020] ubi0: attaching mtd4
[    4.070612] ubi0: scanning is finished
[    4.086591] ubi0: attached mtd4 (name "ubi_device", size 245 MiB)
[    4.092525] ubi0: PEB size: 131072 bytes (128 KiB), LEB size: 126976 bytes
[    4.099400] ubi0: min./max. I/O unit sizes: 2048/2048, sub-page size 2048
[    4.106166] ubi0: VID header offset: 2048 (aligned 2048), data offset: 4096
[    4.113093] ubi0: good PEBs: 1966, bad PEBs: 0, corrupted PEBs: 0
[    4.119182] ubi0: user volume: 10, internal volumes: 1, max. volumes count: 128
[    4.126472] ubi0: max/mean erase counter: 2/0, WL threshold: 4096, image sequence number: 1006158891
[    4.135585] ubi0: available PEBs: 788, total reserved PEBs: 1178, PEBs reserved for bad PEB handling: 40
[    4.145063] ubi0: background thread "ubi_bgt0d" started, PID 1174
[    4.158544] ca_pmx_request_gpio: offset:8 reg_off:10 bit_off:8
[    4.164472] ca_pmx_request_gpio: offset:67 reg_off:1c bit_off:7
[    4.170307] ca_pmx_request_gpio: offset:63 reg_off:1c bit_off:3
[    4.176400] input: gpio-keys as /devices/platform/gpio-keys/input/input0
[    4.183582] VoIP control bind 2 (2) instances successfully.
[    4.188992] index dsp_cpuid dsp_cch host_cch
[    4.193239] ----- --------- ------- --------
[    4.197515]    0  	   0	     0	     0	 
[    4.201313]    1  	   0	     1	     1	 
[    4.205148]  voip spin lock init done
[    4.208784] VoIP RX netfilter hook init done!
[    4.213120] VoIP RX netfilter hook for IPv6 init done!
[    4.218251] =============RTK VOIP SUITE=============
[    4.223187] SDK VoIP Version: VoIP-1.6-DSP-R5523-Luna-R24-Integrate_RTL_CA 
[    4.230141] Board CFG Model :  
[    4.233255] INITIAL VOIP MANAGER PROGRAM
[    4.241418] VFS: Mounted root (squashfs filesystem) readonly on device 31:8.
[    4.251247] devtmpfs: mounted
[    4.254764] Freeing unused kernel memory: 1344K
[    4.313445] Run /sbin/init as init process
Bad inittab entry at line 34
starting pid 1230, tty '': '/etc/init.d/rcS'
=== Start to run rc0 / rc63 ===
----- do_rc [/etc/init.d/rc2] -----
[    4.969957] smuxdev: loading out-of-tree module taints kernel.
[    4.978833] smuxdev: loaded

WARN: conflicting configurations in /etc/fstab and /etc/default/rcS
      regarding the writability of rootfs. Please fix one of them.

[    5.455324] UBIFS (ubi0:0): Mounting in unauthenticated mode
[    5.461028] UBIFS (ubi0:0): background thread "ubifs_bgt0_0" started, PID 1261
[    5.508837] UBIFS (ubi0:0): recovery needed
[    5.621654] UBIFS (ubi0:0): recovery completed
[    5.626044] UBIFS (ubi0:0): UBIFS: mounted UBI device 0, volume 0, name "ubi_Config"
[    5.633681] UBIFS (ubi0:0): LEB size: 126976 bytes (124 KiB), min./max. I/O unit sizes: 2048 bytes/2048 bytes
[    5.643584] UBIFS (ubi0:0): FS size: 9269248 bytes (8 MiB, 73 LEBs), journal size 1015809 bytes (0 MiB, 6 LEBs)
[    5.653658] UBIFS (ubi0:0): reserved for root: 437809 bytes (427 KiB)
[    5.660081] UBIFS (ubi0:0): media format: w5/r0 (latest is w5/r0), UUID FF94BF38-0CC4-4F0D-BB49-C34C5779684B, small LPT model
[scfg.txt]Copy /etc/scfg.txt to /var/config/.
----- do_rc [/etc/init.d/rc3] -----
set_msgqueue_max_size:417> set msgqidds.msg_qbytes=36080 OK
set_msgqueue_max_size:417> set msgqidds.msg_qbytes=36080 OK


aipc: write image successful. size=2652272 rc=2652272 wc=2652272 da=0x22a0400 remain=0

[    7.190005] ifmode 0
[    7.192032] ext_clk 0
[    7.194339] clk_enhance 1
[    7.196895] divisor 24
[    7.199240] pclk 2048
[    7.201499] spi_cs 0
[    7.203686] metadata 0x2
[    7.206202] aipc: (0528)aipc_dev_ioctl  boot dsp
[    7.214803] aipc: (0530)aipc_dev_ioctl  boot dsp done

Wait DSP 0/1 booting ......
Wait DSP ok. wait_cnt=0
DSP 0 Software Ready!
[    7.288096] ca-log: init calog-ioctl-dev OK (max_level 9, default_level 4)
[    7.295061] ca-pal: init ca_pal_ioctl OK
[    7.349379] ca-peri:hw_timer irq 47 install 
[    7.364219] SCFG initialize start.
[    7.370158] SCFG initialize done.
[    7.792288] ca_ne:ca_ni_init_module_probe:3647: Cortina Network Interface Driver 0.0.1
[    7.800080] error: aal_pon_mac_mode_get FAIL, pon_mac_mode = 255.
[    7.806161] ca_ne_reg_init: mem_resource for NI registers=[mem 0x4f4300000-0x4f430ffff]
[    7.814150] ca_ne_reg_init: ca_ne_reg_base=0x(____ptrval____)
[    7.819866] ca_ne_reg_init: mem_resource for GLOBAL NETWORK ENGINE INTRRUPT registers=[mem 0x4f4320164-0x4f4320173]
[    7.830302] ca_ne_reg_init: ca_ne_glb_ne_intr_reg_base=0x(____ptrval____)
[    7.837076] ca_ne_reg_init: mem_resource for MDIO registers=[mem 0x4f4329118-0x4f432915f]
[    7.845242] ca_ne_reg_init: ca_per_mdio_reg_base=0x(____ptrval____)
[    7.851488] ca_ne_reg_init: resource for XRAM=[mem 0xf4500000-0xf4501fff]
[    7.858274] ca_ne_reg_init: ca_xram_reg_base=0x(____ptrval____)
[    7.864185] ca_ne_reg_init: mem_resource for DMA LSO registers=[mem 0x4f7001000-0x4f7001fff]
[    7.872597] ca_ne_reg_init: ca_dma_lso_reg_base=0x(____ptrval____)
[    7.878779] ca_ne_reg_init: resource for SRAM=[mem 0x80000000-0x8003bfff]
[    7.885550] ca_ne_reg_init: ca_ne_sram_phy_base=0x80000000 end 0x(____ptrval____) size 0x3c000
[    7.894169] ca_ne_reg_init: ca_ne_sram_base=0x(____ptrval____)
[    7.899968] ca_ne_reg_init: resource for DDR=[mem 0x0bc48000-0x0bca7fff]
[    7.906673] ca_ne_reg_init: ca_ne_ddr_coherent_reserved_size=0x60000
[    7.912992] ca_ne_reg_init: ca_ne_ddr_coherent_base=0x(____ptrval____), ca_ne_ddr_coherent_phy_base=0xbc48000
[    7.922921] ca_ne_reg_init: resource for DDR non-cache=[mem 0x109000000-0x10aa4ffff]
[    7.930657] ca_ne_reg_init: ca_ne_ddr_noncache_reserved_size=0x1a50000
[    7.937155] ca_ne_reg_init: ca_ne_ddr_noncache_base=(____ptrval____), ca_ne_ddr_noncache_phy_base=0x109000000
[    7.947066] ca_ne_reg_init: resource for PONGLB=[mem 0x4f4320000-0x4f43202ff]
[    7.954189] ca_venus_pon_glb_reg_iobase = 0x(____ptrval____)
[    7.959827] ca_ne_reg_init: resource for PON=[mem 0x4f5500000-0x4f550bfff]
[    7.966699] ca_venus_pon_reg_iobase = 0x(____ptrval____)
[    7.971982] ca_ne_reg_init: resource for PERI=0xf4329000
[    7.977294] ca_venus_peri_reg_iobase = 0x(____ptrval____)
[    7.982677] ca_ne_reg_init: mem_resource for AXI REO registers=[mem 0x4f432d000-0x4f432f0b7]
[    7.991112] ca_ne_reg_init: ca_ne_axi_reo_reg_base=0x(____ptrval____)
[    7.997543] ca_ne_reg_init: mem_resource for ASIC GPHY registers=[mem 0x4f4600000-0x4f46fffff]
[    8.006153] ca_ne_reg_init: ca_ne_phy_reg_base=0x(____ptrval____)
[    8.012217] ca_ne_reg_init: mem_resource for ASIC SGMII LP registers=[mem 0x4f433a000-0x4f433afff]
[    8.021180] ca_ne_reg_init: ca_ne_sgmii_lp_reg_base=0x(____ptrval____)
[    8.027691] ca_ne_reg_init: mem_resource for CA_NI_MEM_RESOURCE_QX_REGS registers=[mem 0x4f550d000-0x4f550dfff]
[    8.037765] ca_ne_reg_init: ca_ne_qx_reg_base=0x(____ptrval____)
[    8.043764] ca_ne_reg_init: mem_resource for CA_NI_MEM_RESOURCE_GPHY_WRAP_REGS registers=[mem 0x4f4700000-0x4f47000ff]
[    8.054446] ca_ne_reg_init: ca_ne_gphy_wrap_reg_base=0x(____ptrval____)
[    8.061043] ca_ne_reg_init: mem_resource for LDMA registers=[mem 0x90301000-0x90302fff]
[    8.069045] ca_ne_reg_init: ca_ldma_reg_base=0x(____ptrval____)
[    8.074953] ca_ne_reg_init: mem_resource for CA_NI_MEM_RESOURCE_S0_SDS_REGS registers=[mem 0x4f4333000-0x4f4338fff]
[    8.085376] ca_ne_reg_init: ca_ne_s0_sds_reg_base=0x(____ptrval____)
[    8.091704] Enter <ca77xx_pon_probe, 849>
[    8.095810] ca-pon: proc files init OK.
[    8.099613] ca-pon: load PON_MAC_MODE: IGNORED
[    8.104053] ca-pon: Device Tree load start
[    8.108218] ca-pon: dg interrupt is 131
[    8.112070] ca-pon: found 1 interrupts in Device Tree
[    8.117097] ca-pon: interrupt 0 index is 14
[    8.121328] ca-pon: Device Tree load OK
[    8.125162] End <ca77xx_pon_probe, 875>
[    8.134135] ca_ni_global_reset: Port 4 connect to HSGMII
[    8.139409] ca_ni_global_reset: sgmii_phy=(____ptrval____)
[    8.147866] ca_ni_global_reset: Do external RESET for RTL8367SB HSGMII mode....
[    8.155043] ca-ni 4f4300000.ethernet: OF get ext_reset failed!!
[    8.263686] ca_load_init: please make sure CFG_ID_NE_SRAM_PHY_BASE=0xc0000000 consistent with device tree!!
[    8.273262] =================ca_ni_init_config================
[    8.279096] ca_load_init: ca_ne_sram_base=(____ptrval____), ca_ne_ddr_noncache_base=(____ptrval____)
[    8.288218] ca_load_init: ca_ne_sram_phy_base=0xc0000000, ca_ne_ddr_noncache_phy_base=0x9000000, ca_ne_ddr_coherent_phy_base=0xbc48000
[    8.300291] ==================================================
[    8.306111] ca_load_init: ca_ni_use_build_skb=0
[    8.310621] ca_load_init: ca_ni_napi_budget=64
[    8.315063] ca_load_init: ca_ni_tx_timer_enable=0
[    8.319744] ca_load_init: ca_ni_use_qm_eq_refill_int=0
[    8.324880] ca_load_init: ca_ni_cpu64_pool0_eq_id=4
[    8.329733] ca_load_init: ca_ni_cpu64_pool1_eq_id=15
[    8.334697] ca_load_init: ca_ni_cpu64_use_fbm=0
[    8.339204] ca_load_init: ca_ni_cpu64_pool0_fbm_pool_id=6
[    8.344601] ca_load_init: ca_ni_cpu64_pool1_fbm_pool_id=7
[    8.349977] ca_load_init: ca_ni_cpu64_pool0_buf_count=768
[    8.355374] ca_load_init: ca_ni_cpu64_pool1_buf_count=0
[    8.360577] ca_load_init: ca_ni_use_qm_eq_refill_tasklet=1
[    8.366060] ca_ni_read_drv_config: index=0
[    8.370132] ca_ni_read_drv_config: my_mac_index = 0
[    8.375016] ca_ni_read_drv_config: cpu_port_id = 0
[    8.379777] ca_ni_read_drv_config: egress_cpu_port_id = 0
[    8.385177] ca_ni_read_drv_config: i=0, num_cpu_port=1, dev_name=eth0
[    8.391593] ca_ni_load_driver_init: i=0
[    8.395426] ca_ni_read_drv_config: index=1
[    8.399498] ca_ni_read_drv_config: my_mac_index = 1
[    8.404373] ca_ni_read_drv_config: cpu_port_id = 1
[    8.409142] ca_ni_read_drv_config: egress_cpu_port_id = 1
[    8.414540] ca_ni_read_drv_config: i=1, num_cpu_port=1, dev_name=eth1
[    8.420957] ca_ni_load_driver_init: i=1
[    8.424791] ca_ni_read_drv_config: index=2
[    8.428863] ca_ni_read_drv_config: my_mac_index = -1
[    8.433826] ca_ni_read_drv_config: cpu_port_id = 2
[    8.438594] ca_ni_read_drv_config: egress_cpu_port_id = 2
[    8.443990] ca_ni_load_driver_init: i=2
[    8.447804] ca_ni_read_drv_config: index=3
[    8.451886] ca_ni_read_drv_config: my_mac_index = -1
[    8.456849] ca_ni_read_drv_config: cpu_port_id = 3
[    8.461617] ca_ni_read_drv_config: egress_cpu_port_id = 3
[    8.467013] ca_ni_load_driver_init: i=3
[    8.470827] ca_ni_read_drv_config: index=4
[    8.474920] ca_ni_read_drv_config: my_mac_index = -1
[    8.479862] ca_ni_read_drv_config: cpu_port_id = 4
[    8.484651] ca_ni_read_drv_config: egress_cpu_port_id = 4
[    8.490026] ca_ni_load_driver_init: i=4
[    8.493868] ca_ni_read_drv_config: index=5
[    8.497933] ca_ni_read_drv_config: my_mac_index = -1
[    8.502885] ca_ni_read_drv_config: cpu_port_id = 5
[    8.507676] ca_ni_read_drv_config: egress_cpu_port_id = 5
[    8.513049] ca_ni_load_driver_init: i=5
[    8.516884] ca_ni_read_drv_config: index=6
[    8.520956] ca_ni_read_drv_config: my_mac_index = -1
[    8.525918] ca_ni_read_drv_config: cpu_port_id = 6
[    8.530686] ca_ni_read_drv_config: egress_cpu_port_id = 6
[    8.536083] ca_ni_load_driver_init: i=6
[    8.539896] ca_ni_read_drv_config: index=7
[    8.543989] ca_ni_read_drv_config: my_mac_index = -1
[    8.548932] ca_ni_read_drv_config: cpu_port_id = 7
[    8.553720] ca_ni_read_drv_config: egress_cpu_port_id = 7
[    8.559097] ca_ni_load_driver_init: i=7
[    8.562919] ca_ni_load_driver_init: ca_ni_num_intf=2
[    8.567882] ca_ni_load_driver_init: index=0
[    8.572042] ca_ni_load_driver_init: driver_startup_config.enable = 1
[    8.578394] ca_ni_load_driver_init: driver_startup_config.my_mac_index = 0
[    8.585258] ca_ni_load_driver_init: driver_startup_config.egress_cpu_port_id = 0
[    8.592633] ca_ni_load_driver_init: driver_startup_config.cpu_port_id[0] = 0
[    8.599679] ca_ni_load_driver_init: index=1
[    8.603850] ca_ni_load_driver_init: driver_startup_config.enable = 1
[    8.610182] ca_ni_load_driver_init: driver_startup_config.my_mac_index = 1
[    8.617063] ca_ni_load_driver_init: driver_startup_config.egress_cpu_port_id = 1
[    8.624443] ca_ni_load_driver_init: driver_startup_config.cpu_port_id[0] = 1
[    8.631480] aal_l3qm_init_startup_config: nic rx WITH allocate scatter(env: eq_rule 0, build_skb 0, budget 64) 
[    8.641577] aal_l3qm_create_sram_map: total required SRAM size 0x80
[    8.647811] aal_l3qm_dump_sram_map: Dump SRAM map...
[    8.652752] [ Main hash ]
[    8.655370] overflow hash fib start addr = 0xffffffc010f80080
[    8.661094] overflow hash fib physical addr = 0x80000000
[    8.666404] overflow hash fib length = 48
[    8.670389] overflow hash fib count = 0
[    8.674223] default hash fib internal reg mode = 1
[    8.678991] default hash fib start addr = N/A (use internal reg)
[    8.684994] default hash fib physical addr = N/A (use internal reg)
[    8.691241] default hash fib length = 16
[    8.695161] default hash fib count = 16
[    8.698973] hash action cache fib internal sram mode = 1
[    8.704283] hash action cache fib start addr = N/A (use internal sram)
[    8.710788] hash action cache fib physical addr = N/A (use internal sram)
[    8.717576] hash action cache fib length = 48
[    8.721909] hash action cache fib count = 2048
[    8.726353] sram start vir addr = 0xffffffc010f80000, used size = 0x80, cur vir addr = 0xffffffc010f80080
[    8.735916] aal_l3qm_create_ddr_map: total size of DDR coherent consumed=0x10000/0x60000
[    8.743989] aal_l3qm_create_ddr_map: total size of DDR non-cache consumed=0x40000/0x1a50000
[    8.752318] aal_l3qm_dump_ddr_map: Dump DDR map...
[    8.757106] [ DDR coherent ]
[    8.759963] CPU pool0 buffer start addr = 0xffffffff
[    8.764926] CPU pool0 buffer physical addr = 0xffffffff
[    8.770128] CPU pool0 buffer count = 768
[    8.774047] CPU pool0 buffer size = 2048
[    8.777946] CPU pool0 consumed size = 0
[    8.781769] CPU pool1 buffer start addr = 0xffffffff
[    8.786733] CPU pool1 buffer physical addr = 0xffffffff
[    8.791935] CPU pool1 buffer count = 0
[    8.795681] CPU pool1 buffer size = 2048
[    8.799580] CPU pool1 consumed size = -553853353983
[    8.804455] CPU RX FIFO buffer start addr = 0xffffff800bc48000
[    8.810266] CPU RX FIFO buffer physical addr = 0xbc48000
[    8.815576] CPU RX FIFO count = 16384
[    8.819215] CPU RX FIFO size = 4
[    8.822430] CPU RX FIFO consumed size = 65536
[    8.826783] [ DDR non-cache ]
[    8.829727] DEEPQ pool0 buffer start addr = 0xffffffc014000000
[    8.835559] DEEPQ pool0 buffer physical addr = 0x9000000
[    8.840848] DEEPQ pool0 buffer count = 4096
[    8.845028] DEEPQ pool0 buffer size = 512
[    8.849015] DEEPQ pool0 consumed size = 0
[    8.853012] DEEPQ pool1 buffer start addr = 0xffffffc014000000
[    8.858850] DEEPQ pool1 buffer physical addr = 0x9000000
[    8.864143] DEEPQ pool1 buffer count = 11808
[    8.868389] DEEPQ pool1 buffer size = 2048
[    8.872472] DEEPQ pool1 consumed size = 24182784
[    8.877088] Main Hash table entry start addr = 0xffffffc015710000
[    8.883159] Main Hash table entry physical addr = 0xa710000
[    8.888729] Main Hash tabel entry length = 4
[    8.892976] Main Hash table entry count = 65536
[    8.897504] Main Hash table consumed size = 262144
[    8.902273] Main FIB action table entry addr = 0xffffffc015750000
[    8.908364] Main FIB action table entry physical addr = 0xa750000
[    8.914445] Main FIB action table entry length = 48
[    8.919301] Main FIB action table entry count = 65536
[    8.924349] Main FIB action table consumed size = 3145856
[    8.932367] L2_QM : EQ-0(0), EQ-1(4K) - system uses 4K * 64bytes buffer configuration.
[    8.940132] L2_QM : port private buffer number is 29
[    8.945098] L2_TM : enable ES for port 00, 01, 02, 03, 04, 05, 06, 07, 08, 09, 10, 11, 12, 13, 15
[    8.953989] L2_TE : initialize WRED profile & selection table ... 
[    8.953998] done.
[    8.962093] L3_TE : initialize WRED profile & selection table ... 
[    8.962101] done.
[    8.970096] L3_TE : initialize PIE ... 
[    8.970396] done.
[    8.976030] L2_TM_CB : initialize VoQ based buffer profile & selection table ... 
[    8.976052] done.
[    8.985404] done.
[    8.987278] done.
[    8.989180] 
[    8.989180] 
[    8.989180] end of aal_l2_tm_cb_init
[    8.989180] 
[    8.999772] === device_id 0 ===
[    9.002745] === L3FE_STG0_CTRL : 0x0014787c ===
[    9.007276] lpb_idx_mode=0
[    9.009955] mac_fltr_fail_pkt_mru_chk_en=0
[    9.014050] mru_chk_fail_pkt_l2_lkup_dis=1
[    9.018122] other_mac_pkt_keep_lspid_en=1
[    9.022118] wan_lspid=0x07
[    9.024822] use_lspid_ovwr_o_lspid=0
[    9.028373] spcl_pkt_keep_old=1
[    9.031501] wan_lspid_1=0x07
[    9.034379] msk_my_mac_match_en_for_lspid_upd=1
[    9.038886] keep_lspid_unchange=0
[    9.042187] my_mac_fail_pkt_bypass_cls=1
[    9.046107] chk_mymac_for_lan=0
[    9.049226] === L3FE_STG0_LDPID_MAP : 0x03985907 ===
[    9.054187] rule_0=0x07, lpb_idx_0=0
[    9.057739] rule_1=0x19, lpb_idx_1=1
[    9.061302] rule_2=0x18, lpb_idx_2=2
[    9.064874] default, lpb_idx_3=3
[    9.068079] === L3FE_STG0_LPB_TBL_0 : 0x18100190 ===
[    9.073030] lspid=0x18, default_ldpid=0x19
[    9.077124] special_en=1, special_sel=0
[    9.080937] mac_da_match_en=0, mac_da_match_mask=0, t1_ctrl=0, t5_ctrl=15
[    9.087723] === L3FE_STG0_LPB_TBL_1 : 0x19180180 ===
[    9.092666] lspid=0x19, default_ldpid=0x18
[    9.096766] special_en=1, special_sel=1
[    9.100572] mac_da_match_en=0, mac_da_match_mask=0, t1_ctrl=1, t5_ctrl=15
[    9.107359] === L3FE_STG0_LPB_TBL_2 : 0x18100190 ===
[    9.112301] lspid=0x18, default_ldpid=0x19
[    9.116394] special_en=1, special_sel=0
[    9.120208] mac_da_match_en=0, mac_da_match_mask=0, t1_ctrl=0, t5_ctrl=15
[    9.126993] === L3FE_STG0_LPB_TBL_3 : 0x1a1bfd90 ===
[    9.131935] stg0_lpb_tbl_hi.wrd=0x1a1bfd90
[    9.136028] lspid=0x1a, default_ldpid=0x19
[    9.140101] special_en=1, special_sel=1
[    9.143935] mac_da_match_en=0, mac_da_match_mask=255, t1_ctrl=1, t5_ctrl=15
[    9.151100] _hash_tbls_init: data.chip_revision=B
[    9.156967] aal_hash_hash_table_size_set: hashTbl_size = 65536, hashBucket_size = 8, hashAction_width = 256
[    9.166557] aal_hash_hash_table_size_set: hash_ini.bf.ht_size = 7
[    9.172625] aal_hash_hash_table_size_set: hash_ini.bf.hb_size = 1
[    9.178731] aal_hash_hash_table_size_set: hash_ini.bf.ha_width = 3
[    9.184894] aal_hash_cache_table_size_set: hach cache mode: INTERNAL_SRAM, cacheTbl_size = 2048, cacheAction_width = 224
[    9.195746] aal_hash_cache_table_size_set: hash_cache_ini.bf.ct_size = 4
[    9.202424] aal_hash_cache_table_size_set: hash_cache_ini.bf.ca_width = 3
[    9.209213] aal_hash_cache_table_size_set: hash_cache_ini.bf.fib_sram = 1
[    9.215997] aal_hash_cache_table_size_set: hash_cache_ini.bf.cache_half = 0
[    9.222928] aal_hash_cache_age0_hit_set: hash_cache_ini.bf.cache_age0_hit = 1
[    9.230068] _hash_misc_init: HASH default fib: internal register mode, crc_ntfy_en: enable
[    9.238432] <__aal_fdb_sw_lrn_tbl_create, 1513>
[    9.242915] <__aal_fdb_static_mac_create, 1637>
[    9.248012] FDB init OK
[    9.251294] ca-ne: init MDIO OK.
[    9.254465] load CA_CFG_ID_GE_PORT_BIT_MAP: 0x1f
[    9.259045] load CA_CFG_ID_XGE_PORT_BIT_MAP: 0x40.
[    9.263838] Valid Ethernet ports bitmap : 0x5f
[    9.268342] ethernet port 0 interface type:  0
[    9.272771] ethernet port 1 interface type:  0
[    9.277213] ethernet port 2 interface type:  0
[    9.281633] ethernet port 3 interface type:  0
[    9.286074] ethernet port 4 interface type:  10
[    9.290581] ethernet port 6 interface type:  8
[    9.295029] load Ethernet port SCFG OK
[    9.298747] port_id=0 enable = 0 
[    9.302050] set port 0 mac enable to 0 
[    9.305970] port_id=1 enable = 0 
[    9.309260] set port 1 mac enable to 0 
[    9.313170] port_id=2 enable = 0 
[    9.316482] set port 2 mac enable to 0 
[    9.320382] port_id=3 enable = 0 
[    9.323692] set port 3 mac enable to 0 
[    9.327592] port_id=4 enable = 0 
[    9.330893] set port 4 mac enable to 0 
[    9.334815] port_id=6 enable = 0 
[    9.338104] set XE port 6 mac enable to 0 
[    9.342274] disalbe all ethernet ports OK
[    9.346280] auto detect Ethernet PHY start ...
[    9.351711] ca-ne: read Ethernet PHY 1 IDs(0x1c 0xcac4): phy_oui 0x732, phy_model 0x2c .
[    9.359647] ca-ne: detect Eth PHY RTL8211 at PHY addr 1
[    9.368870] attch PHY addr 1 to port 0 driver
[    9.373063] ca-ne: read Ethernet PHY 2 IDs(0x1c 0xcac4): phy_oui 0x732, phy_model 0x2c .
[    9.381149] ca-ne: detect Eth PHY RTL8211 at PHY addr 2
[    9.390369] attch PHY addr 2 to port 1 driver
[    9.394573] ca-ne: read Ethernet PHY 3 IDs(0x1c 0xcac4): phy_oui 0x732, phy_model 0x2c .
[    9.402638] ca-ne: detect Eth PHY RTL8211 at PHY addr 3
[    9.411871] attch PHY addr 3 to port 2 driver
[    9.416083] ca-ne: read Ethernet PHY 4 IDs(0x1c 0xcac4): phy_oui 0x732, phy_model 0x2c .
[    9.424151] ca-ne: detect Eth PHY RTL8211 at PHY addr 4
[    9.433362] attch PHY addr 4 to port 3 driver
[    9.437991] detect Ethernet PHY done, find 4 PHYs
[    9.478580] ca-ne: init intergrated PHY start
[    9.482855] ca-ne: reset internal PHY for patch
[    9.500417] phy_cal_load: param dev=(____ptrval____) cell=(____ptrval____)
[    9.507152] phy_cal_load: buf=(____ptrval____), len=4, sizeof(phy_param)=4
[    9.514011] phy_cal_load: read phy_param buf=(____ptrval____) len=4
[    9.520254] phy_cal_load: calibration dev=(____ptrval____) cell=(____ptrval____)
[    9.527643] phy_cal_load: read phy_k_data buf=(____ptrval____) len=32
[    9.534083] phy_cal_load: phy_patch dev=(____ptrval____) cell=(____ptrval____)
[    9.541273] phy_cal_load: read phy_patch buf=(____ptrval____) len=16
[    9.547623] rc_cal_len_s(0): 0x8888
[    9.551088] rc_cal_len_l(0):   0x8888
[    9.554745] amp_cal(0):    0x5555
[    9.558038] r_cal(0):      0x7777
[    9.561339] r_cal_msb(0):      0x0000
[    9.564997] rc_cal_len_s(1): 0x8888
[    9.568464] rc_cal_len_l(1):   0x8888
[    9.572112] amp_cal(1):    0x4546
[    9.575423] r_cal(1):      0x7887
[    9.578715] r_cal_msb(1):      0x0000
[    9.582364] rc_cal_len_s(2): 0x7888
[    9.585847] rc_cal_len_l(2):   0x7888
[    9.589488] amp_cal(2):    0x6655
[    9.592790] r_cal(2):      0x8777
[    9.596099] r_cal_msb(2):      0x0000
[    9.599740] rc_cal_len_s(3): 0x8888
[    9.603215] rc_cal_len_l(3):   0x8888
[    9.606873] amp_cal(3):    0x5666
[    9.610166] r_cal(3):      0x7777
[    9.613476] r_cal_msb(3):      0x0000
[    9.617117] start to write eFuse data to port 0 phy_addr 1
[    9.622591] rc_l 1 rc_s 1 r 1 amp 1 500m 0
[    9.628689] start to write eFuse data to port 1 phy_addr 2
[    9.634017] rc_l 1 rc_s 1 r 1 amp 1 500m 0
[    9.640097] start to write eFuse data to port 2 phy_addr 3
[    9.645425] rc_l 1 rc_s 1 r 1 amp 1 500m 0
[    9.651505] start to write eFuse data to port 3 phy_addr 4
[    9.656841] rc_l 1 rc_s 1 r 1 amp 1 500m 0
[    9.662913] ca-ne: phy_cal_load return 0
[    9.666676] aal_phy_get_chip_revision: data.chip_revision=B
[    9.820258] aal_phy_get_chip_revision: data.chip_revision=B
[   10.101732] ca-ne: init intergrated PHY OK
[   10.105773] aal_ni_eth_port_config_set: port_id=4, phy_intfs[port_id]=10, speed=2, port_static_cfg.wrd=0x200
[   10.117580] ca-ne: aal_ni_reset_intf init ...  OK NI_HV_GLB_INTF_RST_CONFIG = 0x0
[   10.125574] start restore Ethernet ports configuration from SCFG
[   10.131416] aal_eth_ports_restore: Enable port 0 OK
[   10.136292] aal_eth_ports_restore: Enable port 1 OK
[   10.141145] aal_eth_ports_restore: Enable port 2 OK
[   10.146021] aal_eth_ports_restore: Enable port 3 OK
[   10.150875] aal_eth_ports_restore: Enable port 4 OK
[   10.155749] aal_eth_ports_restore: Enable port 6 OK
[   10.160747] ca-ne: port scan thread create successfully.
[   10.162403] init L2FE,L3FE vlan done.
[   10.169611] aal_hash_mem_init: hash_overflow_fib data_len=0x0, hash_overflow_fib_virtual_addr=0x(____ptrval____)
[   10.179734] aal_hash_mem_init: hash_main_fib data_len=0x300000, hash_action_table_virtual_addr=0x(____ptrval____)
[   10.256217] aal_hash_mem_init: hash_main_hash data_len=0x40000, hash_table_virtual_addr=0x(____ptrval____)
[   10.271225] aal_ni_reset: reset NI done!
[   10.274991] aal_ni_init_tx_dma_lso: i = 0, vp_control.wrd=0xff
[   10.280799] aal_ni_init_tx_dma_lso: i = 1, vp_control.wrd=0xff
[   10.286631] aal_ni_init_tx_dma_lso: i = 2, vp_control.wrd=0xff
[   10.292441] aal_ni_init_tx_dma_lso: i = 3, vp_control.wrd=0xff
[   10.298273] aal_ni_init_tx_dma_lso: i = 4, vp_control.wrd=0xff
[   10.304094] aal_ni_init_tx_dma_lso: i = 5, vp_control.wrd=0xff
[   10.309904] aal_ni_init_tx_dma_lso: i = 6, vp_control.wrd=0xff
[   10.315735] aal_ni_init_tx_dma_lso: i = 7, vp_control.wrd=0xff
[   10.321547] aal_ni_init_tx_dma_lso: i = 8, vp_control.wrd=0xff
[   10.327377] aal_ni_init_tx_dma_lso: i = 9, vp_control.wrd=0xff
[   10.333188] aal_ni_init_tx_dma_lso: i = 10, vp_control.wrd=0xff
[   10.339115] aal_ni_init_tx_dma_lso: i = 11, vp_control.wrd=0xff
[   10.345016] Padding by DMAAFT rather than LSO
[   10.349351] aal_ni_init_nirx_l3fe_demux, 699, FIXME: QM ni port not work
[   10.356050] aal_ni_init_ni: ======= NI_HV_GLB_INTERNAL_PORT_ID_CFG ==============
[   10.363533] aal_l3qm_init_empty_buffer_CPU: i=4, reg_off=0xf4306240, cfg2_eq.wrd=0x580d
[   10.371503] aal_l3qm_init_empty_buffer_CPU: i=5, reg_off=0xf4306254, cfg2_eq.wrd=0x580d
[   10.379508] aal_l3qm_init_empty_buffer_CPU: i=6, reg_off=0xf4306268, cfg2_eq.wrd=0xf80d
[   10.387500] aal_l3qm_init_empty_buffer_CPU: i=7, reg_off=0xf430627c, cfg2_eq.wrd=0x580d
[   10.395523] capsram size is 278528  currect used size is 128.
[   10.401218] capsram reseve some mem for epp and dmalso, currect used size is 128 srvd size is 0.
[   10.410005] aal_l3qm_init_DQ_pools_pool0: sram_phy_start=0x80000080
[   10.416256] aal_l3qm_init_DQ_pools_pool0: pool_id=0, bid_start=4352
[   10.422501] aal_l3qm_init_DQ_pools_pool0: cfg0_eq.wrd=0x80000081, reg_off=0xf43061e8
[   10.430244] aal_l3qm_init_DQ_pools_pool0: cfg1_eq.wrd=0xf31100, reg_off=0xf43061ec
[   10.437802] aal_l3qm_init_DQ_pools_pool0: cfg2_eq.wrd=0xff03, reg_off=0xf43061f0
[   10.445188] aal_l3qm_init_DQ_pools_pool0: cfg3_eq.wrd=0x10, reg_off=0xf43061f4
[   10.452387] aal_l3qm_init_DQ_pools_pool0: cfg4_eq.wrd=0x0, reg_off=0xf43061f8
[   10.459546] aal_l3qm_init_DQ_pools_pool0: sram_phy_start=0x8001e800
[   10.465778] aal_l3qm_init_DQ_pools_pool0: pool_id=1, bid_start=4595
[   10.472022] aal_l3qm_init_DQ_pools_pool0: cfg0_eq.wrd=0x8001e801, reg_off=0xf43061fc
[   10.479766] aal_l3qm_init_DQ_pools_pool0: cfg1_eq.wrd=0x4b011f3, reg_off=0xf4306200
[   10.487411] aal_l3qm_init_DQ_pools_pool0: cfg2_eq.wrd=0xff01, reg_off=0xf4306204
[   10.494795] aal_l3qm_init_DQ_pools_pool0: cfg3_eq.wrd=0x10, reg_off=0xf4306208
[   10.501996] aal_l3qm_init_DQ_pools_pool0: cfg4_eq.wrd=0x0, reg_off=0xf430620c
[   10.509130] aal_l3qm_init_DQ_pools_pool1: dram_phy_start=0x9000000
[   10.515299] aal_l3qm_init_DQ_pools_pool1: pool_id=2, bid_start=5795
[   10.521544] aal_l3qm_init_DQ_pools_pool1: cfg0_eq.wrd=0x9000001, reg_off=0xf4306210
[   10.529200] aal_l3qm_init_DQ_pools_pool1: cfg1_eq.wrd=0x295d16a3, reg_off=0xf4306214
[   10.536932] aal_l3qm_init_DQ_pools_pool1: cfg2_eq.wrd=0xff05, reg_off=0xf4306218
[   10.544317] aal_l3qm_init_DQ_pools_pool1: cfg3_eq.wrd=0x10, reg_off=0xf430621c
[   10.551518] aal_l3qm_init_DQ_pools_pool1: cfg4_eq.wrd=0x0, reg_off=0xf4306220
[   10.558722] aal_l3qm_init_cpu_epp: EPP is 64-bit mode
[   10.563703] ca_us_rate_manager_init: g_us_rate_manager_init_done=0
[   10.569859] ca_ni_init_module_probe: ca_init() is done successfully!
[   10.576267] ca_ni_init_port_configs: port_cfg_infos[0].irq[0]=31
[   10.582200] ca_ni_init_port_configs: port_cfg_infos[1].irq[0]=32
[   10.588214] ca_ni_init_port_configs: port_cfg_infos[2].irq[0]=33
[   10.594196] ca_ni_init_port_configs: port_cfg_infos[3].irq[0]=34
[   10.600180] ca_ni_init_port_configs: port_cfg_infos[4].irq[0]=35
[   10.606184] ca_ni_init_port_configs: port_cfg_infos[5].irq[0]=36
[   10.612167] ca_ni_init_port_configs: port_cfg_infos[6].irq[0]=37
[   10.618173] ca_ni_init_port_configs: port_cfg_infos[7].irq[0]=38
[   10.624159] ca_ni_init_cpu_ports: ca_ni_num_intf=2
[   10.628956] ca_ni_init_cpu_ports: port_cfg_infos[0].irq[0]=31
[   10.634692] ca_ni_init_cpu_ports: port_cfg_infos[1].irq[0]=32
[   10.640397] ca_ni_dump_intfs: ===================== interface 0 ===================
[   10.648052] ni_info_data.dev[i]=0x(____ptrval____), cep=0x(____ptrval____)
[   10.654915] cpu_port[0]=0, port_cfg_infos[0].irq[0]=31
[   10.660030] port_id[0]=7
[   10.662551] MAC ADDR=00:13:25:00:00:01
[   10.666295] duplex=0x1, flowctrl=0x3, tx_ldpid=7
[   10.670891] ca_ni_dump_intfs: ===================== interface 1 ===================
[   10.678545] ni_info_data.dev[i]=0x(____ptrval____), cep=0x(____ptrval____)
[   10.685409] cpu_port[0]=1, port_cfg_infos[1].irq[0]=32
[   10.690525] port_id[0]=0
[   10.693044] port_id[1]=1
[   10.695573] port_id[2]=2
[   10.698084] port_id[3]=3
[   10.700603] port_id[4]=4
[   10.703123] port_id[5]=6
[   10.705649] MAC ADDR=00:13:25:00:00:02
[   10.709378] duplex=0x1, flowctrl=0x3, tx_ldpid=25
[   10.725962] ni fill QM eq buffer: eqid 4 cnt 768
[   10.730721] ni fill QM eq buffer: eqid 5 cnt 768
[   10.735565] ni fill QM eq buffer: eqid 6 cnt 2048
[   10.741083] ni fill QM eq buffer: eqid 7 cnt 768
[   10.745937] ca_ni_fill_eq_buf_pool: skb alloc data size 1536, headroom 128, end offset 1664, shared info size 320, push len 64, store skb offset 2040
[   10.759193] ca_ni_init_module_probe: ======= after CPU pool bid count=768 =======
[   10.766699] ca_ni_init_module_probe: QM refill req irq num = 43 44 45 46
[   10.773327] ca_ni_get_chip_revision: data.chip_revision=66
[   10.778810] ca_ni_dma_lso_init_startup_config: ca_ni_chip_revision=66
[   10.785240] ca_ni_dma_lso_init_startup_config: aal_scfg_read(CFG_ID_DMA_LSO_ACE_TEST), dma_lso_ace_test=1
[   10.794793] ca_ni_dma_lso_init_startup_config: aal_scfg_read(CFG_ID_NE_CA_TX_BY_START_XMIT), ca_tx_by_start_xmit=1
[   10.805133] ca_ni_dma_lso_init_startup_config: aal_scfg_read(CFG_ID_PON_VOQ_MODE), puc_voq_mode=0
[   10.814461] ca_ni_init_tx_dma_lso_interrupts: irq=132
[   10.819394] ca_ni_init_tx_dma_lso_interrupts: irq=133
[   10.824438] ca_ni_init_tx_dma_lso_interrupts: irq=134
[   10.829478] ============cep->port_cfg.irq[0] = 31 name = eth0 set smp_affinity to 0x2
[   10.837264] ============cep->port_cfg.irq[0] = 32 name = nas0 set smp_affinity to 0x2
[   10.846715] ca_l2fp_init for cpu 0x12 ~ 0x17 done!
[   10.852194] eth0.2: CA NI, 00:00:01:00:02:00, IRQ 24917260
[   10.858374] eth0.3: CA NI, 00:00:01:00:02:00, IRQ 24917260
[   10.864499] eth0.4: CA NI, 00:00:01:00:02:00, IRQ 24917260
[   10.870611] eth0.5: CA NI, 00:00:01:00:02:00, IRQ 24917260
[   10.876775] eth0.6: CA NI, 00:00:01:00:02:00, IRQ 24917260
[   10.882896] eth0.7: CA NI, 00:00:01:00:02:00, IRQ 24917260
[   10.889046] eth0.8: CA NI, 00:00:01:00:02:00, IRQ 24917260
[   10.894514] eth0.2 -> port 0
[   10.897242] eth0.3 -> port 1
[   10.900107] eth0.4 -> port 2
[   10.902974] eth0.5 -> port 3
[   10.905870] eth0.6 -> port 6
[   10.908709] eth0.7 -> port 4
[   10.911576] eth0.8 -> port 5
[   10.914466] nas0 -> port 7
[   10.917136] eth0.2 -> port 0
[   10.920002] eth0.3 -> port 1
[   10.922870] eth0.4 -> port 2
[   10.925751] eth0.5 -> port 3
[   10.928604] eth0.6 -> port 6
[   10.931470] eth0.7 -> port 4
[   10.934350] eth0.8 -> port 5
[   10.937205] nas0 -> port 7
[   10.939922] nic_rxhook_init: init nic RX Hook functions.
[   10.945221] nic_rxhook_init: nic_register_rxhook=(____ptrval____)
[   10.951280] nic_rxhook_init: nic_unregister_rxhook=(____ptrval____)
[   10.957551] [nic_hook_rx_register-52] nicRxHook=(____ptrval____)
[   10.963543] [nic_unhook_rx_register-64] nicRxUnHook=(____ptrval____)
[   10.969879] [nic_register_rxhook-178] portmask=fffffff, pri:0, rx=(____ptrval____)
[   10.977443] first entry: 0, portmask 268435455, rx: (____ptrval____)
[   10.983786] [nic_register_rxhook-178] portmask=fffffff, pri:9, rx=(____ptrval____)
[   10.991332] insert here, priority: 9, portmask 268435455, rx: (____ptrval____)
[   10.998563] [nic_register_rxfunc_all_port-3185] pfunc=(____ptrval____) ca_ni_num_intf=2
[   11.006548] [nic_register_rxfunc_by_port-3171] port =0, pfunc=(____ptrval____)
[   11.013758] [nic_register_rxfunc_by_port-3171] port =1, pfunc=(____ptrval____)
[   11.020957] nic_txhook_init: init nic TX Hook functions.
[   11.026269] [nic_register_txfunc_default-3250] txfunc=(____ptrval____)
[   11.033430] ca_ni_init_module: platform_driver_register() return ret=0
rtkbosa: Dont care pon mode, use general file
cat: can't open '/var/config/rtkbosa_k_checksum': No such file or directory
rtkbosa: checksumold = 
rtkbosa: Use general file [/var/config/rtkbosa_k.bin]
rtkbosa: Version 2.15 (Mar  8 2023 - 12:15:32)
rtkbosa: Detecting RTL8290B ...
rtkbosa: Error (0x10): The chip is not found
rtkbosa: Detecting UX3320_S ...
rtkbosa: Detecting UX3360 ...
rtkbosa: Detecting UX3361 ...
rtkbosa: Detecting Semtech Series (GN2xL9x) ...
rtkbo[   11.870121] random: fast init done
sa: Detecting Semtech Bosa ID ...
rtkbosa: SEMTECH GN25L95 is Found
rtkbosa: none EEPROM exists.
rtkbosa: Starting Init GN25L95 ...
rtkbosa: Open file [/var/config/rtkbosa_k.bin]
rtkbosa: (0) Dump A0 (Disabled)
rtkbosa: (1) Dump LUTs4 Data
rtkbosa: (2) Dump LUTs5 Data
rtkbosa: (3) Dump LUTs6 Data
rtkbosa: (4) Dump A2.table2
rtkbosa: (5) Dump all slope and offsets - A2_TABLE2
rtkbosa: (6) Dump all alarms and warnings levels A2-Lower
rtkbosa: (7) Set PON_CONTROL
rtkbosa: (8) Enable all alarms and warnings
rtkbosa:   Read  reg (A2T1.249): 00
rtkbosa:   Write reg (A2T1.249): c0
rtkbosa:   Read  reg (A2T1.253): 00
rtkbosa:   Write reg (A2T1.253): c0
rtkbosa: (9) Soft TX disable reset
rtkbosa:   Read  Soft TX reg (A2T1.110): 82
rtkbosa:   Write Soft TX reg (A2T1.110): c2
rtkbosa:   Write Soft TX reg (A2T1.110): 82
rtkbosa: (10) Set Safe Mode Start Up
rtkbosa: (11) Set up the password level
rtkbosa: 8277B/9607DA(Get): A2/0xBB = 0x1c
rtkbosa: 8277B/9607DA(Set): A2/0xBB = 0x1c
rtkbosa: A2.T2/0xB1 = 0x0c
rtkbosa: A2.T2/0xB7 = 0x01
rtkbosa: Init done ...
rtkbosa: [LD] Do NOT save A0 data for Semtech BOSA

rtkbosa: done
diable printk=  0  parameter is  1
/etc/init.d/rc3: line 7: /bin/checkomci: not found
default CFG_ID_PON_MAC_MODE of scfg is IGNORED(0xFF) ...
set RT PONMAC mode=0, speed=0
rt_ponmisc init 
RTK.0> command:set RT ponmisc burstPolarityReverse state disable
rt_[   12.432915] __psds_burst_polarity_set: unknown PSDS mode:255
ponmisc set burstPolarityReverse state disable 
Error (0xffffffff): General Error
RTK.0> command:rt_ponmisc set mode 0 speed 0 
RTK.0> command:Loading modules: ca-ne ca-plat-kernel ca-sdk-cb libscfg [   12.839817] [FCMGR] module init, detect 4 cpus online @rtk_fc_mgr_init(667)
[   12.847168] fc_db.controlFuc.external_switch_en = 0 external_switch_port_offset = 0
[   12.854685] fc_db.controlFuc.mem_leak_debug = 0 fc_db.controlFuc.vlan_filtering = 0
[   12.862309] fc_db.controlFuc.special_fast_forward_mode = 0 fc_db.controlFuc.hwnat_customize = 0 fc_db.controlFuc.hwnat_customize_nptv6_sram_acc_v2 = 0
[   12.877754] dal_rtl8277c_gpio_ioremap_init 106: GPIO ioremap success!!!
[   12.931350] IPG_CMPS_CFG REG: 0x5500
[   12.985059] FC mirror function is not ready!
[   12.991028] [HWNAT] rtk_8277c_init: #####Set keep_lspid_unchange to 1#####  @rtk_8277c_init(4219)
[   12.999754] [HWNAT] rtk_8277c_init: #####Set wan_rxsel to 2#####  @rtk_8277c_init(4226)
[   13.007751] [HWNAT] rtk_8277c_init: #####Set wan_ind to 1#####  @rtk_8277c_init(4238)
[   13.015565] [HWNAT] rtk_8277c_init: #####Set stg0tbl[0]mac_da_match_en to 0#####  @rtk_8277c_init(4247)
[   13.024943] [HWNAT] rtk_8277c_init: #####Set stg0tbl[1]mac_da_match_en to 0#####  @rtk_8277c_init(4247)
[   13.034328] [HWNAT] rtk_8277c_init: #####Set stg0tbl[2]mac_da_match_en to 0#####  @rtk_8277c_init(4247)
[   13.043709] [HWNAT] rtk_8277c_init: #####Set stg0tbl[3]mac_da_match_en to 0#####  @rtk_8277c_init(4247)
[   13.090252] [HWNAT] rtk_8277c_acl_init: ##### L2/L3 CLS initialization success.#####  @rtk_8277c_acl_init(4083)
[   13.100242] [HWNAT] rtk_8277c_init: #####Disable L2FE/L3FE QoS Decision#####  @rtk_8277c_init(4312)
[   13.110223] [nic_register_rxfunc_by_port-3171] port =2, pfunc=(____ptrval____)
[   13.117297] ca_ni_virtual_instance_open: cep->port_cfg.irq=33
[   13.123076] [HWNAT] Enable CPU port 0x12 @rtk_8277c_cpuport_init(3472)
[   13.129564] [nic_register_rxfunc_by_port-3171] port =3, pfunc=(____ptrval____)
[   13.136768] ca_ni_virtual_instance_open: cep->port_cfg.irq=34
[   13.142587] [HWNAT] Enable CPU port 0x13 @rtk_8277c_cpuport_init(3472)
[   13.149006] [nic_register_rxfunc_by_port-3171] port =4, pfunc=(____ptrval____)
[   13.156215] ca_ni_virtual_instance_open: cep->port_cfg.irq=35
[   13.161964] [HWNAT] Enable CPU port 0x14 @rtk_8277c_cpuport_init(3472)
[   13.168474] [nic_register_rxfunc_by_port-3171] port =5, pfunc=(____ptrval____)
[   13.175685] ca_ni_virtual_instance_open: cep->port_cfg.irq=36
[   13.181447] [HWNAT] Enable CPU port 0x15 @rtk_8277c_cpuport_init(3472)
[   13.187927] [nic_register_rxfunc_by_port-3171] port =6, pfunc=(____ptrval____)
[   13.195137] ca_ni_virtual_instance_open: cep->port_cfg.irq=37
[   13.200890] [HWNAT] Enable CPU port 0x16 @rtk_8277c_cpuport_init(3472)
[   13.207388] [nic_register_rxfunc_by_port-3171] port =7, pfunc=(____ptrval____)
[   13.214595] ca_ni_virtual_instance_open: cep->port_cfg.irq=38
[   13.220348] [HWNAT] Enable CPU port 0x17 @rtk_8277c_cpuport_init(3472)
[   13.226846] [HWNAT] Init dmalso global config  @rtk_8277c_dmalso_init(3498)
[   13.233927] [HWNAT] Padding by DMAAFT rather than LSO  @rtk_8277c_dmalso_init(3514)
[   13.241429] Padding by DMAAFT rather than LSO
[   13.245793] [HWNAT] Init Per CPU port VP header by-pass l2fe  @rtk_8277c_dmalso_init(3517)
[   13.254038] aal_ni_set_dma_lso_headerA: port_no=0, ldpid=0, febypass=1
[   13.260545] aal_ni_set_dma_lso_headerA: port_no=1, ldpid=0, febypass=1
[   13.267069] aal_ni_set_dma_lso_headerA: port_no=2, ldpid=0, febypass=1
[   13.273586] aal_ni_set_dma_lso_headerA: port_no=3, ldpid=0, febypass=1
[   13.280092] aal_ni_set_dma_lso_headerA: port_no=4, ldpid=0, febypass=1
[   13.286616] aal_ni_set_dma_lso_headerA: port_no=5, ldpid=0, febypass=1
[   13.293124] aal_ni_set_dma_lso_headerA: port_no=6, ldpid=0, febypass=1
[   13.299648] aal_ni_set_dma_lso_headerA: port_no=7, ldpid=0, febypass=1
[   13.306164] aal_ni_set_dma_lso_headerA: port_no=8, ldpid=0, febypass=1
[   13.312672] aal_ni_set_dma_lso_headerA: port_no=9, ldpid=0, febypass=1
[   13.319197] aal_ni_set_dma_lso_headerA: port_no=10, ldpid=0, febypass=1
[   13.325800] aal_ni_set_dma_lso_headerA: port_no=11, ldpid=0, febypass=1
[   13.332393] [HWNAT] Init DMALSO done  @rtk_8277c_dmalso_init(3522)
[   13.338585] [HWNAT] rtk_8277c_flow_init: ##### hash fib bits width: flow(type-0) act_mask 0x140000 (224 bits), type-1 act_mask 0x0 (0 bits), default act_mask 0xd0000 (80 bits)  @rtk_8277c_flow_init(3860)
[   13.356671] [HWNAT] rtk_8277c_flow_hash_profile_init: ##### init hash profile 0 (RTK_8277C_FLOW_PROFILE_FLOW_5TUPLE), profile 0 hash_mask_idx = 0  @rtk_8277c_flow_hash_profile_init(3660)
[   13.373257] [HWNAT] rtk_8277c_flow_hash_profile_init: ##### init hash profile 1 (RTK_8277C_FLOW_PROFILE_FLOW_2TUPLE), profile 0 hash_mask_idx = 1  @rtk_8277c_flow_hash_profile_init(3696)
[   13.389842] [HWNAT] rtk_8277c_flow_hash_profile_init: ##### init hash profile 2 (RTK_8277C_FLOW_PROFILE_FLOW_MC), profile 0 hash_mask_idx = 2  @rtk_8277c_flow_hash_profile_init(3715)
[   13.406087] [HWNAT] rtk_8277c_flow_hash_profile_init: ##### init hash profile 2 (RTK_8277C_FLOW_PROFILE_FLOW_MC), profile 1 hash_mask_idx = 3  @rtk_8277c_flow_hash_profile_init(3740)
[   13.422334] [HWNAT] rtk_8277c_flow_hash_profile_init: ##### init hash profile 3 (RTK_8277C_FLOW_PROFILE_FLOW_5TUPLE_TCP_FLAG0), profile 0 hash_mask_idx = 4  @rtk_8277c_flow_hash_profile_init(3783)
[   13.439797] [HWNAT] rtk_8277c_flow_hash_profile_init: ##### init hash profile 4 (RTK_8277C_FLOW_PROFILE_DEFAULT_DROP), profile 0 hash_mask_idx = 5  @rtk_8277c_flow_hash_profile_init(3796)
[   13.465851] set dev 0 L3FE_PP_SPKTP_DATA = 0x1c, l3specpkt_priority 56
[   13.472223] set dev 0 L3FE_PP_SPKTP_DATA = 0x1d, l3specpkt_priority 55
[   13.621643] RTK FleetConntrack Driver - core module init
[   13.626805]  - version: usdk_v2_2_rtc.43 (8fefc00a) 2023-02-07-1757
[   13.633048]  - mem usage 12572 KB (malloc:2985184  fc_db:9888944)
[   13.639145] [nic_register_rxhook-178] portmask=3ffffff, pri:1, rx=(____ptrval____)
[   13.646697] insert here, priority: 1, portmask 67108863, rx: (____ptrval____)
[   13.653822] [nic_register_rxhook-178] portmask=3ffffff, pri:10, rx=(____ptrval____)
[   13.661457] insert here, priority: 10, portmask 67108863, rx: (____ptrval____)
[   13.668678] [nic_register_txfunc-3221] txfunc=(____ptrval____)
[   13.674499] RTK FleetConntrack Driver - manager module init
[   13.680050]  - mem usage 179 KB (db:48088 nicrx_ipi:136192)
[   13.951880] cfg80211: Loading compiled-in X.509 certificates for regulatory database
[   13.966034] cfg80211: Loaded X.509 cert 'sforshee: 00b28ddf47aef9cea7'
[   15.424706] rtk_wifi6 0000:01:00.0: enabling device (0000 -> 0003)
[   15.430852] [rtw_dev_probe] dev_probe_num:1 padapter:0x0000000000000000 dev_id:0 
[   15.439134] PHL: Use chip layer register read functions!
[   15.444308] PHL: [MAC] MAC_AX_MAJOR_VER = 0
[   15.444308] MAC_AX_PROTOTYPE_VER = 27
[   15.444308] MAC_AX_SUB_VER = 55
[   15.444308] MAC_AX_SUB_INDEX = 0
[   15.458863] dbg [rtw_hal_mac_init][1065]chip_cut = 1 
[   15.467825] PHL: CH[0] Alloc 8192B RX buffer, got available size 16000B
[   15.474592] PHL: CH[1] Alloc 192B RX buffer, got available size 640B
[   15.483299] eric-tx CALL alloc_txring !!!!
[   15.491080] swq tasklet init padapter=(____ptrval____) dvobj=(____ptrval____)
[   15.498098] padapter=(____ptrval____) dvobj=(____ptrval____)
[   15.506284] eric-tx CALL alloc_txring !!!!
[   15.510336] padapter=(____ptrval____) dvobj=(____ptrval____)
[   15.518362] eric-tx CALL alloc_txring !!!!
[   15.522397] padapter=(____ptrval____) dvobj=(____ptrval____)
[   15.530477] eric-tx CALL alloc_txring !!!!
[   15.534556] padapter=(____ptrval____) dvobj=(____ptrval____)
[   15.542493] eric-tx CALL alloc_txring !!!!
[   15.546615] padapter=(____ptrval____) dvobj=(____ptrval____)
[   15.554590] eric-tx CALL alloc_txring !!!!
[   15.558636] padapter=(____ptrval____) dvobj=(____ptrval____)
[   15.566624] eric-tx CALL alloc_txring !!!!
[   15.570672] padapter=(____ptrval____) dvobj=(____ptrval____)
[   15.576466] dbg [rtw_build_he_phy_caps][782]force enable RX ldpc
[   15.582308] dbg [rtw_build_he_phy_caps][794]no RX stbc 
[   15.587551] dbg [rtw_build_he_phy_caps][782]force enable RX ldpc
[   15.593542] dbg [rtw_build_he_phy_caps][794]no RX stbc 
[   15.598729] dbg [rtw_cfg80211_init_wiphy][10796]enable A4 
[   15.607086] rtk_wifi6 0001:01:00.0: enabling device (0000 -> 0003)
[   15.613294] [rtw_dev_probe] dev_probe_num:2 padapter:0x0000000000000000 dev_id:1 
[   15.621721] PHL: Use chip layer register read functions!
[   15.626958] PHL: [MAC] MAC_AX_MAJOR_VER = 0
[   15.626958] MAC_AX_PROTOTYPE_VER = 27
[   15.626958] MAC_AX_SUB_VER = 55
[   15.626958] MAC_AX_SUB_INDEX = 0
[   15.641480] dbg [rtw_hal_mac_init][1065]chip_cut = 0 
[   15.650130] PHL: CH[0] Alloc 3584B RX buffer, got available size 3712B
[   15.656790] PHL: CH[1] Alloc 192B RX buffer, got available size 640B
[   15.665409] eric-tx CALL alloc_txring !!!!
[   15.672198] swq tasklet init padapter=(____ptrval____) dvobj=(____ptrval____)
[   15.679216] padapter=(____ptrval____) dvobj=(____ptrval____)
[   15.687352] eric-tx CALL alloc_txring !!!!
[   15.691395] padapter=(____ptrval____) dvobj=(____ptrval____)
[   15.699375] eric-tx CALL alloc_txring !!!!
[   15.703472] padapter=(____ptrval____) dvobj=(____ptrval____)
[   15.711377] eric-tx CALL alloc_txring !!!!
[   15.715501] padapter=(____ptrval____) dvobj=(____ptrval____)
[   15.723478] eric-tx CALL alloc_txring !!!!
[   15.727522] padapter=(____ptrval____) dvobj=(____ptrval____)
[   15.735506] eric-tx CALL alloc_txring !!!!
[   15.739553] padapter=(____ptrval____) dvobj=(____ptrval____)
[   15.747564] eric-tx CALL alloc_txring !!!!
[   15.751615] padapter=(____ptrval____) dvobj=(____ptrval____)
[   15.757373] dbg [rtw_build_he_phy_caps][782]force enable RX ldpc
[   15.763215] dbg [rtw_build_he_phy_caps][794]no RX stbc 
[   15.768488] dbg [rtw_build_he_phy_caps][782]force enable RX ldpc
[   15.774466] dbg [rtw_build_he_phy_caps][794]no RX stbc 
[   15.779636] dbg [rtw_cfg80211_init_wiphy][10796]enable A4 
find: /lib/modules/users/: No such file or directory

Unix Socket Connect to server failed!!!: No such file or directory
Unable to open unix socket file /var/run/systemd.usock!!!
[   16.447040] pf_rt_fc: unknown parameter 'pon_speed' ignored
[   16.452796] ca-pon: load PON_VOQ_MODE: 0
[   16.456598] ca-pon: load BWMP_RSP_TM: 0x1543
[   16.460810] ca-pon: load ACTP_TOZ: 0x13880
[   16.464903] ca-pon: load ACTP_TO23: 0x3e8
[   16.468889] ca-pon: load ACTP_TO4: 0x3e8
[   16.472797] ca-pon: load ACTP_TO5: 0x3e8
[   16.476728] ca-pon: load CFG_ID_PON_LASER_ALIGN: 0x20.
[   16.481843] ca-pon: init PON_RX_LOS_POLARITY_INVERT as 0.
[   16.487317] ca-pon: init PON Tx laser polarity as 0
[   16.492174] ca-pon: init PON SerDes (mode: GPON, reversion B)
[   16.599942] loading serders file: /etc/serdes/pon_serdes_gpon_B.txt , mode=3, rev=66
[   16.609280] loading serders file: /etc/serdes/pon_serdes_gpon.txt , mode=3
[   16.624013] ca-pon: load PON SerDes configuration from SerDes file successfully
[   16.631252] __psds_disable_gpon_los_rst: EPON_GLB_SPARE_CFG:0x00000000
[   16.637783] __psds_disable_gpon_los_rst: EPON_GLB_SPARE_CFG:0x80000000
[   16.644292] __psds_disable_gpon_los_rst: EPON_GLB_SPARE_CFG:0x80000000
[   17.752060] INFO: PON SERDES Rx clock status = 0x5c01.
[   17.757042] aal_psds_out_of_reset: Failed to do psds_sync
[   17.863432] __psds_gbox_init  rx_bit_order 1, tx_bit_order 1
[   17.870012] ca-pon: init PON SerDes OK
[   17.873604] ca-pon: init GPON SERDES OK 
[   17.977512] ca-pon: init GPON global control OK 
[   17.981966] ca-pon: init gpon password OK
[   17.986283] ca-pon: init GPON common OK 
[   17.990037] ca-pon: init GPON activation FSM OK
[   17.994920] ca-pon: init PDC OK
[   18.011977] ca-puc: initialization was done.
[   18.016091] ca-pon: init GPON DATAPATH OK
[   18.020122] ca-pon: init GPON kmsg OK 
[   18.023845] ca-pon: init GPON interrupt OK
[   18.027922] aal_xgpon_dsfp_rxmac_ctrl_set(): invalid max_pkt_size 12288
[   18.034900] ca-pon: Init gpon workqueue OK.
[   18.038949] ca-pon: IRQ 14 setup successfully.
[   18.043451] ca-pon: init OK.
[   18.046317] [rtl8277c]:	_dal_rtl8277c_gpon_db_init 368 tcontId[0].phyTcontId=1
[   18.053525] [rtl8277c]:	_dal_rtl8277c_gpon_db_init 368 tcontId[1].phyTcontId=2
[   18.060729] [rtl8277c]:	_dal_rtl8277c_gpon_db_init 368 tcontId[2].phyTcontId=3
[   18.067946] [rtl8277c]:	_dal_rtl8277c_gpon_db_init 368 tcontId[3].phyTcontId=4
[   18.075165] [rtl8277c]:	_dal_rtl8277c_gpon_db_init 368 tcontId[4].phyTcontId=5
[   18.082358] [rtl8277c]:	_dal_rtl8277c_gpon_db_init 368 tcontId[5].phyTcontId=6
[   18.089580] [rtl8277c]:	_dal_rtl8277c_gpon_db_init 368 tcontId[6].phyTcontId=7
[   18.096791] [rtl8277c]:	_dal_rtl8277c_gpon_db_init 368 tcontId[7].phyTcontId=8
[   18.104002] [rtl8277c]:	_dal_rtl8277c_gpon_db_init 368 tcontId[8].phyTcontId=9
[   18.111202] [rtl8277c]:	_dal_rtl8277c_gpon_db_init 368 tcontId[9].phyTcontId=10
[   18.118511] [rtl8277c]:	_dal_rtl8277c_gpon_db_init 368 tcontId[10].phyTcontId=11
[   18.125895] [rtl8277c]:	_dal_rtl8277c_gpon_db_init 368 tcontId[11].phyTcontId=12
[   18.133268] [rtl8277c]:	_dal_rtl8277c_gpon_db_init 368 tcontId[12].phyTcontId=13
[   18.140666] [rtl8277c]:	_dal_rtl8277c_gpon_db_init 368 tcontId[13].phyTcontId=14
[   18.148049] [rtl8277c]:	_dal_rtl8277c_gpon_db_init 368 tcontId[14].phyTcontId=15
[   18.155435] [rtl8277c]:	_dal_rtl8277c_gpon_db_init 368 tcontId[15].phyTcontId=20
[   18.162809] [rtl8277c]:	_dal_rtl8277c_gpon_db_init 368 tcontId[16].phyTcontId=21
[   18.170204] [rtl8277c]:	_dal_rtl8277c_gpon_db_init 368 tcontId[17].phyTcontId=22
[   18.177589] [rtl8277c]:	_dal_rtl8277c_gpon_db_init 368 tcontId[18].phyTcontId=23
[   18.184973] [rtl8277c]:	_dal_rtl8277c_gpon_db_init 368 tcontId[19].phyTcontId=24
[   18.192347] [rtl8277c]:	_dal_rtl8277c_gpon_db_init 368 tcontId[20].phyTcontId=25
[   18.199753] [rtl8277c]:	_dal_rtl8277c_gpon_db_init 368 tcontId[21].phyTcontId=26
[   18.207129] [rtl8277c]:	_dal_rtl8277c_gpon_db_init 368 tcontId[22].phyTcontId=27
[   18.214513] [rtl8277c]:	_dal_rtl8277c_gpon_db_init 368 tcontId[23].phyTcontId=28
[   18.221887] [rtl8277c]:	_dal_rtl8277c_gpon_db_init 368 tcontId[24].phyTcontId=29
[   18.229283] [rtl8277c]:	_dal_rtl8277c_gpon_db_init 368 tcontId[25].phyTcontId=30
[   18.236668] [rtl8277c]:	_dal_rtl8277c_gpon_db_init 368 tcontId[26].phyTcontId=31
[   18.244051] [rtl8277c]:	_dal_rtl8277c_gpon_db_init 368 tcontId[27].phyTcontId=16
[   18.251425] [rtl8277c]:	_dal_rtl8277c_gpon_db_init 368 tcontId[28].phyTcontId=17
[   18.258822] [rtl8277c]:	_dal_rtl8277c_gpon_db_init 368 tcontId[29].phyTcontId=18
[   18.266206] [rtl8277c]:	_dal_rtl8277c_gpon_db_init 368 tcontId[30].phyTcontId=19
[   18.273908] omci platform db suc!
[   18.277059] ponPort:7 cpuPort:16 rgmiiPort:-1 uniPortMask:0x1007f  etherPortMask:0x7f
[   18.284893] omci platform attached!
[   18.288358] [nic_register_rxhook-178] portmask=ffffffff, pri:9, rx=(____ptrval____)
[   18.296009] insert here, priority: 9, portmask -1, rx: (____ptrval____)
Loading TR-142 Module...
[   18.449489] Realtek TR-142 Module initialized.
[   18.505626] [rtk_tr142_nl_recv_msg] rtk_tr142_nl_pid = 1584
[   18.513920] Set mapping_outermost_vlan_by_mac_from_lut to 0 OK.
TR142_FEATURE_API_INIT_LIB ret = 0
[rtk_tr142_debug_log_set] log_enable = 0
tr142_app app_log_enable = 0
running GPON mode ...
Loading Realtek IGMP/ MLD Snooping Module...
[   18.700586] multicast_moudle_init 
----- do_rc [/etc/init.d/rc10] -----
/etc/init.d/rc10: line 2: can't create /proc/sys/net/ipv4/netfilter/ip_conntrack_tcp_timeout_established: nonexistent directory
----- do_rc [/etc/init.d/rc14] -----
----- do_rc [/etc/init.d/rc18] -----
----- do_rc [/etc/init.d/rc20] -----
----- do_rc [/etc/init.d/rc32] -----
----- do_rc [/etc/init.d/rc34] -----
----- do_rc [/etc/init.d/rc35] -----
Start rtk_ramonitor daemon!
run rcm voip script...
ponmode PON_MODE=1
[setup_usock_thread:6518] Create new theread for usock
[setup_pushbtn_thread:5813] Create new theread for pushbtn
Input driver version is 1.0.1
<<<<<<<<<<< Si3228x Driver Version 9.1.0 >>>>>>>>>>

Input device ID--------------------------------------
: bus 0x19 vendorinit_spi_dev(index = 0)
 0x1 product 0x1 init_spi_dev(spi_dev (____ptrval____))
version 0x100
Inca_pmx_request_gpio: offset:62 reg_off:1c bit_off:2
put device name: Pull low GPIO 98 
"gpio-keys"
Supported events:
  Event type 0 (Sync)
  Event type 1 (Key)
    Event code 238 
    Event code 408 
    Event code 529 
  Event type 20 (Repeat)
Grab succeeded, ungrabbing.
Watchdog ping rate set to 6 seconds.
Watchdog Ticking Away!
argc 1, slicinitpower 1
Reset value to -1
Reset value to -1
Reset value to -1
Reset value to -1
Reset value to -1
Reset value to -1
Reset value to -1
Reset value to -1
Reset value to -1
Reset value to -1
0
Pull high GPIO 98 
Start SLIC init....
Start SLIC init....
Turn on phy power...
diable printk=  0  parameter is  0
WLAN0 Dispatch mode: 0, cpu: 0
WLAN1 Dispatch mode: 0, cpu: 0
[HWNAT] rtk_8277c_flow_init: ##### hash fib bits width: flow(type-0) act_mask 0x140000 (224 bits), type-1 act_mask 0x0 (0 bits), default act_mask 0xd0000 (80 bits)  @rtk_8277c_flow_init(3860)
[HWNAT] rtk_8277c_flow_hash_profile_init: ##### init hash profile 0 (RTK_8277C_FLOW_PROFILE_FLOW_5TUPLE), profile 0 hash_mask_idx = 0  @rtk_8277c_flow_hash_profile_init(3660)
/etc/scripts/boar[HWNAT] rtk_8277c_flow_hash_profile_init: ##### init hash profile 1 (RTK_8277C_FLOW_PROFILE_FLOW_2TUPLE), profile 0 hash_mask_idx = 1  @rtk_8277c_flow_hash_profile_init(3696)
d_init.sh: [HWNAT] rtk_8277c_flow_hash_profile_init: ##### init hash profile 2 (RTK_8277C_FLOW_PROFILE_FLOW_MC), profile 0 hash_mask_idx = 2  @rtk_8277c_flow_hash_profile_init(3715)
line 5: [HWNAT] rtk_8277c_flow_hash_profile_init: ##### init hash profile 2 (RTK_8277C_FLOW_PROFILE_FLOW_MC), profile 1 hash_mask_idx = 3  @rtk_8277c_flow_hash_profile_init(3740)
can't create /sys[HWNAT] rtk_8277c_flow_hash_profile_init: ##### init hash profile 3 (RTK_8277C_FLOW_PROFILE_FLOW_5TUPLE_TCP_FLAG0), profile 0 hash_mask_idx = 4  @rtk_8277c_flow_hash_profile_init(3783)
/class/leds/LED_U[HWNAT] rtk_8277c_flow_hash_profile_init: ##### init hash profile 4 (RTK_8277C_FLOW_PROFILE_DEFAULT_DROP), profile 0 hash_mask_idx = 5  @rtk_8277c_flow_hash_profile_init(3796)
SB0/device_name: nonexistent directory
/etc/scripts/board_init.sh: line 6: can't create /sys/class/leds/LED_USB1/device_name: nonexistent directory
RTK GLOBAL_GLOBAL_CONFIG: Power down offload1 cpu clock(PE1).
RTK GLOBAL_GLOBAL_CONFIG: Power down PCIE2 clock.
GLOBAL_PHY_CONTROL: 0x3040112. cfg_xfi0_10g put into reset.
GLOBAL_PHY_CONTROL: 0x3040110. cfg_xfi1_10g put into reset.
4 cpu
force_skip is 0 
sh (1805): drop_caches: 3
------- 8277(B) VM [rtk_tr142_veip_get_transparent_ifIndex] ifIndex = 0
Turning ----------------
   CMD: /bin/sh -c /bin/echo 7 nas0 > /proc/eth_nic/dev_port_mapping 
port 7 
assign to nas0
mapping root DEV=eth0 virtual DEV=nas0 to port 7
nas0 -> port 7
mapping root DEV=nas0 virtual DEV=nas0 to port 7
nas0 -> port 7
   CMD: /bin/sh -c echo 0x80 > /proc/fc/ctrl/wan_port_mask 
starting pid 1827, tty '/dev/ttyS0': '/bin/login -p'
   CMD: /bin/smuxctl --if nas0 --set-if-rsmux --set-if-rx-policy DROP --set-if-tx-policy CONTINUE --set-if-rxmc-policy DROP --set-if-rx-multi 1 
starting pid 1829, tty '': '/bin/inetd'
   CMD: /bin/sh -c echo auto_reserSet auto_reserve_vlan to 1 OK.
ve_vlan 1 > proc/rtk_smuxdev/configure 
   CMD: /bin/touch /var/wan_sockmark_file 
   CMD: /bin/ifconfig eth0.2 hw ether c8787d615a2e 
service /bin/dropbeca_ni_set_mac_address: i=0, cep->port_cfg.port_id[i]=0
ar port 22 tcp enca_ni_set_mac_address: i=1, cep->port_cfg.port_id[i]=1
abled
service /bca_ni_set_mac_address: i=2, cep->port_cfg.port_id[i]=2
in/telnetd port 2ca_ni_set_mac_address: i=3, cep->port_cfg.port_id[i]=3
3 tcp enabled
seca_ni_set_mac_address: i=4, cep->port_cfg.port_id[i]=4
rvice /bin/tftpd ca_ni_set_mac_address: i=5, cep->port_cfg.port_id[i]=6
port 69 udp enabled
   CMD: /bin/ica_ni_set_mac_address: i=0, cep->port_cfg.port_id[i]=0
fconfig eth0.3 hwca_ni_set_mac_address: i=1, cep->port_cfg.port_id[i]=1
 ether c8787d615aca_ni_set_mac_address: i=2, cep->port_cfg.port_id[i]=2
2e 
ca_ni_set_mac_address: i=3, cep->port_cfg.port_id[i]=3
ca_ni_set_mac_address: i=4, cep->port_cfg.port_id[i]=4
ca_ni_set_mac_address: i=5, cep->port_cfg.port_id[i]=6
   CMD: /bin/ifconfig eth0.4 hw etheca_ni_set_mac_address: i=0, cep->port_cfg.port_id[i]=0
r c8787d615a2e 
ca_ni_set_mac_address: i=1, cep->port_cfg.port_id[i]=1
ca_ni_set_mac_address: i=2, cep->port_cfg.port_id[i]=2
ca_ni_set_mac_address: i=3, cep->port_cfg.port_id[i]=3
ca_ni_set_mac_address: i=4, cep->port_cfg.port_id[i]=4
ca_ni_set_mac_address: i=5, cep->port_cfg.port_id[i]=6
   CMD: /bin/ifconfig eth0.5 hw etheca_ni_set_mac_address: i=0, cep->port_cfg.port_id[i]=0
r c8787d615a2e 
ca_ni_set_mac_address: i=1, cep->port_cfg.port_id[i]=1
ca_ni_set_mac_address: i=2, cep->port_cfg.port_id[i]=2
ca_ni_set_mac_address: i=3, cep->port_cfg.port_id[i]=3
ca_ni_set_mac_address: i=4, cep->port_cfg.port_id[i]=4
ca_ni_set_mac_address: i=5, cep->port_cfg.port_id[i]=6
<utility.c 1106 setup_mac_addr> macAddr[5]+1 = 2f
   CMD: /bin/ifconfig wlan0 hw ether c8787d615a2f 
   CMD: /bin/ifconfig wlan0 mtu 1500 
<utility.c 1106 setup_mac_addr> macAddr[5]+1 = 30
   CMD: /bin/ifconfig wlan0-vap0 hw ether c8787d615a30 
ifconfig: SIOCSIFHWADDR: No such device
   CMD: /bin/ifconfig wlan0-vap0 mtu 1500 
ifconfig: SIOCSIFMTU: No such device
<utility.c 1106 setup_mac_addr> macAddr[5]+1 = 31
   CMD: /bin/ifconfig wlan0-vap1 hw ether c8787d615a31 
ifconfig: SIOCSIFHWADDR: No such device
   CMD: /bin/ifconfig wlan0-vap1 mtu 1500 
ifconfig: SIOCSIFMTU: No such device
<utility.c 1106 setup_mac_addr> macAddr[5]+1 = 32
   CMD: /bin/ifconfig wlan0-vap2 hw ether c8787d615a32 
ifconfig: SIOCSIFHWADDR: No such device
   CMD: /bin/ifconfig wlan0-vap2 mtu 1500 
ifconfig: SIOCSIFMTU: No such device
<utility.c 1106 setup_mac_addr> macAddr[5]+1 = 33
   CMD: /bin/ifconfig wlan0-vap3 hw ether c8787d615a33 
ifconfig: SIOCSIFHWADDR: No such device
   CMD: /bin/ifconfig wlan0-vap3 mtu 1500 
ifconfig: SIOCSIFMTU: No such device
<utility.c 1106 setup_mac_addr> macAddr[5]+1 = 34
<utility.c 1106 setup_mac_addr> macAddr[5]+1 = 35
   CMD: /bin/ifconfig wlan1 hw ether c8787d615a35 
   CMD: /bin/ifconfig wlan1 mtu 1500 
<utility.c 1106 setup_mac_addr> macAddr[5]+1 = 36
   CMD: /bin/ifconfig wlan1-vap0 hw ether c8787d615a36 
login: ifconfig: SIOCSIFHWADDR: No such device
   CMD: /bin/ifconfig wlan1-vap0 mtu 1500 
ifconfig: SIOCSIFMTU: No such device
<utility.c 1106 setup_mac_addr> macAddr[5]+1 = 37
   CMD: /bin/ifconfig wlan1-vap1 hw ether c8787d615a37 
ifconfig: SIOCSIFHWADDR: No such device
   CMD: /bin/ifconfig wlan1-vap1 mtu 1500 
ifconfig: SIport 0 
assign to eth0.2
OCSIFMTU: No suchmapping root DEV=eth0 virtual DEV=eth0.2 to port 0
 device
th0.2 -> port 0
6m<utility.c 1106mapping root DEV=nas0 virtual DEV=eth0.2 to port 0
 setup_mac_addr> eth0.2 -> port 0
macAddr[5]+1 = 38
   CMD: /bin/ifconfig wlan1-vap2 hw ether c8787d6eth0.2 opened
15a38 
ifconfig: SIOCSIFHWADDR: No such device
   CMD: /bin/ifconfig wlan1-vap2 mtu 1500 
ifconfig: SIOCSIFMTU: No such device
<utility.c 1106 setup_mac_addr> macAddr[5]+1 = 39
   CMD: /bin/ifconfig wlan1-vap3 hw ether c8787d615a39 
ifconfig: SIOCSIFHWADDR: No such device
   CMD: /bin/ifconfig wlan1-vap3 mtu 1500 
ifconfig: SIOCSIFMTU: No such device
<utility.c 1106 setup_mac_addr> macAddr[5]+1 = 3a
   CMD: /bin/ifconfig eth0 up 
   CMD: /bin/ifconfig eth0 mtu 1500 
   CMD: /bin/sh -c /bin/echo 0 eth0.2 > /proc/eth_nic/dev_port_mapport 1 
ping 
   CMD: /bassign to eth0.3
in/sh -c echo ethmapping root DEV=eth0 virtual DEV=eth0.3 to port 1
0.2.0 0 >> /var/deth0.3 -> port 1
ev_port_mapping mapping root DEV=nas0 virtual DEV=eth0.3 to port 1

   CMD: /bin/ifceth0.3 -> port 1
onfig eth0.2 up 
   CMD: /bin/ifconfig eth0.2 mtu 1500 
   CMD: /bin/eth0.3 opened
smuxctl --if-create-name eth0.2 eth0.2.0 --set-if-rsmux 
   CMD: /bin/smuxctl --if eth0.2 --rx --tags 0 --set-rxif eth0.2.0 --rule-alias eth0.2-rx-default --rule-append 
   CMD:port 2 
assign to eth0.4
 /bin/sh -c /bin/mapping root DEV=eth0 virtual DEV=eth0.4 to port 2
echo 1 eth0.3 > /eth0.4 -> port 2
proc/eth_nic/dev_mapping root DEV=nas0 virtual DEV=eth0.4 to port 2
port_mapping 
  eth0.4 -> port 2
 CMD: /bin/sh -c echo eth0.3.0 1 >> /var/dev_port_mapping 
   CMD: /bieth0.4 opened
n/ifconfig eth0.3 up 
   CMD: /bin/ifconfig eth0.3 mtu 1500 
   CMD: /bin/smuxctl --if-create-name eth0.3 eth0.3.0 --set-ifSLIC0 ID: 
Si3227
-rsmux 
   CMD: SLIC1 ID: 
Si3227
/bin/smuxctl --ifport 3 
 eth0.3 --rx --taSi3228x_Init_with_Options(469) size = 2 init_opt = 0
gs 0 --set-rxif eassign to eth0.5
th0.3.0 --rule-alSiVoice: Channel 0: Type = PROSLIC Rev = 3
ias eth0.3-rx-defmapping root DEV=eth0 virtual DEV=eth0.5 to port 3
ault --rule-appenSiVoice: Channel 1: Type = PROSLIC Rev = 3
eth0.5 -> port 3
d 
   CMD: /bin/mapping root DEV=nas0 virtual DEV=eth0.5 to port 3
ProSLIC:loading patch: 05262017
sh -c /bin/echo 2eth0.5 -> port 3
 eth0.4 > /proc/eth_nic/dev_port_mapping 
   CMD: /bin/sh -c echo eth0eth0.5 opened
.4.0 2 >> /var/dev_port_mapping 
   CMD: /bin/ifconfig eth0.4 up 
   CMD: /bin/ifconfig eth0.4 mtu 1500 
   CMD: /bin/smuxctl --if-create-name eth0.4 eth0.4.0 --set-if-rsmux 
   CMD: /bin/smuxctl --if eth0.4 --rx --tags 0 --set-rxif eth0.4.0 --rule-alias eth0.4-rx-default --rule-append 
   CMD: /bin/sh -c /bin/echo 3 eth0.5 > /proc/eth_nic/dev_port_mapping 
   CMD: /bin/sh -c echo eth0.5.0 3 >> /var/dev_ca_ni_set_mac_address: i=0, cep->port_cfg.port_id[i]=7
port_mapping 
   CMD: /bin/ifconfig eth0.5 up 
   CMD: /bin/ifconfig eth0.5 mtu 1500 
   CMD: /bin/smuxctl --if-create-name eth0.5 eth0.5.0 --set-if-rsmux 
   CMD: /bin/smuxctl --if eth0.5 --rx --tags 0 --set-rxif eth0.5.0 --rule-alias eth0.5-rx-default --rule-append 
   CMD: /bin/brctl addbr br0 
   CMD: /bin/ifconfig br0 hw ether c8787d615a2e 
   CMD: /bin/ifconfig br0 mtu 1500 
   CMD: /bin/ifconfig eth0 hw ether c8787d615a2e 
   CMD: /bin/sh -c echo 1 > /proc/sys/net/ipv4/conf/br0/rp_filter 
[rtk_fc_stp_clean@3408]: ERROR! No such file or directory
[rtk_fc_stp_clean@3420]: ERROR! No such file or directory
   CMD: /bin/sh -c /bin/smuxctl --if eth0.2 --rx --tags 0  --rule-remove-alias STP-Rule+ 
   CMD: /bin/sh -c /bin/smuxctl --if eth0.2 --tx --tags 0  --rule-remove-alias STP-Rule+ 
   CMD: /bin/sh -c /bin/smuxctl --if eth0.2 --rx --tags 1  --rule-remove-alias STP-Rule+ 
   CMD: /bin/sh -c /bin/smuxctl --if eth0.2 --tx --tags 1  --rule-remove-alias STP-Rule+ 
4 cpu
   CMD: /bin/sh -c /bin/smuxctl --if eth0.2 --rx --tags 2  --rule-remove-alias STP-Rule+ 
   CMD: /bin/sh -c /bin/smuxctl --if eth0.2 --tx --tags 2  --rule-remove-alias STP-Rule+ 
   CMD: /bin/sh -c /bin/smuxctl --if eth0.3 --rx --tags 0  --rule-remove-alias STP-Rule+ 
   CMD: /bin/sh -c /bin/smuxctl --if eth0.3 --tx --tags 0  --rule-remove-alias STP-Rule+ 
   CMD: /bin/sh -c /bin/smuxctl --if eth0.3 --rx --tags 1  --rule-remove-alias STP-Rule+ 
   CMD: /bin/sh -c /bin/smuxctl --if eth0.3 --tx --tags 1  --rule-remove-alias STP-Rule+ 
   CMD: /bin/sh -c /bin/smuxctl --if eth0.3 --rx --tags 2  --rule-remove-alias STP-Rule+ 
   CMD: /bin/sh -c /bin/smuxctl --if eth0.3 --tx --tags 2  --rule-remove-alias STP-Rule+ 
   CMD: /bin/sh -c /bin/smuxctl --if eth0.4 --rx --tags 0  --rule-remove-alias STP-Rule+ 
   CMD: /bin/sh -c /bin/smuxctl --if eth0.4 --tx --tags 0  --rule-remove-alias STP-Rule+ 
   CMD: /bin/sh -c /bin/smuxctl --if eth0.4 --rx --tags 1  --rule-remove-alias STP-Rule+ 
   CMD: /bin/sh -c /bin/smuxctl --if eth0.4 --tx --tags 1  --rule-remove-alias STP-Rule+ 
   CMD: /bin/Si3228x: VBAT @ 50ms = 58.692 v
sh -c /bin/smuxctl --if eth0.4 --rxbr0: port 1(eth0.2.0) entered blocking state
 --tags 2  --rulebr0: port 1(eth0.2.0) entered disabled state
-remove-alias STPdevice eth0.2.0 entered promiscuous mode
-Rule+ 
   CMD: /bin/sh -c /bin/smuxctl --if eth0.4 --tx --tags 2  --rule-remove-alias STP-Rule+ 
   CMD: /bin/sh -c /bin/smuxctl --if eth0.5 --rx --tags 0  --rule-remove-alias STP-Rule+ 
   CMD: /bin/sh -c /bin/smuxctl --if eth0.5 --tx --tags 0  --rule-remove-alias STP-Rule+ 
   CMD: /bin/sh -c /bin/smuxctl --if eth0.5 --rx --tags 1  --rule-remove-alias STP-Rule+ 
   CMD: /bin/sh -c /bin/smuxctl --if eth0.5 --tx --tags 1  --rule-remove-alias STP-Rule+ 
   CMD: /bin/sh -c /bin/smuxctl --if etSi3228x: VBAT Up = 58.482 v
h0.5 --rx --tags 2  --rule-remove-alias STP-Rule+ 
   CMD: /bin/sh -c /bin/smuxctl --if eth0.5 --tx --tags 2  --rule-remove-alias STP-Rule+ 
   CMD: /bin/brctl stp br0 off 
   CMD: /bin/brctl setfd br0 1 
   CMD: /bin/brctl setageing br0 7200 
setupUniPortCapability:950 line is 2;2;2;2

setupUniPortCapability:954 pch is 2
setupUniPortCapability:1035 pch is 2, port 0, UNI_PORT_GE
setupUniPortCapability:954 pch is 2
setupUniPortCapability:1035 pch is 2, port 1, UNI_PORT_GE
setupUniPortCapability:954 pch is 2
setupUniPortCapability:1035 pch is 2, port 2, UNI_PORT_GE
setupUniPortCapability:954 pch is 2

setupUniPortCapability:1035 pch is 2
, port 3, UNI_PORT_GE
   CMD: /bin/ifconSi3228x: VBAT @ 50ms = 60.369 v
fig eth0.2.0 mtu 1500 
   CMD: /bin/brctl addif br0 eth0.2.0 
   CMD: /bin/ifconfig eth0.2.0 down 
   CMD: /bin/ifconfig eth0.2 down 
Si3228x: VBAT Up = 59.111 v
Si3228x: : ProSLIC initialization completed.
ProSLIC:Starting LB Cal on channel 0
ProSLIC:Starting LB Cal on channel 1
SLIC0 master state check pass!
SLIC1 master state check pass!
SLIC PCM Setup for CH0 ...
ProSLIC:PCMStart
OK
Set to LF_FWD_ACTIVE
SLIC PCM Setup for CH1 ...
ProSLIC:PCMStart
OK
Set to LF_FWD_ACTIVE
Init OK!
eth0.2 closed
All DSP Software Ready. VoIP Defer Init done. 
start watch dog
   CMDeth0.2 opened
: /bin/ifconfig eth0.2.0 up 
   CMD: /bin/ifconfig eth0.2 up 
[restart_ethernet@17346] eth0.2.0 is up 
getUniPortCapability:1230 line is 2;2;2;2

getUniPortCapability:1237 pch is 2, port is 0
   CMD: /bin/ifconfig eth0.3.0 mtu br0: port 2(eth0.3.0) entered blocking state
1500 
   CMD: /bbr0: port 2(eth0.3.0) entered disabled state
in/brctl addif brdevice eth0.3.0 entered promiscuous mode
0 eth0.3.0 
[sendMessageToLanNetInfo 19828]: get lannetinfo msgqueue error!
   CMD: /bin/ifconfig eth0.3.0 down 
   CMD: /bin/ifconfig eth0.3 down 
Testing ... (interrupt to exit)
eth0.3 closed
   CMD: /bin/ifconfig eth0.3.0 up 
   CMD: /bin/ifconfig eth0.3 up 
[seeth0.3 opened
ndMessageToLanNetInfo 19828]: get lannetinfo msgqueue error!
[restart_ethernet@17346] eth0.3.0 is up 
getUniPortCapability:1230 line is 2;2;2;2

getUniPortCapability:1237 pch is 2, port is 1
   CMD: /bin/ifconfig eth0.4.0 mtu 15br0: port 3(eth0.4.0) entered blocking state
00 
   CMD: /binbr0: port 3(eth0.4.0) entered disabled state
/brctl addif br0 device eth0.4.0 entered promiscuous mode
eth0.4.0 
/var/config/omci_ignore_mib_tbl.conf meClassId:255
/var/config/omci_ignore_mib_tbl.conf subTypeeth0.4 closed
:0
/var/config/omci_ignore_mib_tbl.conf meClassId:247
/var/config/omceth0.4 opened
i_ignore_mib_tbl.conf subType:0
/var/config/omci_ignore_mib_tbl.conf meClassId:65305
/var/config/omci_ignore_mib_tbl.conf subType:0
/var/config/omci_ignore_mib_tbl.conf meClassId:65417
/var/config/omci_ignore_mib_tbl.conf subTypebr0: port 4(eth0.5.0) entered blocking state
:0
/var/config/obr0: port 4(eth0.5.0) entered disabled state
mci_ignore_mib_tbdevice eth0.5.0 entered promiscuous mode
l.conf meClassId:65427
/var/config/omci_ignore_mib_tbl.conf subType:0eth0.5 closed

<fMgmtInit:601> is the so is not a regular file.
<fMgmtInit:601> is teth0.5 opened
he so is not a regular file.
<fMgmtInit:601> is the so is not a regular file.
   CMD: /bin/ifconfig eth0.4.0 down 
   CMD: /bin/ifconfig eth0.4 down 
   CMD: /bin/ifconfig eth0.4.0 up 
Module libomcivoip.so is loaded and inited
   CMD: /bin/ifconfig eth0.4 up 
[sendMessageToLanNetInfo 19828]: get lannetinfo msgqueue error!
[restart_ethernet@17346] eth0.4.0 is up 
getUniPortCapability:1230 line is 2;2;2;2

getUniPortCapability:1237 pch is 2, port is 2
[libtr142][OMCI] == rtk_tr142.so is loaded ==
[rtk_tr142_debug_log_set] log_enable = 0
Module libtr142.so is loaded and inited
   CMD: /bin/ifconfig eth0.5.0 mtu 1500 
   CMD: /bin/brctl addif br0 eth0.5.0 
launch /bin/VoIP_maserati at 25
load moduleOptInitFunc
Module /lib/features/internal/bdp_00000080.so is inited
   CMD: /bin/ifconfig eth0.5.0 down 
   CMD: /bin/ifconfig eth0.5 down 
   CMD: /bin/ifconfig eth0.5.0 up 
   CMD: /bin/ifconfig eth0.5 up 
[sendMessageToLanNetInfo 19828]: get lannetinfo msgqueue error!
[restart_ethernet@17346] eth0.5.0 is up 
getUniPortCapability:1230 line is 2;2;2;2

getUniPortCapability:1237 pch is 2
, port is 3
Module /lib/features/internal/rdp_00000004.so is inited
Module /lib/features/internal/me_00000100.so is inited
Module /lib/features/internal/me_00040000.so is inited
   CMD: /bin/sh -c echo 4 > /proc/sys/net/ipv6/conf/br0/dad_transmits 
Auto Link-Local Address for br0 
####################### voice_rtk_init_voip_cfg() #######################
startELan fail, plz check!
   CMD: /bin/iptables -P FORWARD DROP 
voip omci line state share size = 1400
codec_suporrt_list 1279
### voice_rtk_init_voip_cfg()###, pFlash=0x7f950abd80, g_pLineState=0x7f9548c000
voip flash client share size = 16001
waiting voip flash server init...)
omci_wrapper_msgHandler: devMode 1,receiveState 1,usrLogLvl 1, drvLogLvl 1,sn DLKI4aZ.
   CMD: /bin/ebtables -P FORWARD DROP 
[startup] 4225728 set_all_port_powerdown_state
rt_port_phyPowerDown_set(4, 0) failed: set_all_port_powerdown_state 1349
rt_port_phyPowerDown_set(5, 0) failed: set_all_port_powerdown_state 1349
rt_port_phyPowerDown_set(6, 0) failed: set_all_port_powerdown_state 1349
rt_port_phyPowerDown_set(7, 0) failed: set_all_port_powerdown_state 1349
MIB chain descriptors checking (total 100) ok !
[checkWanConfbyMode 2350]itfgroup=0x3ff7
[checkWanConfbyMode 2350]itfgroup=0x8
Ignore classId:65417
MIB_Table_Init Init mib table:mib_ExtendedIpHostCfgData_65417.so fail, error code is:1...
[checkWanConfbyMode 2350]itfgroup=0x0
[checkWanConfbyMode 2350]itfgroup=0x0
   CMD: /bin/sh -c echo 0 > /sys/class/leds/LED_LOS/brightness 
Ignore classId:287
MIB_Table_Init Init mib table:mib_ExtendedOnuGZTE.so fail, error code is:1...
<utility.c 1106 setup_mac_addr> macAddr[5]+1 = 2f
<utility.c 1106 setup_mac_addr> macAddr[5]+2 = 30
<utility.c 1106 setup_mac_addr> macAddr[5]+3 = 31
